Archive member included to satisfy reference by file (symbol)

c:/st/stm32cubeide_1.10.1/stm32cubeide/plugins/com.st.stm32cube.ide.mcu.externaltools.gnu-tools-for-stm32.10.3-2021.10.win32_1.0.200.202301161003/tools/bin/../lib/gcc/arm-none-eabi/10.3.1/../../../../arm-none-eabi/lib/thumb/v7e-m+dp/hard\libc_nano.a(lib_a-errno.o)
                              ./Core/Src/syscalls.o (__errno)
c:/st/stm32cubeide_1.10.1/stm32cubeide/plugins/com.st.stm32cube.ide.mcu.externaltools.gnu-tools-for-stm32.10.3-2021.10.win32_1.0.200.202301161003/tools/bin/../lib/gcc/arm-none-eabi/10.3.1/../../../../arm-none-eabi/lib/thumb/v7e-m+dp/hard\libc_nano.a(lib_a-exit.o)
                              c:/st/stm32cubeide_1.10.1/stm32cubeide/plugins/com.st.stm32cube.ide.mcu.externaltools.gnu-tools-for-stm32.10.3-2021.10.win32_1.0.200.202301161003/tools/bin/../lib/gcc/arm-none-eabi/10.3.1/../../../../arm-none-eabi/lib/thumb/v7e-m+dp/hard/crt0.o (exit)
c:/st/stm32cubeide_1.10.1/stm32cubeide/plugins/com.st.stm32cube.ide.mcu.externaltools.gnu-tools-for-stm32.10.3-2021.10.win32_1.0.200.202301161003/tools/bin/../lib/gcc/arm-none-eabi/10.3.1/../../../../arm-none-eabi/lib/thumb/v7e-m+dp/hard\libc_nano.a(lib_a-impure.o)
                              c:/st/stm32cubeide_1.10.1/stm32cubeide/plugins/com.st.stm32cube.ide.mcu.externaltools.gnu-tools-for-stm32.10.3-2021.10.win32_1.0.200.202301161003/tools/bin/../lib/gcc/arm-none-eabi/10.3.1/../../../../arm-none-eabi/lib/thumb/v7e-m+dp/hard\libc_nano.a(lib_a-exit.o) (_global_impure_ptr)
c:/st/stm32cubeide_1.10.1/stm32cubeide/plugins/com.st.stm32cube.ide.mcu.externaltools.gnu-tools-for-stm32.10.3-2021.10.win32_1.0.200.202301161003/tools/bin/../lib/gcc/arm-none-eabi/10.3.1/../../../../arm-none-eabi/lib/thumb/v7e-m+dp/hard\libc_nano.a(lib_a-init.o)
                              c:/st/stm32cubeide_1.10.1/stm32cubeide/plugins/com.st.stm32cube.ide.mcu.externaltools.gnu-tools-for-stm32.10.3-2021.10.win32_1.0.200.202301161003/tools/bin/../lib/gcc/arm-none-eabi/10.3.1/../../../../arm-none-eabi/lib/thumb/v7e-m+dp/hard/crt0.o (__libc_init_array)
c:/st/stm32cubeide_1.10.1/stm32cubeide/plugins/com.st.stm32cube.ide.mcu.externaltools.gnu-tools-for-stm32.10.3-2021.10.win32_1.0.200.202301161003/tools/bin/../lib/gcc/arm-none-eabi/10.3.1/../../../../arm-none-eabi/lib/thumb/v7e-m+dp/hard\libc_nano.a(lib_a-memset.o)
                              c:/st/stm32cubeide_1.10.1/stm32cubeide/plugins/com.st.stm32cube.ide.mcu.externaltools.gnu-tools-for-stm32.10.3-2021.10.win32_1.0.200.202301161003/tools/bin/../lib/gcc/arm-none-eabi/10.3.1/../../../../arm-none-eabi/lib/thumb/v7e-m+dp/hard/crt0.o (memset)
c:/st/stm32cubeide_1.10.1/stm32cubeide/plugins/com.st.stm32cube.ide.mcu.externaltools.gnu-tools-for-stm32.10.3-2021.10.win32_1.0.200.202301161003/tools/bin/../lib/gcc/arm-none-eabi/10.3.1/thumb/v7e-m+dp/hard\libgcc.a(_aeabi_uldivmod.o)
                              ./Drivers/STM32H7xx_HAL_Driver/Src/stm32h7xx_hal_uart.o (__aeabi_uldivmod)
c:/st/stm32cubeide_1.10.1/stm32cubeide/plugins/com.st.stm32cube.ide.mcu.externaltools.gnu-tools-for-stm32.10.3-2021.10.win32_1.0.200.202301161003/tools/bin/../lib/gcc/arm-none-eabi/10.3.1/thumb/v7e-m+dp/hard\libgcc.a(_udivmoddi4.o)
                              c:/st/stm32cubeide_1.10.1/stm32cubeide/plugins/com.st.stm32cube.ide.mcu.externaltools.gnu-tools-for-stm32.10.3-2021.10.win32_1.0.200.202301161003/tools/bin/../lib/gcc/arm-none-eabi/10.3.1/thumb/v7e-m+dp/hard\libgcc.a(_aeabi_uldivmod.o) (__udivmoddi4)
c:/st/stm32cubeide_1.10.1/stm32cubeide/plugins/com.st.stm32cube.ide.mcu.externaltools.gnu-tools-for-stm32.10.3-2021.10.win32_1.0.200.202301161003/tools/bin/../lib/gcc/arm-none-eabi/10.3.1/thumb/v7e-m+dp/hard\libgcc.a(_dvmd_tls.o)
                              c:/st/stm32cubeide_1.10.1/stm32cubeide/plugins/com.st.stm32cube.ide.mcu.externaltools.gnu-tools-for-stm32.10.3-2021.10.win32_1.0.200.202301161003/tools/bin/../lib/gcc/arm-none-eabi/10.3.1/thumb/v7e-m+dp/hard\libgcc.a(_aeabi_uldivmod.o) (__aeabi_ldiv0)

Discarded input sections

 .text          0x0000000000000000        0x0 c:/st/stm32cubeide_1.10.1/stm32cubeide/plugins/com.st.stm32cube.ide.mcu.externaltools.gnu-tools-for-stm32.10.3-2021.10.win32_1.0.200.202301161003/tools/bin/../lib/gcc/arm-none-eabi/10.3.1/thumb/v7e-m+dp/hard/crti.o
 .data          0x0000000000000000        0x0 c:/st/stm32cubeide_1.10.1/stm32cubeide/plugins/com.st.stm32cube.ide.mcu.externaltools.gnu-tools-for-stm32.10.3-2021.10.win32_1.0.200.202301161003/tools/bin/../lib/gcc/arm-none-eabi/10.3.1/thumb/v7e-m+dp/hard/crti.o
 .bss           0x0000000000000000        0x0 c:/st/stm32cubeide_1.10.1/stm32cubeide/plugins/com.st.stm32cube.ide.mcu.externaltools.gnu-tools-for-stm32.10.3-2021.10.win32_1.0.200.202301161003/tools/bin/../lib/gcc/arm-none-eabi/10.3.1/thumb/v7e-m+dp/hard/crti.o
[...]
Memory Configuration

Name             Origin             Length             Attributes
ITCMRAM          0x0000000000000000 0x0000000000010000 xrw
DTCMRAM          0x0000000020000000 0x0000000000020000 xrw
FLASH            0x0000000008000000 0x0000000000100000 xr
RAM_D1           0x0000000024000000 0x0000000000050000 xrw
RAM_D2           0x0000000030000000 0x0000000000008000 xrw
RAM_D3           0x0000000038000000 0x0000000000004000 xrw
*default*        0x0000000000000000 0xffffffffffffffff

Linker script and memory map

LOAD c:/st/stm32cubeide_1.10.1/stm32cubeide/plugins/com.st.stm32cube.ide.mcu.externaltools.gnu-tools-for-stm32.10.3-2021.10.win32_1.0.200.202301161003/tools/bin/../lib/gcc/arm-none-eabi/10.3.1/thumb/v7e-m+dp/hard/crti.o
LOAD c:/st/stm32cubeide_1.10.1/stm32cubeide/plugins/com.st.stm32cube.ide.mcu.externaltools.gnu-tools-for-stm32.10.3-2021.10.win32_1.0.200.202301161003/tools/bin/../lib/gcc/arm-none-eabi/10.3.1/thumb/v7e-m+dp/hard/crtbegin.o
LOAD c:/st/stm32cubeide_1.10.1/stm32cubeide/plugins/com.st.stm32cube.ide.mcu.externaltools.gnu-tools-for-stm32.10.3-2021.10.win32_1.0.200.202301161003/tools/bin/../lib/gcc/arm-none-eabi/10.3.1/../../../../arm-none-eabi/lib/thumb/v7e-m+dp/hard/crt0.o
LOAD ./Core/Src/main.o
LOAD ./Core/Src/stm32h7xx_hal_msp.o
LOAD ./Core/Src/stm32h7xx_it.o
LOAD ./Core/Src/syscalls.o
LOAD ./Core/Src/sysmem.o
LOAD ./Core/Src/system_stm32h7xx.o
LOAD ./Core/Startup/startup_stm32h723zgtx.o
LOAD ./Drivers/STM32H7xx_HAL_Driver/Src/stm32h7xx_hal.o
LOAD ./Drivers/STM32H7xx_HAL_Driver/Src/stm32h7xx_hal_adc.o
LOAD ./Drivers/STM32H7xx_HAL_Driver/Src/stm32h7xx_hal_adc_ex.o
LOAD ./Drivers/STM32H7xx_HAL_Driver/Src/stm32h7xx_hal_cortex.o
LOAD ./Drivers/STM32H7xx_HAL_Driver/Src/stm32h7xx_hal_dma.o
LOAD ./Drivers/STM32H7xx_HAL_Driver/Src/stm32h7xx_hal_dma_ex.o
LOAD ./Drivers/STM32H7xx_HAL_Driver/Src/stm32h7xx_hal_eth.o
LOAD ./Drivers/STM32H7xx_HAL_Driver/Src/stm32h7xx_hal_eth_ex.o
LOAD ./Drivers/STM32H7xx_HAL_Driver/Src/stm32h7xx_hal_exti.o
LOAD ./Drivers/STM32H7xx_HAL_Driver/Src/stm32h7xx_hal_flash.o
LOAD ./Drivers/STM32H7xx_HAL_Driver/Src/stm32h7xx_hal_flash_ex.o
LOAD ./Drivers/STM32H7xx_HAL_Driver/Src/stm32h7xx_hal_gpio.o
LOAD ./Drivers/STM32H7xx_HAL_Driver/Src/stm32h7xx_hal_hsem.o
LOAD ./Drivers/STM32H7xx_HAL_Driver/Src/stm32h7xx_hal_i2c.o
LOAD ./Drivers/STM32H7xx_HAL_Driver/Src/stm32h7xx_hal_i2c_ex.o
LOAD ./Drivers/STM32H7xx_HAL_Driver/Src/stm32h7xx_hal_mdma.o
LOAD ./Drivers/STM32H7xx_HAL_Driver/Src/stm32h7xx_hal_pwr.o
LOAD ./Drivers/STM32H7xx_HAL_Driver/Src/stm32h7xx_hal_pwr_ex.o
LOAD ./Drivers/STM32H7xx_HAL_Driver/Src/stm32h7xx_hal_rcc.o
LOAD ./Drivers/STM32H7xx_HAL_Driver/Src/stm32h7xx_hal_rcc_ex.o
LOAD ./Drivers/STM32H7xx_HAL_Driver/Src/stm32h7xx_hal_tim.o
LOAD ./Drivers/STM32H7xx_HAL_Driver/Src/stm32h7xx_hal_tim_ex.o
LOAD ./Drivers/STM32H7xx_HAL_Driver/Src/stm32h7xx_hal_uart.o
LOAD ./Drivers/STM32H7xx_HAL_Driver/Src/stm32h7xx_hal_uart_ex.o
START GROUP
LOAD c:/st/stm32cubeide_1.10.1/stm32cubeide/plugins/com.st.stm32cube.ide.mcu.externaltools.gnu-tools-for-stm32.10.3-2021.10.win32_1.0.200.202301161003/tools/bin/../lib/gcc/arm-none-eabi/10.3.1/../../../../arm-none-eabi/lib/thumb/v7e-m+dp/hard\libc_nano.a
LOAD c:/st/stm32cubeide_1.10.1/stm32cubeide/plugins/com.st.stm32cube.ide.mcu.externaltools.gnu-tools-for-stm32.10.3-2021.10.win32_1.0.200.202301161003/tools/bin/../lib/gcc/arm-none-eabi/10.3.1/../../../../arm-none-eabi/lib/thumb/v7e-m+dp/hard\libm.a
END GROUP
START GROUP
LOAD c:/st/stm32cubeide_1.10.1/stm32cubeide/plugins/com.st.stm32cube.ide.mcu.externaltools.gnu-tools-for-stm32.10.3-2021.10.win32_1.0.200.202301161003/tools/bin/../lib/gcc/arm-none-eabi/10.3.1/thumb/v7e-m+dp/hard\libgcc.a
LOAD c:/st/stm32cubeide_1.10.1/stm32cubeide/plugins/com.st.stm32cube.ide.mcu.externaltools.gnu-tools-for-stm32.10.3-2021.10.win32_1.0.200.202301161003/tools/bin/../lib/gcc/arm-none-eabi/10.3.1/../../../../arm-none-eabi/lib/thumb/v7e-m+dp/hard\libc_nano.a
END GROUP
START GROUP
LOAD c:/st/stm32cubeide_1.10.1/stm32cubeide/plugins/com.st.stm32cube.ide.mcu.externaltools.gnu-tools-for-stm32.10.3-2021.10.win32_1.0.200.202301161003/tools/bin/../lib/gcc/arm-none-eabi/10.3.1/thumb/v7e-m+dp/hard\libgcc.a
LOAD c:/st/stm32cubeide_1.10.1/stm32cubeide/plugins/com.st.stm32cube.ide.mcu.externaltools.gnu-tools-for-stm32.10.3-2021.10.win32_1.0.200.202301161003/tools/bin/../lib/gcc/arm-none-eabi/10.3.1/../../../../arm-none-eabi/lib/thumb/v7e-m+dp/hard\libc_nano.a
LOAD c:/st/stm32cubeide_1.10.1/stm32cubeide/plugins/com.st.stm32cube.ide.mcu.externaltools.gnu-tools-for-stm32.10.3-2021.10.win32_1.0.200.202301161003/tools/bin/../lib/gcc/arm-none-eabi/10.3.1/../../../../arm-none-eabi/lib/thumb/v7e-m+dp/hard\libnosys.a
END GROUP
START GROUP
LOAD c:/st/stm32cubeide_1.10.1/stm32cubeide/plugins/com.st.stm32cube.ide.mcu.externaltools.gnu-tools-for-stm32.10.3-2021.10.win32_1.0.200.202301161003/tools/bin/../lib/gcc/arm-none-eabi/10.3.1/thumb/v7e-m+dp/hard\libgcc.a
LOAD c:/st/stm32cubeide_1.10.1/stm32cubeide/plugins/com.st.stm32cube.ide.mcu.externaltools.gnu-tools-for-stm32.10.3-2021.10.win32_1.0.200.202301161003/tools/bin/../lib/gcc/arm-none-eabi/10.3.1/../../../../arm-none-eabi/lib/thumb/v7e-m+dp/hard\libc_nano.a
LOAD c:/st/stm32cubeide_1.10.1/stm32cubeide/plugins/com.st.stm32cube.ide.mcu.externaltools.gnu-tools-for-stm32.10.3-2021.10.win32_1.0.200.202301161003/tools/bin/../lib/gcc/arm-none-eabi/10.3.1/../../../../arm-none-eabi/lib/thumb/v7e-m+dp/hard\libnosys.a
END GROUP
LOAD c:/st/stm32cubeide_1.10.1/stm32cubeide/plugins/com.st.stm32cube.ide.mcu.externaltools.gnu-tools-for-stm32.10.3-2021.10.win32_1.0.200.202301161003/tools/bin/../lib/gcc/arm-none-eabi/10.3.1/thumb/v7e-m+dp/hard/crtend.o
LOAD c:/st/stm32cubeide_1.10.1/stm32cubeide/plugins/com.st.stm32cube.ide.mcu.externaltools.gnu-tools-for-stm32.10.3-2021.10.win32_1.0.200.202301161003/tools/bin/../lib/gcc/arm-none-eabi/10.3.1/thumb/v7e-m+dp/hard/crtn.o
                0x0000000024050000                _estack = (ORIGIN (RAM_D1) + LENGTH (RAM_D1))
                0x0000000000000200                _Min_Heap_Size = 0x200
                0x0000000000000400                _Min_Stack_Size = 0x400

.isr_vector     0x0000000008000000      0x2cc
                0x0000000008000000                . = ALIGN (0x4)
 *(.isr_vector)
 .isr_vector    0x0000000008000000      0x2cc ./Core/Startup/startup_stm32h723zgtx.o
                0x0000000008000000                g_pfnVectors
                0x00000000080002cc                . = ALIGN (0x4)

.text           0x00000000080002cc     0x77fc
                0x00000000080002cc                . = ALIGN (0x4)
 *(.text)
 .text          0x00000000080002cc       0x40 c:/st/stm32cubeide_1.10.1/stm32cubeide/plugins/com.st.stm32cube.ide.mcu.externaltools.gnu-tools-for-stm32.10.3-2021.10.win32_1.0.200.202301161003/tools/bin/../lib/gcc/arm-none-eabi/10.3.1/thumb/v7e-m+dp/hard/crtbegin.o
 .text          0x000000000800030c       0x30 c:/st/stm32cubeide_1.10.1/stm32cubeide/plugins/com.st.stm32cube.ide.mcu.externaltools.gnu-tools-for-stm32.10.3-2021.10.win32_1.0.200.202301161003/tools/bin/../lib/gcc/arm-none-eabi/10.3.1/thumb/v7e-m+dp/hard\libgcc.a(_aeabi_uldivmod.o)
                0x000000000800030c                __aeabi_uldivmod
 .text          0x000000000800033c      0x2d0 c:/st/stm32cubeide_1.10.1/stm32cubeide/plugins/com.st.stm32cube.ide.mcu.externaltools.gnu-tools-for-stm32.10.3-2021.10.win32_1.0.200.202301161003/tools/bin/../lib/gcc/arm-none-eabi/10.3.1/thumb/v7e-m+dp/hard\libgcc.a(_udivmoddi4.o)
                0x000000000800033c                __udivmoddi4
 .text          0x000000000800060c        0x4 c:/st/stm32cubeide_1.10.1/stm32cubeide/plugins/com.st.stm32cube.ide.mcu.externaltools.gnu-tools-for-stm32.10.3-2021.10.win32_1.0.200.202301161003/tools/bin/../lib/gcc/arm-none-eabi/10.3.1/thumb/v7e-m+dp/hard\libgcc.a(_dvmd_tls.o)
                0x000000000800060c                __aeabi_idiv0
                0x000000000800060c                __aeabi_ldiv0
 *(.text*)
 .text.main     0x0000000008000610       0x70 ./Core/Src/main.o
                0x0000000008000610                main
 .text.SystemClock_Config
                0x0000000008000680       0xf4 ./Core/Src/main.o
                0x0000000008000680                SystemClock_Config
 .text.MX_ADC1_Init
                0x0000000008000774       0xf0 ./Core/Src/main.o
 .text.MX_ETH_Init
                0x0000000008000864       0x98 ./Core/Src/main.o
 .text.MX_USART3_UART_Init
                0x00000000080008fc       0x98 ./Core/Src/main.o
 .text.MX_USB_OTG_HS_USB_Init
                0x0000000008000994        0xe ./Core/Src/main.o
 *fill*         0x00000000080009a2        0x2 
 .text.MX_GPIO_Init
                0x00000000080009a4      0x234 ./Core/Src/main.o
 .text.Error_Handler
                0x0000000008000bd8        0xa ./Core/Src/main.o
                0x0000000008000bd8                Error_Handler
 *fill*         0x0000000008000be2        0x2 
 .text.HAL_MspInit
                0x0000000008000be4       0x34 ./Core/Src/stm32h7xx_hal_msp.o
                0x0000000008000be4                HAL_MspInit
 .text.HAL_ADC_MspInit
                0x0000000008000c18       0xe0 ./Core/Src/stm32h7xx_hal_msp.o
                0x0000000008000c18                HAL_ADC_MspInit
 .text.HAL_ETH_MspInit
                0x0000000008000cf8      0x19c ./Core/Src/stm32h7xx_hal_msp.o
                0x0000000008000cf8                HAL_ETH_MspInit
 .text.HAL_UART_MspInit
                0x0000000008000e94       0xcc ./Core/Src/stm32h7xx_hal_msp.o
                0x0000000008000e94                HAL_UART_MspInit
 .text.NMI_Handler
                0x0000000008000f60        0x6 ./Core/Src/stm32h7xx_it.o
                0x0000000008000f60                NMI_Handler
 .text.HardFault_Handler
                0x0000000008000f66        0x6 ./Core/Src/stm32h7xx_it.o
                0x0000000008000f66                HardFault_Handler
 .text.MemManage_Handler
                0x0000000008000f6c        0x6 ./Core/Src/stm32h7xx_it.o
                0x0000000008000f6c                MemManage_Handler
 .text.BusFault_Handler
                0x0000000008000f72        0x6 ./Core/Src/stm32h7xx_it.o
                0x0000000008000f72                BusFault_Handler
 .text.UsageFault_Handler
                0x0000000008000f78        0x6 ./Core/Src/stm32h7xx_it.o
                0x0000000008000f78                UsageFault_Handler
 .text.SVC_Handler
                0x0000000008000f7e        0xe ./Core/Src/stm32h7xx_it.o
                0x0000000008000f7e                SVC_Handler
 .text.DebugMon_Handler
                0x0000000008000f8c        0xe ./Core/Src/stm32h7xx_it.o
                0x0000000008000f8c                DebugMon_Handler
 .text.PendSV_Handler
                0x0000000008000f9a        0xe ./Core/Src/stm32h7xx_it.o
                0x0000000008000f9a                PendSV_Handler
 .text.SysTick_Handler
                0x0000000008000fa8        0xc ./Core/Src/stm32h7xx_it.o
                0x0000000008000fa8                SysTick_Handler
 .text.SystemInit
                0x0000000008000fb4       0xf0 ./Core/Src/system_stm32h7xx.o
                0x0000000008000fb4                SystemInit
 .text.Reset_Handler
                0x00000000080010a4       0x50 ./Core/Startup/startup_stm32h723zgtx.o
                0x00000000080010a4                Reset_Handler
 .text.Default_Handler
                0x00000000080010f4        0x2 ./Core/Startup/startup_stm32h723zgtx.o
                0x00000000080010f4                RTC_Alarm_IRQHandler
                0x00000000080010f4                EXTI2_IRQHandler
                0x00000000080010f4                TIM8_CC_IRQHandler
                0x00000000080010f4                UART8_IRQHandler
                0x00000000080010f4                SPI4_IRQHandler
                0x00000000080010f4                FDCAN3_IT0_IRQHandler
                0x00000000080010f4                TIM1_CC_IRQHandler
                0x00000000080010f4                BDMA_Channel6_IRQHandler
                0x00000000080010f4                DMA2_Stream5_IRQHandler
                0x00000000080010f4                DMA1_Stream5_IRQHandler
                0x00000000080010f4                CORDIC_IRQHandler
                0x00000000080010f4                BDMA_Channel1_IRQHandler
                0x00000000080010f4                TAMP_STAMP_IRQHandler
                0x00000000080010f4                EXTI3_IRQHandler
                0x00000000080010f4                LPTIM4_IRQHandler
                0x00000000080010f4                TIM8_TRG_COM_TIM14_IRQHandler
                0x00000000080010f4                LPTIM2_IRQHandler
                0x00000000080010f4                DFSDM1_FLT1_IRQHandler
                0x00000000080010f4                DMAMUX2_OVR_IRQHandler
                0x00000000080010f4                TIM8_UP_TIM13_IRQHandler
                0x00000000080010f4                I2C3_ER_IRQHandler
                0x00000000080010f4                DFSDM1_FLT2_IRQHandler
                0x00000000080010f4                I2C5_EV_IRQHandler
                0x00000000080010f4                USART10_IRQHandler
                0x00000000080010f4                MDMA_IRQHandler
                0x00000000080010f4                LPTIM3_IRQHandler
                0x00000000080010f4                HSEM1_IRQHandler
                0x00000000080010f4                EXTI0_IRQHandler
                0x00000000080010f4                I2C2_EV_IRQHandler
                0x00000000080010f4                DMA1_Stream2_IRQHandler
                0x00000000080010f4                FPU_IRQHandler
                0x00000000080010f4                OTG_HS_WKUP_IRQHandler
                0x00000000080010f4                FDCAN1_IT1_IRQHandler
                0x00000000080010f4                LTDC_ER_IRQHandler
                0x00000000080010f4                DMA2_Stream2_IRQHandler
                0x00000000080010f4                SPI1_IRQHandler
                0x00000000080010f4                OCTOSPI1_IRQHandler
                0x00000000080010f4                TIM6_DAC_IRQHandler
                0x00000000080010f4                DMA2_Stream3_IRQHandler
                0x00000000080010f4                OCTOSPI2_IRQHandler
                0x00000000080010f4                DFSDM1_FLT3_IRQHandler
                0x00000000080010f4                TIM23_IRQHandler
                0x00000000080010f4                USART6_IRQHandler
                0x00000000080010f4                TIM17_IRQHandler
                0x00000000080010f4                USART3_IRQHandler
                0x00000000080010f4                BDMA_Channel7_IRQHandler
                0x00000000080010f4                LPTIM5_IRQHandler
                0x00000000080010f4                UART5_IRQHandler
                0x00000000080010f4                ADC3_IRQHandler
                0x00000000080010f4                DMA2_Stream0_IRQHandler
                0x00000000080010f4                TIM4_IRQHandler
                0x00000000080010f4                BDMA_Channel2_IRQHandler
                0x00000000080010f4                I2C1_EV_IRQHandler
                0x00000000080010f4                DMA1_Stream6_IRQHandler
                0x00000000080010f4                DMAMUX1_OVR_IRQHandler
                0x00000000080010f4                DMA1_Stream1_IRQHandler
                0x00000000080010f4                TIM16_IRQHandler
                0x00000000080010f4                UART4_IRQHandler
                0x00000000080010f4                BDMA_Channel5_IRQHandler
                0x00000000080010f4                TIM3_IRQHandler
                0x00000000080010f4                RCC_IRQHandler
                0x00000000080010f4                UART9_IRQHandler
                0x00000000080010f4                TIM8_BRK_TIM12_IRQHandler
                0x00000000080010f4                TIM1_TRG_COM_IRQHandler
                0x00000000080010f4                Default_Handler
                0x00000000080010f4                ECC_IRQHandler
                0x00000000080010f4                FMAC_IRQHandler
                0x00000000080010f4                CEC_IRQHandler
                0x00000000080010f4                EXTI15_10_IRQHandler
                0x00000000080010f4                BDMA_Channel0_IRQHandler
                0x00000000080010f4                ADC_IRQHandler
                0x00000000080010f4                I2C5_ER_IRQHandler
                0x00000000080010f4                DMA1_Stream7_IRQHandler
                0x00000000080010f4                SPI5_IRQHandler
                0x00000000080010f4                TIM7_IRQHandler
                0x00000000080010f4                FDCAN3_IT1_IRQHandler
                0x00000000080010f4                SDMMC1_IRQHandler
                0x00000000080010f4                TIM5_IRQHandler
                0x00000000080010f4                DMA2_Stream7_IRQHandler
                0x00000000080010f4                TIM15_IRQHandler
                0x00000000080010f4                PVD_AVD_IRQHandler
                0x00000000080010f4                I2C3_EV_IRQHandler
                0x00000000080010f4                EXTI9_5_IRQHandler
                0x00000000080010f4                RTC_WKUP_IRQHandler
                0x00000000080010f4                LTDC_IRQHandler
                0x00000000080010f4                ETH_WKUP_IRQHandler
                0x00000000080010f4                SPDIF_RX_IRQHandler
                0x00000000080010f4                SPI2_IRQHandler
                0x00000000080010f4                OTG_HS_EP1_IN_IRQHandler
                0x00000000080010f4                DMA1_Stream0_IRQHandler
                0x00000000080010f4                TIM24_IRQHandler
                0x00000000080010f4                CRS_IRQHandler
                0x00000000080010f4                EXTI4_IRQHandler
                0x00000000080010f4                RNG_IRQHandler
                0x00000000080010f4                FDCAN2_IT1_IRQHandler
                0x00000000080010f4                ETH_IRQHandler
                0x00000000080010f4                TIM1_UP_IRQHandler
                0x00000000080010f4                BDMA_Channel4_IRQHandler
                0x00000000080010f4                OTG_HS_EP1_OUT_IRQHandler
                0x00000000080010f4                WWDG_IRQHandler
                0x00000000080010f4                SPI6_IRQHandler
                0x00000000080010f4                MDIOS_IRQHandler
                0x00000000080010f4                I2C4_EV_IRQHandler
                0x00000000080010f4                FDCAN2_IT0_IRQHandler
                0x00000000080010f4                LPUART1_IRQHandler
                0x00000000080010f4                FDCAN1_IT0_IRQHandler
                0x00000000080010f4                TIM2_IRQHandler
                0x00000000080010f4                OTG_HS_IRQHandler
                0x00000000080010f4                DMA2D_IRQHandler
                0x00000000080010f4                TIM1_BRK_IRQHandler
                0x00000000080010f4                EXTI1_IRQHandler
                0x00000000080010f4                SDMMC2_IRQHandler
                0x00000000080010f4                BDMA_Channel3_IRQHandler
                0x00000000080010f4                DTS_IRQHandler
                0x00000000080010f4                UART7_IRQHandler
                0x00000000080010f4                MDIOS_WKUP_IRQHandler
                0x00000000080010f4                USART2_IRQHandler
                0x00000000080010f4                DFSDM1_FLT0_IRQHandler
                0x00000000080010f4                SAI4_IRQHandler
                0x00000000080010f4                I2C2_ER_IRQHandler
                0x00000000080010f4                DMA2_Stream1_IRQHandler
                0x00000000080010f4                FLASH_IRQHandler
                0x00000000080010f4                DMA2_Stream4_IRQHandler
                0x00000000080010f4                USART1_IRQHandler
                0x00000000080010f4                SPI3_IRQHandler
                0x00000000080010f4                WAKEUP_PIN_IRQHandler
                0x00000000080010f4                DMA1_Stream4_IRQHandler
                0x00000000080010f4                I2C1_ER_IRQHandler
                0x00000000080010f4                FMC_IRQHandler
                0x00000000080010f4                FDCAN_CAL_IRQHandler
                0x00000000080010f4                SWPMI1_IRQHandler
                0x00000000080010f4                COMP1_IRQHandler
                0x00000000080010f4                LPTIM1_IRQHandler
                0x00000000080010f4                DCMI_PSSI_IRQHandler
                0x00000000080010f4                I2C4_ER_IRQHandler
                0x00000000080010f4                DMA2_Stream6_IRQHandler
                0x00000000080010f4                SAI1_IRQHandler
                0x00000000080010f4                DMA1_Stream3_IRQHandler
 *fill*         0x00000000080010f6        0x2 
 .text.HAL_Init
                0x00000000080010f8       0x78 ./Drivers/STM32H7xx_HAL_Driver/Src/stm32h7xx_hal.o
                0x00000000080010f8                HAL_Init
 .text.HAL_InitTick
                0x0000000008001170       0x6c ./Drivers/STM32H7xx_HAL_Driver/Src/stm32h7xx_hal.o
                0x0000000008001170                HAL_InitTick
 .text.HAL_IncTick
                0x00000000080011dc       0x28 ./Drivers/STM32H7xx_HAL_Driver/Src/stm32h7xx_hal.o
                0x00000000080011dc                HAL_IncTick
 .text.HAL_GetTick
                0x0000000008001204       0x18 ./Drivers/STM32H7xx_HAL_Driver/Src/stm32h7xx_hal.o
                0x0000000008001204                HAL_GetTick
 .text.HAL_Delay
                0x000000000800121c       0x48 ./Drivers/STM32H7xx_HAL_Driver/Src/stm32h7xx_hal.o
                0x000000000800121c                HAL_Delay
 .text.HAL_SYSCFG_ETHInterfaceSelect
                0x0000000008001264       0x28 ./Drivers/STM32H7xx_HAL_Driver/Src/stm32h7xx_hal.o
                0x0000000008001264                HAL_SYSCFG_ETHInterfaceSelect
 .text.LL_ADC_SetCommonClock
                0x000000000800128c       0x26 ./Drivers/STM32H7xx_HAL_Driver/Src/stm32h7xx_hal_adc.o
 .text.LL_ADC_SetCommonPathInternalCh
                0x00000000080012b2       0x26 ./Drivers/STM32H7xx_HAL_Driver/Src/stm32h7xx_hal_adc.o
 .text.LL_ADC_GetCommonPathInternalCh
                0x00000000080012d8       0x1c ./Drivers/STM32H7xx_HAL_Driver/Src/stm32h7xx_hal_adc.o
 .text.LL_ADC_SetOffset
                0x00000000080012f4       0x64 ./Drivers/STM32H7xx_HAL_Driver/Src/stm32h7xx_hal_adc.o
 .text.LL_ADC_GetOffsetChannel
                0x0000000008001358       0x2c ./Drivers/STM32H7xx_HAL_Driver/Src/stm32h7xx_hal_adc.o
 .text.LL_ADC_SetDataRightShift
                0x0000000008001384       0x32 ./Drivers/STM32H7xx_HAL_Driver/Src/stm32h7xx_hal_adc.o
 *fill*         0x00000000080013b6        0x2 
 .text.LL_ADC_SetOffsetSignedSaturation
                0x00000000080013b8       0x44 ./Drivers/STM32H7xx_HAL_Driver/Src/stm32h7xx_hal_adc.o
 .text.LL_ADC_SetOffsetSaturation
                0x00000000080013fc       0x44 ./Drivers/STM32H7xx_HAL_Driver/Src/stm32h7xx_hal_adc.o
 .text.LL_ADC_SetOffsetSign
                0x0000000008001440       0x44 ./Drivers/STM32H7xx_HAL_Driver/Src/stm32h7xx_hal_adc.o
 .text.LL_ADC_SetOffsetState
                0x0000000008001484       0x54 ./Drivers/STM32H7xx_HAL_Driver/Src/stm32h7xx_hal_adc.o
 .text.LL_ADC_REG_SetSequencerRanks
                0x00000000080014d8       0x58 ./Drivers/STM32H7xx_HAL_Driver/Src/stm32h7xx_hal_adc.o
 .text.LL_ADC_SetChannelSamplingTime
                0x0000000008001530       0x56 ./Drivers/STM32H7xx_HAL_Driver/Src/stm32h7xx_hal_adc.o
 *fill*         0x0000000008001586        0x2 
 .text.LL_ADC_SetChannelSingleDiff
                0x0000000008001588       0x80 ./Drivers/STM32H7xx_HAL_Driver/Src/stm32h7xx_hal_adc.o
 .text.LL_ADC_DisableDeepPowerDown
                0x0000000008001608       0x24 ./Drivers/STM32H7xx_HAL_Driver/Src/stm32h7xx_hal_adc.o
 .text.LL_ADC_IsDeepPowerDownEnabled
                0x000000000800162c       0x28 ./Drivers/STM32H7xx_HAL_Driver/Src/stm32h7xx_hal_adc.o
 .text.LL_ADC_EnableInternalRegulator
                0x0000000008001654       0x28 ./Drivers/STM32H7xx_HAL_Driver/Src/stm32h7xx_hal_adc.o
 .text.LL_ADC_IsInternalRegulatorEnabled
                0x000000000800167c       0x28 ./Drivers/STM32H7xx_HAL_Driver/Src/stm32h7xx_hal_adc.o
 .text.LL_ADC_IsEnabled
                0x00000000080016a4       0x26 ./Drivers/STM32H7xx_HAL_Driver/Src/stm32h7xx_hal_adc.o
 .text.LL_ADC_REG_IsConversionOngoing
                0x00000000080016ca       0x26 ./Drivers/STM32H7xx_HAL_Driver/Src/stm32h7xx_hal_adc.o
 .text.LL_ADC_INJ_IsConversionOngoing
                0x00000000080016f0       0x26 ./Drivers/STM32H7xx_HAL_Driver/Src/stm32h7xx_hal_adc.o
 *fill*         0x0000000008001716        0x2 
 .text.HAL_ADC_Init
                0x0000000008001718      0x410 ./Drivers/STM32H7xx_HAL_Driver/Src/stm32h7xx_hal_adc.o
                0x0000000008001718                HAL_ADC_Init
 .text.HAL_ADC_ConfigChannel
                0x0000000008001b28      0xa58 ./Drivers/STM32H7xx_HAL_Driver/Src/stm32h7xx_hal_adc.o
                0x0000000008001b28                HAL_ADC_ConfigChannel
 .text.ADC_ConfigureBoostMode
                0x0000000008002580      0x1d8 ./Drivers/STM32H7xx_HAL_Driver/Src/stm32h7xx_hal_adc.o
                0x0000000008002580                ADC_ConfigureBoostMode
 .text.LL_ADC_IsEnabled
                0x0000000008002758       0x26 ./Drivers/STM32H7xx_HAL_Driver/Src/stm32h7xx_hal_adc_ex.o
 .text.LL_ADC_REG_IsConversionOngoing
                0x000000000800277e       0x26 ./Drivers/STM32H7xx_HAL_Driver/Src/stm32h7xx_hal_adc_ex.o
 .text.HAL_ADCEx_MultiModeConfigChannel
                0x00000000080027a4      0x1c4 ./Drivers/STM32H7xx_HAL_Driver/Src/stm32h7xx_hal_adc_ex.o
                0x00000000080027a4                HAL_ADCEx_MultiModeConfigChannel
 .text.__NVIC_SetPriorityGrouping
                0x0000000008002968       0x48 ./Drivers/STM32H7xx_HAL_Driver/Src/stm32h7xx_hal_cortex.o
 .text.__NVIC_GetPriorityGrouping
                0x00000000080029b0       0x1c ./Drivers/STM32H7xx_HAL_Driver/Src/stm32h7xx_hal_cortex.o
 .text.__NVIC_SetPriority
                0x00000000080029cc       0x54 ./Drivers/STM32H7xx_HAL_Driver/Src/stm32h7xx_hal_cortex.o
 .text.NVIC_EncodePriority
                0x0000000008002a20       0x66 ./Drivers/STM32H7xx_HAL_Driver/Src/stm32h7xx_hal_cortex.o
 *fill*         0x0000000008002a86        0x2 
 .text.SysTick_Config
                0x0000000008002a88       0x44 ./Drivers/STM32H7xx_HAL_Driver/Src/stm32h7xx_hal_cortex.o
 .text.HAL_NVIC_SetPriorityGrouping
                0x0000000008002acc       0x16 ./Drivers/STM32H7xx_HAL_Driver/Src/stm32h7xx_hal_cortex.o
                0x0000000008002acc                HAL_NVIC_SetPriorityGrouping
 .text.HAL_NVIC_SetPriority
                0x0000000008002ae2       0x34 ./Drivers/STM32H7xx_HAL_Driver/Src/stm32h7xx_hal_cortex.o
                0x0000000008002ae2                HAL_NVIC_SetPriority
 .text.HAL_SYSTICK_Config
                0x0000000008002b16       0x18 ./Drivers/STM32H7xx_HAL_Driver/Src/stm32h7xx_hal_cortex.o
                0x0000000008002b16                HAL_SYSTICK_Config
 *fill*         0x0000000008002b2e        0x2 
 .text.HAL_ETH_Init
                0x0000000008002b30      0x1cc ./Drivers/STM32H7xx_HAL_Driver/Src/stm32h7xx_hal_eth.o
                0x0000000008002b30                HAL_ETH_Init
 .text.HAL_ETH_SetMDIOClockRange
                0x0000000008002cfc       0xb0 ./Drivers/STM32H7xx_HAL_Driver/Src/stm32h7xx_hal_eth.o
                0x0000000008002cfc                HAL_ETH_SetMDIOClockRange
 .text.ETH_SetMACConfig
                0x0000000008002dac      0x238 ./Drivers/STM32H7xx_HAL_Driver/Src/stm32h7xx_hal_eth.o
 .text.ETH_SetDMAConfig
                0x0000000008002fe4      0x10c ./Drivers/STM32H7xx_HAL_Driver/Src/stm32h7xx_hal_eth.o
 .text.ETH_MACDMAConfig
                0x00000000080030f0      0x13a ./Drivers/STM32H7xx_HAL_Driver/Src/stm32h7xx_hal_eth.o
 .text.ETH_DMATxDescListInit
                0x000000000800322a       0x92 ./Drivers/STM32H7xx_HAL_Driver/Src/stm32h7xx_hal_eth.o
 .text.ETH_DMARxDescListInit
                0x00000000080032bc       0xba ./Drivers/STM32H7xx_HAL_Driver/Src/stm32h7xx_hal_eth.o
 *fill*         0x0000000008003376        0x2 
 .text.HAL_GPIO_Init
                0x0000000008003378      0x350 ./Drivers/STM32H7xx_HAL_Driver/Src/stm32h7xx_hal_gpio.o
                0x0000000008003378                HAL_GPIO_Init
 .text.HAL_GPIO_ReadPin
                0x00000000080036c8       0x30 ./Drivers/STM32H7xx_HAL_Driver/Src/stm32h7xx_hal_gpio.o
                0x00000000080036c8                HAL_GPIO_ReadPin
 .text.HAL_GPIO_WritePin
                0x00000000080036f8       0x32 ./Drivers/STM32H7xx_HAL_Driver/Src/stm32h7xx_hal_gpio.o
                0x00000000080036f8                HAL_GPIO_WritePin
 .text.HAL_GPIO_TogglePin
                0x000000000800372a       0x34 ./Drivers/STM32H7xx_HAL_Driver/Src/stm32h7xx_hal_gpio.o
                0x000000000800372a                HAL_GPIO_TogglePin
 *fill*         0x000000000800375e        0x2 
 .text.HAL_PWREx_ConfigSupply
                0x0000000008003760       0x74 ./Drivers/STM32H7xx_HAL_Driver/Src/stm32h7xx_hal_pwr_ex.o
                0x0000000008003760                HAL_PWREx_ConfigSupply
 .text.HAL_RCC_OscConfig
                0x00000000080037d4      0x75c ./Drivers/STM32H7xx_HAL_Driver/Src/stm32h7xx_hal_rcc.o
                0x00000000080037d4                HAL_RCC_OscConfig
 .text.HAL_RCC_ClockConfig
                0x0000000008003f30      0x36c ./Drivers/STM32H7xx_HAL_Driver/Src/stm32h7xx_hal_rcc.o
                0x0000000008003f30                HAL_RCC_ClockConfig
 .text.HAL_RCC_GetSysClockFreq
                0x000000000800429c      0x2f4 ./Drivers/STM32H7xx_HAL_Driver/Src/stm32h7xx_hal_rcc.o
                0x000000000800429c                HAL_RCC_GetSysClockFreq
 .text.HAL_RCC_GetHCLKFreq
                0x0000000008004590       0x60 ./Drivers/STM32H7xx_HAL_Driver/Src/stm32h7xx_hal_rcc.o
                0x0000000008004590                HAL_RCC_GetHCLKFreq
 .text.HAL_RCC_GetPCLK1Freq
                0x00000000080045f0       0x2c ./Drivers/STM32H7xx_HAL_Driver/Src/stm32h7xx_hal_rcc.o
                0x00000000080045f0                HAL_RCC_GetPCLK1Freq
 .text.HAL_RCC_GetPCLK2Freq
                0x000000000800461c       0x2c ./Drivers/STM32H7xx_HAL_Driver/Src/stm32h7xx_hal_rcc.o
                0x000000000800461c                HAL_RCC_GetPCLK2Freq
 .text.HAL_RCCEx_PeriphCLKConfig
                0x0000000008004648      0xdf4 ./Drivers/STM32H7xx_HAL_Driver/Src/stm32h7xx_hal_rcc_ex.o
                0x0000000008004648                HAL_RCCEx_PeriphCLKConfig
 .text.HAL_RCCEx_GetPeriphCLKFreq
                0x000000000800543c      0x84c ./Drivers/STM32H7xx_HAL_Driver/Src/stm32h7xx_hal_rcc_ex.o
                0x000000000800543c                HAL_RCCEx_GetPeriphCLKFreq
 .text.HAL_RCCEx_GetD3PCLK1Freq
                0x0000000008005c88       0x2c ./Drivers/STM32H7xx_HAL_Driver/Src/stm32h7xx_hal_rcc_ex.o
                0x0000000008005c88                HAL_RCCEx_GetD3PCLK1Freq
 .text.HAL_RCCEx_GetPLL2ClockFreq
                0x0000000008005cb4      0x2a8 ./Drivers/STM32H7xx_HAL_Driver/Src/stm32h7xx_hal_rcc_ex.o
                0x0000000008005cb4                HAL_RCCEx_GetPLL2ClockFreq
 .text.HAL_RCCEx_GetPLL3ClockFreq
                0x0000000008005f5c      0x2a8 ./Drivers/STM32H7xx_HAL_Driver/Src/stm32h7xx_hal_rcc_ex.o
                0x0000000008005f5c                HAL_RCCEx_GetPLL3ClockFreq
 .text.HAL_RCCEx_GetPLL1ClockFreq
                0x0000000008006204      0x2a4 ./Drivers/STM32H7xx_HAL_Driver/Src/stm32h7xx_hal_rcc_ex.o
                0x0000000008006204                HAL_RCCEx_GetPLL1ClockFreq
 .text.RCCEx_PLL2_Config
                0x00000000080064a8      0x164 ./Drivers/STM32H7xx_HAL_Driver/Src/stm32h7xx_hal_rcc_ex.o
 .text.RCCEx_PLL3_Config
                0x000000000800660c      0x164 ./Drivers/STM32H7xx_HAL_Driver/Src/stm32h7xx_hal_rcc_ex.o
 .text.HAL_UART_Init
                0x0000000008006770       0xa0 ./Drivers/STM32H7xx_HAL_Driver/Src/stm32h7xx_hal_uart.o
                0x0000000008006770                HAL_UART_Init
 .text.UART_SetConfig
                0x0000000008006810      0xcd8 ./Drivers/STM32H7xx_HAL_Driver/Src/stm32h7xx_hal_uart.o
                0x0000000008006810                UART_SetConfig
 .text.UART_AdvFeatureConfig
                0x00000000080074e8      0x144 ./Drivers/STM32H7xx_HAL_Driver/Src/stm32h7xx_hal_uart.o
                0x00000000080074e8                UART_AdvFeatureConfig
 .text.UART_CheckIdleState
                0x000000000800762c       0x96 ./Drivers/STM32H7xx_HAL_Driver/Src/stm32h7xx_hal_uart.o
                0x000000000800762c                UART_CheckIdleState
 .text.UART_WaitOnFlagUntilTimeout
                0x00000000080076c2      0x190 ./Drivers/STM32H7xx_HAL_Driver/Src/stm32h7xx_hal_uart.o
                0x00000000080076c2                UART_WaitOnFlagUntilTimeout
 .text.HAL_UARTEx_DisableFifoMode
                0x0000000008007852       0x72 ./Drivers/STM32H7xx_HAL_Driver/Src/stm32h7xx_hal_uart_ex.o
                0x0000000008007852                HAL_UARTEx_DisableFifoMode
 .text.HAL_UARTEx_SetTxFifoThreshold
                0x00000000080078c4       0x7c ./Drivers/STM32H7xx_HAL_Driver/Src/stm32h7xx_hal_uart_ex.o
                0x00000000080078c4                HAL_UARTEx_SetTxFifoThreshold
 .text.HAL_UARTEx_SetRxFifoThreshold
                0x0000000008007940       0x7c ./Drivers/STM32H7xx_HAL_Driver/Src/stm32h7xx_hal_uart_ex.o
                0x0000000008007940                HAL_UARTEx_SetRxFifoThreshold
 .text.UARTEx_SetNbDataToProcess
                0x00000000080079bc       0x9c ./Drivers/STM32H7xx_HAL_Driver/Src/stm32h7xx_hal_uart_ex.o
 .text.__libc_init_array
                0x0000000008007a58       0x48 c:/st/stm32cubeide_1.10.1/stm32cubeide/plugins/com.st.stm32cube.ide.mcu.externaltools.gnu-tools-for-stm32.10.3-2021.10.win32_1.0.200.202301161003/tools/bin/../lib/gcc/arm-none-eabi/10.3.1/../../../../arm-none-eabi/lib/thumb/v7e-m+dp/hard\libc_nano.a(lib_a-init.o)
                0x0000000008007a58                __libc_init_array
 .text.memset   0x0000000008007aa0       0x10 c:/st/stm32cubeide_1.10.1/stm32cubeide/plugins/com.st.stm32cube.ide.mcu.externaltools.gnu-tools-for-stm32.10.3-2021.10.win32_1.0.200.202301161003/tools/bin/../lib/gcc/arm-none-eabi/10.3.1/../../../../arm-none-eabi/lib/thumb/v7e-m+dp/hard\libc_nano.a(lib_a-memset.o)
                0x0000000008007aa0                memset
 *(.glue_7)
 .glue_7        0x0000000008007ab0        0x0 linker stubs
 *(.glue_7t)
 .glue_7t       0x0000000008007ab0        0x0 linker stubs
 *(.eh_frame)
 .eh_frame      0x0000000008007ab0        0x0 c:/st/stm32cubeide_1.10.1/stm32cubeide/plugins/com.st.stm32cube.ide.mcu.externaltools.gnu-tools-for-stm32.10.3-2021.10.win32_1.0.200.202301161003/tools/bin/../lib/gcc/arm-none-eabi/10.3.1/thumb/v7e-m+dp/hard/crtbegin.o
 *(.init)
 .init          0x0000000008007ab0        0x4 c:/st/stm32cubeide_1.10.1/stm32cubeide/plugins/com.st.stm32cube.ide.mcu.externaltools.gnu-tools-for-stm32.10.3-2021.10.win32_1.0.200.202301161003/tools/bin/../lib/gcc/arm-none-eabi/10.3.1/thumb/v7e-m+dp/hard/crti.o
                0x0000000008007ab0                _init
 .init          0x0000000008007ab4        0x8 c:/st/stm32cubeide_1.10.1/stm32cubeide/plugins/com.st.stm32cube.ide.mcu.externaltools.gnu-tools-for-stm32.10.3-2021.10.win32_1.0.200.202301161003/tools/bin/../lib/gcc/arm-none-eabi/10.3.1/thumb/v7e-m+dp/hard/crtn.o
 *(.fini)
 .fini          0x0000000008007abc        0x4 c:/st/stm32cubeide_1.10.1/stm32cubeide/plugins/com.st.stm32cube.ide.mcu.externaltools.gnu-tools-for-stm32.10.3-2021.10.win32_1.0.200.202301161003/tools/bin/../lib/gcc/arm-none-eabi/10.3.1/thumb/v7e-m+dp/hard/crti.o
                0x0000000008007abc                _fini
 .fini          0x0000000008007ac0        0x8 c:/st/stm32cubeide_1.10.1/stm32cubeide/plugins/com.st.stm32cube.ide.mcu.externaltools.gnu-tools-for-stm32.10.3-2021.10.win32_1.0.200.202301161003/tools/bin/../lib/gcc/arm-none-eabi/10.3.1/thumb/v7e-m+dp/hard/crtn.o
                0x0000000008007ac8                . = ALIGN (0x4)
                0x0000000008007ac8                _etext = .

.vfp11_veneer   0x0000000008007ac8        0x0
 .vfp11_veneer  0x0000000008007ac8        0x0 linker stubs

.v4_bx          0x0000000008007ac8        0x0
 .v4_bx         0x0000000008007ac8        0x0 linker stubs

.iplt           0x0000000008007ac8        0x0
 .iplt          0x0000000008007ac8        0x0 c:/st/stm32cubeide_1.10.1/stm32cubeide/plugins/com.st.stm32cube.ide.mcu.externaltools.gnu-tools-for-stm32.10.3-2021.10.win32_1.0.200.202301161003/tools/bin/../lib/gcc/arm-none-eabi/10.3.1/thumb/v7e-m+dp/hard/crtbegin.o

.rodata         0x0000000008007ac8       0x38
                0x0000000008007ac8                . = ALIGN (0x4)
 *(.rodata)
 *(.rodata*)
 .rodata.D1CorePrescTable
                0x0000000008007ac8       0x10 ./Core/Src/system_stm32h7xx.o
                0x0000000008007ac8                D1CorePrescTable
 .rodata.UARTPrescTable
                0x0000000008007ad8       0x18 ./Drivers/STM32H7xx_HAL_Driver/Src/stm32h7xx_hal_uart.o
                0x0000000008007ad8                UARTPrescTable
 .rodata.numerator.1
                0x0000000008007af0        0x8 ./Drivers/STM32H7xx_HAL_Driver/Src/stm32h7xx_hal_uart_ex.o
 .rodata.denominator.0
                0x0000000008007af8        0x8 ./Drivers/STM32H7xx_HAL_Driver/Src/stm32h7xx_hal_uart_ex.o
                0x0000000008007b00                . = ALIGN (0x4)

.ARM.extab
 *(.ARM.extab* .gnu.linkonce.armextab.*)

.ARM            0x0000000008007b00        0x8
                0x0000000008007b00                __exidx_start = .
 *(.ARM.exidx*)
 .ARM.exidx     0x0000000008007b00        0x8 c:/st/stm32cubeide_1.10.1/stm32cubeide/plugins/com.st.stm32cube.ide.mcu.externaltools.gnu-tools-for-stm32.10.3-2021.10.win32_1.0.200.202301161003/tools/bin/../lib/gcc/arm-none-eabi/10.3.1/thumb/v7e-m+dp/hard\libgcc.a(_udivmoddi4.o)
                0x0000000008007b08                __exidx_end = .

.rel.dyn        0x0000000008007b08        0x0
 .rel.iplt      0x0000000008007b08        0x0 c:/st/stm32cubeide_1.10.1/stm32cubeide/plugins/com.st.stm32cube.ide.mcu.externaltools.gnu-tools-for-stm32.10.3-2021.10.win32_1.0.200.202301161003/tools/bin/../lib/gcc/arm-none-eabi/10.3.1/thumb/v7e-m+dp/hard/crtbegin.o

.preinit_array  0x0000000008007b08        0x0
                0x0000000008007b08                PROVIDE (__preinit_array_start = .)
 *(.preinit_array*)
                0x0000000008007b08                PROVIDE (__preinit_array_end = .)

.init_array     0x0000000008007b08        0x4
                0x0000000008007b08                PROVIDE (__init_array_start = .)
 *(SORT_BY_NAME(.init_array.*))
 *(.init_array*)
 .init_array    0x0000000008007b08        0x4 c:/st/stm32cubeide_1.10.1/stm32cubeide/plugins/com.st.stm32cube.ide.mcu.externaltools.gnu-tools-for-stm32.10.3-2021.10.win32_1.0.200.202301161003/tools/bin/../lib/gcc/arm-none-eabi/10.3.1/thumb/v7e-m+dp/hard/crtbegin.o
                0x0000000008007b0c                PROVIDE (__init_array_end = .)

.fini_array     0x0000000008007b0c        0x4
                [!provide]                        PROVIDE (__fini_array_start = .)
 *(SORT_BY_NAME(.fini_array.*))
 *(.fini_array*)
 .fini_array    0x0000000008007b0c        0x4 c:/st/stm32cubeide_1.10.1/stm32cubeide/plugins/com.st.stm32cube.ide.mcu.externaltools.gnu-tools-for-stm32.10.3-2021.10.win32_1.0.200.202301161003/tools/bin/../lib/gcc/arm-none-eabi/10.3.1/thumb/v7e-m+dp/hard/crtbegin.o
                [!provide]                        PROVIDE (__fini_array_end = .)
                0x0000000008007b10                _sidata = LOADADDR (.data)

.data           0x0000000024000000       0x10 load address 0x0000000008007b10
                0x0000000024000000                . = ALIGN (0x4)
                0x0000000024000000                _sdata = .
 *(.data)
 *(.data*)
 .data.SystemCoreClock
                0x0000000024000000        0x4 ./Core/Src/system_stm32h7xx.o
                0x0000000024000000                SystemCoreClock
 .data.SystemD2Clock
                0x0000000024000004        0x4 ./Core/Src/system_stm32h7xx.o
                0x0000000024000004                SystemD2Clock
 .data.uwTickPrio
                0x0000000024000008        0x4 ./Drivers/STM32H7xx_HAL_Driver/Src/stm32h7xx_hal.o
                0x0000000024000008                uwTickPrio
 .data.uwTickFreq
                0x000000002400000c        0x1 ./Drivers/STM32H7xx_HAL_Driver/Src/stm32h7xx_hal.o
                0x000000002400000c                uwTickFreq
 *(.RamFunc)
 *(.RamFunc*)
                0x0000000024000010                . = ALIGN (0x4)
 *fill*         0x000000002400000d        0x3 
                0x0000000024000010                _edata = .

.igot.plt       0x0000000024000010        0x0 load address 0x0000000008007b20
 .igot.plt      0x0000000024000010        0x0 c:/st/stm32cubeide_1.10.1/stm32cubeide/plugins/com.st.stm32cube.ide.mcu.externaltools.gnu-tools-for-stm32.10.3-2021.10.win32_1.0.200.202301161003/tools/bin/../lib/gcc/arm-none-eabi/10.3.1/thumb/v7e-m+dp/hard/crtbegin.o

.RxDecripSection
                0x0000000024000010       0x60 load address 0x0000000008007b20
 .RxDecripSection
                0x0000000024000010       0x60 ./Core/Src/main.o
                0x0000000024000010                DMARxDscrTab

.TxDecripSection
                0x0000000024000070       0x60 load address 0x0000000008007b80
 .TxDecripSection
                0x0000000024000070       0x60 ./Core/Src/main.o
                0x0000000024000070                DMATxDscrTab
                0x00000000240000d0                . = ALIGN (0x4)

.bss            0x00000000240000d0      0x214 load address 0x0000000008007be0
                0x00000000240000d0                _sbss = .
                0x00000000240000d0                __bss_start__ = _sbss
 *(.bss)
 .bss           0x00000000240000d0       0x1c c:/st/stm32cubeide_1.10.1/stm32cubeide/plugins/com.st.stm32cube.ide.mcu.externaltools.gnu-tools-for-stm32.10.3-2021.10.win32_1.0.200.202301161003/tools/bin/../lib/gcc/arm-none-eabi/10.3.1/thumb/v7e-m+dp/hard/crtbegin.o
 *(.bss*)
 .bss.TxConfig  0x00000000240000ec       0x38 ./Core/Src/main.o
                0x00000000240000ec                TxConfig
 .bss.hadc1     0x0000000024000124       0x70 ./Core/Src/main.o
                0x0000000024000124                hadc1
 .bss.heth      0x0000000024000194       0xb0 ./Core/Src/main.o
                0x0000000024000194                heth
 .bss.huart3    0x0000000024000244       0x90 ./Core/Src/main.o
                0x0000000024000244                huart3
 .bss.i         0x00000000240002d4        0x4 ./Core/Src/main.o
                0x00000000240002d4                i
 .bss.MACAddr.0
                0x00000000240002d8        0x6 ./Core/Src/main.o
 *fill*         0x00000000240002de        0x2 
 .bss.uwTick    0x00000000240002e0        0x4 ./Drivers/STM32H7xx_HAL_Driver/Src/stm32h7xx_hal.o
                0x00000000240002e0                uwTick
 *(COMMON)
                0x00000000240002e4                . = ALIGN (0x4)
                0x00000000240002e4                _ebss = .
                0x00000000240002e4                __bss_end__ = _ebss

._user_heap_stack
                0x00000000240002e4      0x604 load address 0x0000000008007be0
                0x00000000240002e8                . = ALIGN (0x8)
 *fill*         0x00000000240002e4        0x4 
                [!provide]                        PROVIDE (end = .)
                0x00000000240002e8                PROVIDE (_end = .)
                0x00000000240004e8                . = (. + _Min_Heap_Size)
 *fill*         0x00000000240002e8      0x200 
                0x00000000240008e8                . = (. + _Min_Stack_Size)
 *fill*         0x00000000240004e8      0x400 
                0x00000000240008e8                . = ALIGN (0x8)

/DISCARD/
 libc.a(*)
 libm.a(*)
 libgcc.a(*)

.ARM.attributes
                0x0000000000000000       0x2e
 *(.ARM.attributes)
 .ARM.attributes
                0x0000000000000000       0x1e c:/st/stm32cubeide_1.10.1/stm32cubeide/plugins/com.st.stm32cube.ide.mcu.externaltools.gnu-tools-for-stm32.10.3-2021.10.win32_1.0.200.202301161003/tools/bin/../lib/gcc/arm-none-eabi/10.3.1/thumb/v7e-m+dp/hard/crti.o
 .ARM.attributes
                0x000000000000001e       0x32 c:/st/stm32cubeide_1.10.1/stm32cubeide/plugins/com.st.stm32cube.ide.mcu.externaltools.gnu-tools-for-stm32.10.3-2021.10.win32_1.0.200.202301161003/tools/bin/../lib/gcc/arm-none-eabi/10.3.1/thumb/v7e-m+dp/hard/crtbegin.o
 .ARM.attributes
                0x0000000000000050       0x32 ./Core/Src/main.o
 .ARM.attributes
                0x0000000000000082       0x32 ./Core/Src/stm32h7xx_hal_msp.o
 .ARM.attributes
                0x00000000000000b4       0x32 ./Core/Src/stm32h7xx_it.o
 .ARM.attributes
                0x00000000000000e6       0x32 ./Core/Src/system_stm32h7xx.o
 .ARM.attributes
                0x0000000000000118       0x21 ./Core/Startup/startup_stm32h723zgtx.o
 .ARM.attributes
                0x0000000000000139       0x32 ./Drivers/STM32H7xx_HAL_Driver/Src/stm32h7xx_hal.o
 .ARM.attributes
                0x000000000000016b       0x32 ./Drivers/STM32H7xx_HAL_Driver/Src/stm32h7xx_hal_adc.o
 .ARM.attributes
                0x000000000000019d       0x32 ./Drivers/STM32H7xx_HAL_Driver/Src/stm32h7xx_hal_adc_ex.o
 .ARM.attributes
                0x00000000000001cf       0x32 ./Drivers/STM32H7xx_HAL_Driver/Src/stm32h7xx_hal_cortex.o
 .ARM.attributes
                0x0000000000000201       0x32 ./Drivers/STM32H7xx_HAL_Driver/Src/stm32h7xx_hal_eth.o
 .ARM.attributes
                0x0000000000000233       0x32 ./Drivers/STM32H7xx_HAL_Driver/Src/stm32h7xx_hal_gpio.o
 .ARM.attributes
                0x0000000000000265       0x32 ./Drivers/STM32H7xx_HAL_Driver/Src/stm32h7xx_hal_pwr_ex.o
 .ARM.attributes
                0x0000000000000297       0x32 ./Drivers/STM32H7xx_HAL_Driver/Src/stm32h7xx_hal_rcc.o
 .ARM.attributes
                0x00000000000002c9       0x32 ./Drivers/STM32H7xx_HAL_Driver/Src/stm32h7xx_hal_rcc_ex.o
 .ARM.attributes
                0x00000000000002fb       0x32 ./Drivers/STM32H7xx_HAL_Driver/Src/stm32h7xx_hal_uart.o
 .ARM.attributes
                0x000000000000032d       0x32 ./Drivers/STM32H7xx_HAL_Driver/Src/stm32h7xx_hal_uart_ex.o
 .ARM.attributes
                0x000000000000035f       0x32 c:/st/stm32cubeide_1.10.1/stm32cubeide/plugins/com.st.stm32cube.ide.mcu.externaltools.gnu-tools-for-stm32.10.3-2021.10.win32_1.0.200.202301161003/tools/bin/../lib/gcc/arm-none-eabi/10.3.1/../../../../arm-none-eabi/lib/thumb/v7e-m+dp/hard\libc_nano.a(lib_a-init.o)
 .ARM.attributes
                0x0000000000000391       0x32 c:/st/stm32cubeide_1.10.1/stm32cubeide/plugins/com.st.stm32cube.ide.mcu.externaltools.gnu-tools-for-stm32.10.3-2021.10.win32_1.0.200.202301161003/tools/bin/../lib/gcc/arm-none-eabi/10.3.1/../../../../arm-none-eabi/lib/thumb/v7e-m+dp/hard\libc_nano.a(lib_a-memset.o)
 .ARM.attributes
                0x00000000000003c3       0x1e c:/st/stm32cubeide_1.10.1/stm32cubeide/plugins/com.st.stm32cube.ide.mcu.externaltools.gnu-tools-for-stm32.10.3-2021.10.win32_1.0.200.202301161003/tools/bin/../lib/gcc/arm-none-eabi/10.3.1/thumb/v7e-m+dp/hard\libgcc.a(_aeabi_uldivmod.o)
 .ARM.attributes
                0x00000000000003e1       0x32 c:/st/stm32cubeide_1.10.1/stm32cubeide/plugins/com.st.stm32cube.ide.mcu.externaltools.gnu-tools-for-stm32.10.3-2021.10.win32_1.0.200.202301161003/tools/bin/../lib/gcc/arm-none-eabi/10.3.1/thumb/v7e-m+dp/hard\libgcc.a(_udivmoddi4.o)
 .ARM.attributes
                0x0000000000000413       0x1e c:/st/stm32cubeide_1.10.1/stm32cubeide/plugins/com.st.stm32cube.ide.mcu.externaltools.gnu-tools-for-stm32.10.3-2021.10.win32_1.0.200.202301161003/tools/bin/../lib/gcc/arm-none-eabi/10.3.1/thumb/v7e-m+dp/hard\libgcc.a(_dvmd_tls.o)
 .ARM.attributes
                0x0000000000000431       0x1e c:/st/stm32cubeide_1.10.1/stm32cubeide/plugins/com.st.stm32cube.ide.mcu.externaltools.gnu-tools-for-stm32.10.3-2021.10.win32_1.0.200.202301161003/tools/bin/../lib/gcc/arm-none-eabi/10.3.1/thumb/v7e-m+dp/hard/crtn.o
OUTPUT(0131_test.elf elf32-littlearm)
LOAD linker stubs
LOAD c:/st/stm32cubeide_1.10.1/stm32cubeide/plugins/com.st.stm32cube.ide.mcu.externaltools.gnu-tools-for-stm32.10.3-2021.10.win32_1.0.200.202301161003/tools/bin/../lib/gcc/arm-none-eabi/10.3.1/../../../../arm-none-eabi/lib/thumb/v7e-m+dp/hard\libc.a
LOAD c:/st/stm32cubeide_1.10.1/stm32cubeide/plugins/com.st.stm32cube.ide.mcu.externaltools.gnu-tools-for-stm32.10.3-2021.10.win32_1.0.200.202301161003/tools/bin/../lib/gcc/arm-none-eabi/10.3.1/../../../../arm-none-eabi/lib/thumb/v7e-m+dp/hard\libm.a
LOAD c:/st/stm32cubeide_1.10.1/stm32cubeide/plugins/com.st.stm32cube.ide.mcu.externaltools.gnu-tools-for-stm32.10.3-2021.10.win32_1.0.200.202301161003/tools/bin/../lib/gcc/arm-none-eabi/10.3.1/thumb/v7e-m+dp/hard\libgcc.a

.debug_info     0x0000000000000000    0x1924d
 .debug_info    0x0000000000000000     0x28f1 ./Core/Src/main.o
 .debug_info    0x00000000000028f1     0x2566 ./Core/Src/stm32h7xx_hal_msp.o
 .debug_info    0x0000000000004e57      0x137 ./Core/Src/stm32h7xx_it.o
 .debug_info    0x0000000000004f8e      0xb45 ./Core/Src/system_stm32h7xx.o
 .debug_info    0x0000000000005ad3       0x22 ./Core/Startup/startup_stm32h723zgtx.o
 .debug_info    0x0000000000005af5     0x1746 ./Drivers/STM32H7xx_HAL_Driver/Src/stm32h7xx_hal.o
 .debug_info    0x000000000000723b     0x2559 ./Drivers/STM32H7xx_HAL_Driver/Src/stm32h7xx_hal_adc.o
 .debug_info    0x0000000000009794     0x253c ./Drivers/STM32H7xx_HAL_Driver/Src/stm32h7xx_hal_adc_ex.o
 .debug_info    0x000000000000bcd0     0x1161 ./Drivers/STM32H7xx_HAL_Driver/Src/stm32h7xx_hal_cortex.o
 .debug_info    0x000000000000ce31     0x2b44 ./Drivers/STM32H7xx_HAL_Driver/Src/stm32h7xx_hal_eth.o
 .debug_info    0x000000000000f975      0xd37 ./Drivers/STM32H7xx_HAL_Driver/Src/stm32h7xx_hal_gpio.o
 .debug_info    0x00000000000106ac      0xe71 ./Drivers/STM32H7xx_HAL_Driver/Src/stm32h7xx_hal_pwr_ex.o
 .debug_info    0x000000000001151d      0xe4a ./Drivers/STM32H7xx_HAL_Driver/Src/stm32h7xx_hal_rcc.o
 .debug_info    0x0000000000012367     0x1299 ./Drivers/STM32H7xx_HAL_Driver/Src/stm32h7xx_hal_rcc_ex.o
 .debug_info    0x0000000000013600     0x4c42 ./Drivers/STM32H7xx_HAL_Driver/Src/stm32h7xx_hal_uart.o
 .debug_info    0x0000000000018242     0x100b ./Drivers/STM32H7xx_HAL_Driver/Src/stm32h7xx_hal_uart_ex.o

.debug_abbrev   0x0000000000000000     0x24df
 .debug_abbrev  0x0000000000000000      0x2f0 ./Core/Src/main.o
 .debug_abbrev  0x00000000000002f0      0x24b ./Core/Src/stm32h7xx_hal_msp.o
 .debug_abbrev  0x000000000000053b       0x74 ./Core/Src/stm32h7xx_it.o
 .debug_abbrev  0x00000000000005af      0x136 ./Core/Src/system_stm32h7xx.o
 .debug_abbrev  0x00000000000006e5       0x12 ./Core/Startup/startup_stm32h723zgtx.o
 .debug_abbrev  0x00000000000006f7      0x292 ./Drivers/STM32H7xx_HAL_Driver/Src/stm32h7xx_hal.o
 .debug_abbrev  0x0000000000000989      0x2f3 ./Drivers/STM32H7xx_HAL_Driver/Src/stm32h7xx_hal_adc.o
 .debug_abbrev  0x0000000000000c7c      0x32e ./Drivers/STM32H7xx_HAL_Driver/Src/stm32h7xx_hal_adc_ex.o
 .debug_abbrev  0x0000000000000faa      0x329 ./Drivers/STM32H7xx_HAL_Driver/Src/stm32h7xx_hal_cortex.o
 .debug_abbrev  0x00000000000012d3      0x2bd ./Drivers/STM32H7xx_HAL_Driver/Src/stm32h7xx_hal_eth.o
 .debug_abbrev  0x0000000000001590      0x1ec ./Drivers/STM32H7xx_HAL_Driver/Src/stm32h7xx_hal_gpio.o
 .debug_abbrev  0x000000000000177c      0x27e ./Drivers/STM32H7xx_HAL_Driver/Src/stm32h7xx_hal_pwr_ex.o
 .debug_abbrev  0x00000000000019fa      0x2a7 ./Drivers/STM32H7xx_HAL_Driver/Src/stm32h7xx_hal_rcc.o
 .debug_abbrev  0x0000000000001ca1      0x25c ./Drivers/STM32H7xx_HAL_Driver/Src/stm32h7xx_hal_rcc_ex.o
 .debug_abbrev  0x0000000000001efd      0x325 ./Drivers/STM32H7xx_HAL_Driver/Src/stm32h7xx_hal_uart.o
 .debug_abbrev  0x0000000000002222      0x2bd ./Drivers/STM32H7xx_HAL_Driver/Src/stm32h7xx_hal_uart_ex.o

.debug_aranges  0x0000000000000000     0x1070
 .debug_aranges
                0x0000000000000000       0x58 ./Core/Src/main.o
 .debug_aranges
                0x0000000000000058       0x50 ./Core/Src/stm32h7xx_hal_msp.o
 .debug_aranges
                0x00000000000000a8       0x60 ./Core/Src/stm32h7xx_it.o
 .debug_aranges
                0x0000000000000108       0x28 ./Core/Src/system_stm32h7xx.o
 .debug_aranges
                0x0000000000000130       0x28 ./Core/Startup/startup_stm32h723zgtx.o
 .debug_aranges
                0x0000000000000158      0x1c8 ./Drivers/STM32H7xx_HAL_Driver/Src/stm32h7xx_hal.o
 .debug_aranges
                0x0000000000000320      0x260 ./Drivers/STM32H7xx_HAL_Driver/Src/stm32h7xx_hal_adc.o
 .debug_aranges
                0x0000000000000580      0x1f0 ./Drivers/STM32H7xx_HAL_Driver/Src/stm32h7xx_hal_adc_ex.o
 .debug_aranges
                0x0000000000000770      0x120 ./Drivers/STM32H7xx_HAL_Driver/Src/stm32h7xx_hal_cortex.o
 .debug_aranges
                0x0000000000000890      0x1d8 ./Drivers/STM32H7xx_HAL_Driver/Src/stm32h7xx_hal_eth.o
 .debug_aranges
                0x0000000000000a68       0x58 ./Drivers/STM32H7xx_HAL_Driver/Src/stm32h7xx_hal_gpio.o
 .debug_aranges
                0x0000000000000ac0      0x148 ./Drivers/STM32H7xx_HAL_Driver/Src/stm32h7xx_hal_pwr_ex.o
 .debug_aranges
                0x0000000000000c08       0x88 ./Drivers/STM32H7xx_HAL_Driver/Src/stm32h7xx_hal_rcc.o
 .debug_aranges
                0x0000000000000c90       0xf8 ./Drivers/STM32H7xx_HAL_Driver/Src/stm32h7xx_hal_rcc_ex.o
 .debug_aranges
                0x0000000000000d88      0x248 ./Drivers/STM32H7xx_HAL_Driver/Src/stm32h7xx_hal_uart.o
 .debug_aranges
                0x0000000000000fd0       0xa0 ./Drivers/STM32H7xx_HAL_Driver/Src/stm32h7xx_hal_uart_ex.o

.debug_ranges   0x0000000000000000      0xfa8
 .debug_ranges  0x0000000000000000       0x48 ./Core/Src/main.o
 .debug_ranges  0x0000000000000048       0x40 ./Core/Src/stm32h7xx_hal_msp.o
 .debug_ranges  0x0000000000000088       0x50 ./Core/Src/stm32h7xx_it.o
 .debug_ranges  0x00000000000000d8       0x18 ./Core/Src/system_stm32h7xx.o
 .debug_ranges  0x00000000000000f0       0x20 ./Core/Startup/startup_stm32h723zgtx.o
 .debug_ranges  0x0000000000000110      0x1b8 ./Drivers/STM32H7xx_HAL_Driver/Src/stm32h7xx_hal.o
 .debug_ranges  0x00000000000002c8      0x250 ./Drivers/STM32H7xx_HAL_Driver/Src/stm32h7xx_hal_adc.o
 .debug_ranges  0x0000000000000518      0x1e0 ./Drivers/STM32H7xx_HAL_Driver/Src/stm32h7xx_hal_adc_ex.o
 .debug_ranges  0x00000000000006f8      0x110 ./Drivers/STM32H7xx_HAL_Driver/Src/stm32h7xx_hal_cortex.o
 .debug_ranges  0x0000000000000808      0x1c8 ./Drivers/STM32H7xx_HAL_Driver/Src/stm32h7xx_hal_eth.o
 .debug_ranges  0x00000000000009d0       0x48 ./Drivers/STM32H7xx_HAL_Driver/Src/stm32h7xx_hal_gpio.o
 .debug_ranges  0x0000000000000a18      0x138 ./Drivers/STM32H7xx_HAL_Driver/Src/stm32h7xx_hal_pwr_ex.o
 .debug_ranges  0x0000000000000b50       0x78 ./Drivers/STM32H7xx_HAL_Driver/Src/stm32h7xx_hal_rcc.o
 .debug_ranges  0x0000000000000bc8       0xe8 ./Drivers/STM32H7xx_HAL_Driver/Src/stm32h7xx_hal_rcc_ex.o
 .debug_ranges  0x0000000000000cb0      0x268 ./Drivers/STM32H7xx_HAL_Driver/Src/stm32h7xx_hal_uart.o
 .debug_ranges  0x0000000000000f18       0x90 ./Drivers/STM32H7xx_HAL_Driver/Src/stm32h7xx_hal_uart_ex.o

.debug_macro    0x0000000000000000    0x3437d
 .debug_macro   0x0000000000000000      0x30a ./Core/Src/main.o
 .debug_macro   0x000000000000030a      0xa90 ./Core/Src/main.o
 .debug_macro   0x0000000000000d9a      0x23e ./Core/Src/main.o
 .debug_macro   0x0000000000000fd8       0x2e ./Core/Src/main.o
 .debug_macro   0x0000000000001006       0x3b ./Core/Src/main.o
 .debug_macro   0x0000000000001041       0x22 ./Core/Src/main.o
 .debug_macro   0x0000000000001063       0x8e ./Core/Src/main.o
 .debug_macro   0x00000000000010f1       0x51 ./Core/Src/main.o
 .debug_macro   0x0000000000001142      0x103 ./Core/Src/main.o
 .debug_macro   0x0000000000001245       0x6a ./Core/Src/main.o
 .debug_macro   0x00000000000012af      0x1df ./Core/Src/main.o
 .debug_macro   0x000000000000148e       0x1c ./Core/Src/main.o
 .debug_macro   0x00000000000014aa       0x22 ./Core/Src/main.o
 .debug_macro   0x00000000000014cc       0xfb ./Core/Src/main.o
 .debug_macro   0x00000000000015c7     0x1305 ./Core/Src/main.o
 .debug_macro   0x00000000000028cc      0x11f ./Core/Src/main.o
 .debug_macro   0x00000000000029eb       0x27 ./Core/Src/main.o
 .debug_macro   0x0000000000002a12    0x211d1 ./Core/Src/main.o
 .debug_macro   0x0000000000023be3       0x6d ./Core/Src/main.o
 .debug_macro   0x0000000000023c50     0x3d0d ./Core/Src/main.o
 .debug_macro   0x000000000002795d      0x174 ./Core/Src/main.o
 .debug_macro   0x0000000000027ad1       0x52 ./Core/Src/main.o
 .debug_macro   0x0000000000027b23       0x1d ./Core/Src/main.o
 .debug_macro   0x0000000000027b40       0x3c ./Core/Src/main.o
 .debug_macro   0x0000000000027b7c       0x34 ./Core/Src/main.o
 .debug_macro   0x0000000000027bb0       0x16 ./Core/Src/main.o
 .debug_macro   0x0000000000027bc6       0x43 ./Core/Src/main.o
 .debug_macro   0x0000000000027c09       0x34 ./Core/Src/main.o
 .debug_macro   0x0000000000027c3d       0x10 ./Core/Src/main.o
 .debug_macro   0x0000000000027c4d       0x58 ./Core/Src/main.o
 .debug_macro   0x0000000000027ca5       0x71 ./Core/Src/main.o
 .debug_macro   0x0000000000027d16       0x1c ./Core/Src/main.o
 .debug_macro   0x0000000000027d32      0x12a ./Core/Src/main.o
 .debug_macro   0x0000000000027e5c      0x341 ./Core/Src/main.o
 .debug_macro   0x000000000002819d      0x19b ./Core/Src/main.o
 .debug_macro   0x0000000000028338       0x5d ./Core/Src/main.o
 .debug_macro   0x0000000000028395     0x2462 ./Core/Src/main.o
 .debug_macro   0x000000000002a7f7     0x104f ./Core/Src/main.o
 .debug_macro   0x000000000002b846      0x14d ./Core/Src/main.o
 .debug_macro   0x000000000002b993      0x114 ./Core/Src/main.o
 .debug_macro   0x000000000002baa7      0x3f8 ./Core/Src/main.o
 .debug_macro   0x000000000002be9f       0xac ./Core/Src/main.o
 .debug_macro   0x000000000002bf4b      0x788 ./Core/Src/main.o
 .debug_macro   0x000000000002c6d3      0x228 ./Core/Src/main.o
 .debug_macro   0x000000000002c8fb       0x66 ./Core/Src/main.o
 .debug_macro   0x000000000002c961      0x3a6 ./Core/Src/main.o
 .debug_macro   0x000000000002cd07      0xa80 ./Core/Src/main.o
 .debug_macro   0x000000000002d787      0x129 ./Core/Src/main.o
 .debug_macro   0x000000000002d8b0      0x3f9 ./Core/Src/main.o
 .debug_macro   0x000000000002dca9      0x275 ./Core/Src/main.o
 .debug_macro   0x000000000002df1e     0x116a ./Core/Src/main.o
 .debug_macro   0x000000000002f088      0x7c1 ./Core/Src/main.o
 .debug_macro   0x000000000002f849      0x398 ./Core/Src/main.o
 .debug_macro   0x000000000002fbe1      0x3ca ./Core/Src/main.o
 .debug_macro   0x000000000002ffab      0x45c ./Core/Src/main.o
 .debug_macro   0x0000000000030407       0x3c ./Core/Src/main.o
 .debug_macro   0x0000000000030443       0x4a ./Core/Src/main.o
 .debug_macro   0x000000000003048d      0x22c ./Core/Src/main.o
 .debug_macro   0x00000000000306b9       0x67 ./Core/Src/main.o
 .debug_macro   0x0000000000030720       0xa5 ./Core/Src/main.o
 .debug_macro   0x00000000000307c5      0x1c4 ./Core/Src/main.o
 .debug_macro   0x0000000000030989      0x22a ./Core/Src/main.o
 .debug_macro   0x0000000000030bb3       0x35 ./Core/Src/main.o
 .debug_macro   0x0000000000030be8      0x67e ./Core/Src/main.o
 .debug_macro   0x0000000000031266       0xa6 ./Core/Src/main.o
 .debug_macro   0x000000000003130c      0x5e6 ./Core/Src/main.o
 .debug_macro   0x00000000000318f2      0x130 ./Core/Src/main.o
 .debug_macro   0x0000000000031a22       0x16 ./Core/Src/main.o
 .debug_macro   0x0000000000031a38       0x35 ./Core/Src/main.o
 .debug_macro   0x0000000000031a6d       0x20 ./Core/Src/main.o
 .debug_macro   0x0000000000031a8d      0x2da ./Core/Src/stm32h7xx_hal_msp.o
 .debug_macro   0x0000000000031d67      0x2e4 ./Core/Src/stm32h7xx_it.o
 .debug_macro   0x000000000003204b      0x2cb ./Core/Src/system_stm32h7xx.o
 .debug_macro   0x0000000000032316      0x2f5 ./Drivers/STM32H7xx_HAL_Driver/Src/stm32h7xx_hal.o
 .debug_macro   0x000000000003260b      0x2f6 ./Drivers/STM32H7xx_HAL_Driver/Src/stm32h7xx_hal_adc.o
 .debug_macro   0x0000000000032901      0x2d7 ./Drivers/STM32H7xx_HAL_Driver/Src/stm32h7xx_hal_adc_ex.o
 .debug_macro   0x0000000000032bd8      0x2cb ./Drivers/STM32H7xx_HAL_Driver/Src/stm32h7xx_hal_cortex.o
 .debug_macro   0x0000000000032ea3      0x35f ./Drivers/STM32H7xx_HAL_Driver/Src/stm32h7xx_hal_eth.o
 .debug_macro   0x0000000000033202      0x2d2 ./Drivers/STM32H7xx_HAL_Driver/Src/stm32h7xx_hal_gpio.o
 .debug_macro   0x00000000000334d4      0x304 ./Drivers/STM32H7xx_HAL_Driver/Src/stm32h7xx_hal_pwr_ex.o
 .debug_macro   0x00000000000337d8      0x2ef ./Drivers/STM32H7xx_HAL_Driver/Src/stm32h7xx_hal_rcc.o
 .debug_macro   0x0000000000033ac7      0x2e9 ./Drivers/STM32H7xx_HAL_Driver/Src/stm32h7xx_hal_rcc_ex.o
 .debug_macro   0x0000000000033db0      0x2f6 ./Drivers/STM32H7xx_HAL_Driver/Src/stm32h7xx_hal_uart.o
 .debug_macro   0x00000000000340a6      0x2d7 ./Drivers/STM32H7xx_HAL_Driver/Src/stm32h7xx_hal_uart_ex.o

.debug_line     0x0000000000000000    0x14353
 .debug_line    0x0000000000000000      0xb2a ./Core/Src/main.o
 .debug_line    0x0000000000000b2a      0x9f0 ./Core/Src/stm32h7xx_hal_msp.o
 .debug_line    0x000000000000151a      0x95f ./Core/Src/stm32h7xx_it.o
 .debug_line    0x0000000000001e79      0xa41 ./Core/Src/system_stm32h7xx.o
 .debug_line    0x00000000000028ba       0x88 ./Core/Startup/startup_stm32h723zgtx.o
 .debug_line    0x0000000000002942      0xedb ./Drivers/STM32H7xx_HAL_Driver/Src/stm32h7xx_hal.o
 .debug_line    0x000000000000381d     0x277e ./Drivers/STM32H7xx_HAL_Driver/Src/stm32h7xx_hal_adc.o
 .debug_line    0x0000000000005f9b     0x222d ./Drivers/STM32H7xx_HAL_Driver/Src/stm32h7xx_hal_adc_ex.o
 .debug_line    0x00000000000081c8      0xe50 ./Drivers/STM32H7xx_HAL_Driver/Src/stm32h7xx_hal_cortex.o
 .debug_line    0x0000000000009018     0x1b90 ./Drivers/STM32H7xx_HAL_Driver/Src/stm32h7xx_hal_eth.o
 .debug_line    0x000000000000aba8      0xcf9 ./Drivers/STM32H7xx_HAL_Driver/Src/stm32h7xx_hal_gpio.o
 .debug_line    0x000000000000b8a1      0xebf ./Drivers/STM32H7xx_HAL_Driver/Src/stm32h7xx_hal_pwr_ex.o
 .debug_line    0x000000000000c760     0x131f ./Drivers/STM32H7xx_HAL_Driver/Src/stm32h7xx_hal_rcc.o
 .debug_line    0x000000000000da7f     0x1a98 ./Drivers/STM32H7xx_HAL_Driver/Src/stm32h7xx_hal_rcc_ex.o
 .debug_line    0x000000000000f517     0x3f14 ./Drivers/STM32H7xx_HAL_Driver/Src/stm32h7xx_hal_uart.o
 .debug_line    0x000000000001342b      0xf28 ./Drivers/STM32H7xx_HAL_Driver/Src/stm32h7xx_hal_uart_ex.o

.debug_str      0x0000000000000000   0x15bdd5
 .debug_str     0x0000000000000000   0x156163 ./Core/Src/main.o
                                     0x1569ab (size before relaxing)
 .debug_str     0x0000000000156163      0x39b ./Core/Src/stm32h7xx_hal_msp.o
                                     0x15676a (size before relaxing)
 .debug_str     0x00000000001564fe       0xc9 ./Core/Src/stm32h7xx_it.o
                                     0x155025 (size before relaxing)
 .debug_str     0x00000000001565c7      0x29a ./Core/Src/system_stm32h7xx.o
                                     0x154f77 (size before relaxing)
 .debug_str     0x0000000000156861       0x72 ./Core/Startup/startup_stm32h723zgtx.o
 .debug_str     0x00000000001568d3     0x1108 ./Drivers/STM32H7xx_HAL_Driver/Src/stm32h7xx_hal.o
                                     0x156001 (size before relaxing)
 .debug_str     0x00000000001579db      0xcae ./Drivers/STM32H7xx_HAL_Driver/Src/stm32h7xx_hal_adc.o
                                     0x155ff4 (size before relaxing)
 .debug_str     0x0000000000158689      0x7d8 ./Drivers/STM32H7xx_HAL_Driver/Src/stm32h7xx_hal_adc_ex.o
                                     0x155f28 (size before relaxing)
 .debug_str     0x0000000000158e61      0x353 ./Drivers/STM32H7xx_HAL_Driver/Src/stm32h7xx_hal_cortex.o
                                     0x1558e3 (size before relaxing)
 .debug_str     0x00000000001591b4     0x1092 ./Drivers/STM32H7xx_HAL_Driver/Src/stm32h7xx_hal_eth.o
                                     0x156912 (size before relaxing)
 .debug_str     0x000000000015a246       0xc8 ./Drivers/STM32H7xx_HAL_Driver/Src/stm32h7xx_hal_gpio.o
                                     0x154fc2 (size before relaxing)
 .debug_str     0x000000000015a30e      0x5d0 ./Drivers/STM32H7xx_HAL_Driver/Src/stm32h7xx_hal_pwr_ex.o
                                     0x1553ca (size before relaxing)
 .debug_str     0x000000000015a8de      0x21a ./Drivers/STM32H7xx_HAL_Driver/Src/stm32h7xx_hal_rcc.o
                                     0x155345 (size before relaxing)
 .debug_str     0x000000000015aaf8      0x630 ./Drivers/STM32H7xx_HAL_Driver/Src/stm32h7xx_hal_rcc_ex.o
                                     0x155834 (size before relaxing)
 .debug_str     0x000000000015b128      0xa66 ./Drivers/STM32H7xx_HAL_Driver/Src/stm32h7xx_hal_uart.o
                                     0x155ebd (size before relaxing)
 .debug_str     0x000000000015bb8e      0x247 ./Drivers/STM32H7xx_HAL_Driver/Src/stm32h7xx_hal_uart_ex.o
                                     0x155463 (size before relaxing)

.comment        0x0000000000000000       0x50
 .comment       0x0000000000000000       0x50 ./Core/Src/main.o
                                         0x51 (size before relaxing)
 .comment       0x0000000000000050       0x51 ./Core/Src/stm32h7xx_hal_msp.o
 .comment       0x0000000000000050       0x51 ./Core/Src/stm32h7xx_it.o
 .comment       0x0000000000000050       0x51 ./Core/Src/system_stm32h7xx.o
 .comment       0x0000000000000050       0x51 ./Drivers/STM32H7xx_HAL_Driver/Src/stm32h7xx_hal.o
 .comment       0x0000000000000050       0x51 ./Drivers/STM32H7xx_HAL_Driver/Src/stm32h7xx_hal_adc.o
 .comment       0x0000000000000050       0x51 ./Drivers/STM32H7xx_HAL_Driver/Src/stm32h7xx_hal_adc_ex.o
 .comment       0x0000000000000050       0x51 ./Drivers/STM32H7xx_HAL_Driver/Src/stm32h7xx_hal_cortex.o
 .comment       0x0000000000000050       0x51 ./Drivers/STM32H7xx_HAL_Driver/Src/stm32h7xx_hal_eth.o
 .comment       0x0000000000000050       0x51 ./Drivers/STM32H7xx_HAL_Driver/Src/stm32h7xx_hal_gpio.o
 .comment       0x0000000000000050       0x51 ./Drivers/STM32H7xx_HAL_Driver/Src/stm32h7xx_hal_pwr_ex.o
 .comment       0x0000000000000050       0x51 ./Drivers/STM32H7xx_HAL_Driver/Src/stm32h7xx_hal_rcc.o
 .comment       0x0000000000000050       0x51 ./Drivers/STM32H7xx_HAL_Driver/Src/stm32h7xx_hal_rcc_ex.o
 .comment       0x0000000000000050       0x51 ./Drivers/STM32H7xx_HAL_Driver/Src/stm32h7xx_hal_uart.o
 .comment       0x0000000000000050       0x51 ./Drivers/STM32H7xx_HAL_Driver/Src/stm32h7xx_hal_uart_ex.o

.debug_frame    0x0000000000000000     0x46cc
 .debug_frame   0x0000000000000000      0x10c ./Core/Src/main.o
 .debug_frame   0x000000000000010c      0x118 ./Core/Src/stm32h7xx_hal_msp.o
 .debug_frame   0x0000000000000224      0x104 ./Core/Src/stm32h7xx_it.o
 .debug_frame   0x0000000000000328       0x58 ./Core/Src/system_stm32h7xx.o
 .debug_frame   0x0000000000000380      0x760 ./Drivers/STM32H7xx_HAL_Driver/Src/stm32h7xx_hal.o
 .debug_frame   0x0000000000000ae0      0xb40 ./Drivers/STM32H7xx_HAL_Driver/Src/stm32h7xx_hal_adc.o
 .debug_frame   0x0000000000001620      0x904 ./Drivers/STM32H7xx_HAL_Driver/Src/stm32h7xx_hal_adc_ex.o
 .debug_frame   0x0000000000001f24      0x4b8 ./Drivers/STM32H7xx_HAL_Driver/Src/stm32h7xx_hal_cortex.o
 .debug_frame   0x00000000000023dc      0x898 ./Drivers/STM32H7xx_HAL_Driver/Src/stm32h7xx_hal_eth.o
 .debug_frame   0x0000000000002c74      0x14c ./Drivers/STM32H7xx_HAL_Driver/Src/stm32h7xx_hal_gpio.o
 .debug_frame   0x0000000000002dc0      0x540 ./Drivers/STM32H7xx_HAL_Driver/Src/stm32h7xx_hal_pwr_ex.o
 .debug_frame   0x0000000000003300      0x1fc ./Drivers/STM32H7xx_HAL_Driver/Src/stm32h7xx_hal_rcc.o
 .debug_frame   0x00000000000034fc      0x3f4 ./Drivers/STM32H7xx_HAL_Driver/Src/stm32h7xx_hal_rcc_ex.o
 .debug_frame   0x00000000000038f0      0xa94 ./Drivers/STM32H7xx_HAL_Driver/Src/stm32h7xx_hal_uart.o
 .debug_frame   0x0000000000004384      0x29c ./Drivers/STM32H7xx_HAL_Driver/Src/stm32h7xx_hal_uart_ex.o
 .debug_frame   0x0000000000004620       0x2c c:/st/stm32cubeide_1.10.1/stm32cubeide/plugins/com.st.stm32cube.ide.mcu.externaltools.gnu-tools-for-stm32.10.3-2021.10.win32_1.0.200.202301161003/tools/bin/../lib/gcc/arm-none-eabi/10.3.1/../../../../arm-none-eabi/lib/thumb/v7e-m+dp/hard\libc_nano.a(lib_a-init.o)
 .debug_frame   0x000000000000464c       0x20 c:/st/stm32cubeide_1.10.1/stm32cubeide/plugins/com.st.stm32cube.ide.mcu.externaltools.gnu-tools-for-stm32.10.3-2021.10.win32_1.0.200.202301161003/tools/bin/../lib/gcc/arm-none-eabi/10.3.1/../../../../arm-none-eabi/lib/thumb/v7e-m+dp/hard\libc_nano.a(lib_a-memset.o)
 .debug_frame   0x000000000000466c       0x2c c:/st/stm32cubeide_1.10.1/stm32cubeide/plugins/com.st.stm32cube.ide.mcu.externaltools.gnu-tools-for-stm32.10.3-2021.10.win32_1.0.200.202301161003/tools/bin/../lib/gcc/arm-none-eabi/10.3.1/thumb/v7e-m+dp/hard\libgcc.a(_aeabi_uldivmod.o)
 .debug_frame   0x0000000000004698       0x34 c:/st/stm32cubeide_1.10.1/stm32cubeide/plugins/com.st.stm32cube.ide.mcu.externaltools.gnu-tools-for-stm32.10.3-2021.10.win32_1.0.200.202301161003/tools/bin/../lib/gcc/arm-none-eabi/10.3.1/thumb/v7e-m+dp/hard\libgcc.a(_udivmoddi4.o)
