Archive member included to satisfy reference by file (symbol)

c:/st/stm32cubeide_1.10.1/stm32cubeide/plugins/com.st.stm32cube.ide.mcu.externaltools.gnu-tools-for-stm32.10.3-2021.10.win32_1.0.200.202301161003/tools/bin/../lib/gcc/arm-none-eabi/10.3.1/../../../../arm-none-eabi/lib/thumb/v7e-m+dp/hard\libstdc++_nano.a(pure.o)
                              ./Core/Src/mainpp.o (__cxa_pure_virtual)
c:/st/stm32cubeide_1.10.1/stm32cubeide/plugins/com.st.stm32cube.ide.mcu.externaltools.gnu-tools-for-stm32.10.3-2021.10.win32_1.0.200.202301161003/tools/bin/../lib/gcc/arm-none-eabi/10.3.1/../../../../arm-none-eabi/lib/thumb/v7e-m+dp/hard\libstdc++_nano.a(eh_terminate.o)
                              c:/st/stm32cubeide_1.10.1/stm32cubeide/plugins/com.st.stm32cube.ide.mcu.externaltools.gnu-tools-for-stm32.10.3-2021.10.win32_1.0.200.202301161003/tools/bin/../lib/gcc/arm-none-eabi/10.3.1/../../../../arm-none-eabi/lib/thumb/v7e-m+dp/hard\libstdc++_nano.a(pure.o) (std::terminate())
c:/st/stm32cubeide_1.10.1/stm32cubeide/plugins/com.st.stm32cube.ide.mcu.externaltools.gnu-tools-for-stm32.10.3-2021.10.win32_1.0.200.202301161003/tools/bin/../lib/gcc/arm-none-eabi/10.3.1/../../../../arm-none-eabi/lib/thumb/v7e-m+dp/hard\libstdc++_nano.a(eh_unex_handler.o)
                              c:/st/stm32cubeide_1.10.1/stm32cubeide/plugins/com.st.stm32cube.ide.mcu.externaltools.gnu-tools-for-stm32.10.3-2021.10.win32_1.0.200.202301161003/tools/bin/../lib/gcc/arm-none-eabi/10.3.1/../../../../arm-none-eabi/lib/thumb/v7e-m+dp/hard\libstdc++_nano.a(eh_terminate.o) (__cxxabiv1::__unexpected_handler)
c:/st/stm32cubeide_1.10.1/stm32cubeide/plugins/com.st.stm32cube.ide.mcu.externaltools.gnu-tools-for-stm32.10.3-2021.10.win32_1.0.200.202301161003/tools/bin/../lib/gcc/arm-none-eabi/10.3.1/../../../../arm-none-eabi/lib/thumb/v7e-m+dp/hard\libstdc++_nano.a(eh_term_handler.o)
                              c:/st/stm32cubeide_1.10.1/stm32cubeide/plugins/com.st.stm32cube.ide.mcu.externaltools.gnu-tools-for-stm32.10.3-2021.10.win32_1.0.200.202301161003/tools/bin/../lib/gcc/arm-none-eabi/10.3.1/../../../../arm-none-eabi/lib/thumb/v7e-m+dp/hard\libstdc++_nano.a(eh_terminate.o) (__cxxabiv1::__terminate_handler)
c:/st/stm32cubeide_1.10.1/stm32cubeide/plugins/com.st.stm32cube.ide.mcu.externaltools.gnu-tools-for-stm32.10.3-2021.10.win32_1.0.200.202301161003/tools/bin/../lib/gcc/arm-none-eabi/10.3.1/../../../../arm-none-eabi/lib/thumb/v7e-m+dp/hard\libc_nano.a(lib_a-abort.o)
                              c:/st/stm32cubeide_1.10.1/stm32cubeide/plugins/com.st.stm32cube.ide.mcu.externaltools.gnu-tools-for-stm32.10.3-2021.10.win32_1.0.200.202301161003/tools/bin/../lib/gcc/arm-none-eabi/10.3.1/../../../../arm-none-eabi/lib/thumb/v7e-m+dp/hard\libstdc++_nano.a(eh_terminate.o) (abort)
c:/st/stm32cubeide_1.10.1/stm32cubeide/plugins/com.st.stm32cube.ide.mcu.externaltools.gnu-tools-for-stm32.10.3-2021.10.win32_1.0.200.202301161003/tools/bin/../lib/gcc/arm-none-eabi/10.3.1/../../../../arm-none-eabi/lib/thumb/v7e-m+dp/hard\libc_nano.a(lib_a-errno.o)
                              ./Core/Src/syscalls.o (__errno)
c:/st/stm32cubeide_1.10.1/stm32cubeide/plugins/com.st.stm32cube.ide.mcu.externaltools.gnu-tools-for-stm32.10.3-2021.10.win32_1.0.200.202301161003/tools/bin/../lib/gcc/arm-none-eabi/10.3.1/../../../../arm-none-eabi/lib/thumb/v7e-m+dp/hard\libc_nano.a(lib_a-exit.o)
                              c:/st/stm32cubeide_1.10.1/stm32cubeide/plugins/com.st.stm32cube.ide.mcu.externaltools.gnu-tools-for-stm32.10.3-2021.10.win32_1.0.200.202301161003/tools/bin/../lib/gcc/arm-none-eabi/10.3.1/../../../../arm-none-eabi/lib/thumb/v7e-m+dp/hard/crt0.o (exit)
c:/st/stm32cubeide_1.10.1/stm32cubeide/plugins/com.st.stm32cube.ide.mcu.externaltools.gnu-tools-for-stm32.10.3-2021.10.win32_1.0.200.202301161003/tools/bin/../lib/gcc/arm-none-eabi/10.3.1/../../../../arm-none-eabi/lib/thumb/v7e-m+dp/hard\libc_nano.a(lib_a-impure.o)
                              c:/st/stm32cubeide_1.10.1/stm32cubeide/plugins/com.st.stm32cube.ide.mcu.externaltools.gnu-tools-for-stm32.10.3-2021.10.win32_1.0.200.202301161003/tools/bin/../lib/gcc/arm-none-eabi/10.3.1/../../../../arm-none-eabi/lib/thumb/v7e-m+dp/hard\libc_nano.a(lib_a-exit.o) (_global_impure_ptr)
c:/st/stm32cubeide_1.10.1/stm32cubeide/plugins/com.st.stm32cube.ide.mcu.externaltools.gnu-tools-for-stm32.10.3-2021.10.win32_1.0.200.202301161003/tools/bin/../lib/gcc/arm-none-eabi/10.3.1/../../../../arm-none-eabi/lib/thumb/v7e-m+dp/hard\libc_nano.a(lib_a-init.o)
                              c:/st/stm32cubeide_1.10.1/stm32cubeide/plugins/com.st.stm32cube.ide.mcu.externaltools.gnu-tools-for-stm32.10.3-2021.10.win32_1.0.200.202301161003/tools/bin/../lib/gcc/arm-none-eabi/10.3.1/../../../../arm-none-eabi/lib/thumb/v7e-m+dp/hard/crt0.o (__libc_init_array)
[...]
Memory Configuration

Name             Origin             Length             Attributes
ITCMRAM          0x0000000000000000 0x0000000000010000 xrw
DTCMRAM          0x0000000020000000 0x0000000000020000 xrw
FLASH            0x0000000008000000 0x0000000000100000 xr
RAM_D1           0x0000000024000000 0x0000000000050000 xrw
RAM_D2           0x0000000030000000 0x0000000000008000 xrw
RAM_D3           0x0000000038000000 0x0000000000004000 xrw
*default*        0x0000000000000000 0xffffffffffffffff

Linker script and memory map

LOAD c:/st/stm32cubeide_1.10.1/stm32cubeide/plugins/com.st.stm32cube.ide.mcu.externaltools.gnu-tools-for-stm32.10.3-2021.10.win32_1.0.200.202301161003/tools/bin/../lib/gcc/arm-none-eabi/10.3.1/thumb/v7e-m+dp/hard/crti.o
LOAD c:/st/stm32cubeide_1.10.1/stm32cubeide/plugins/com.st.stm32cube.ide.mcu.externaltools.gnu-tools-for-stm32.10.3-2021.10.win32_1.0.200.202301161003/tools/bin/../lib/gcc/arm-none-eabi/10.3.1/thumb/v7e-m+dp/hard/crtbegin.o
LOAD c:/st/stm32cubeide_1.10.1/stm32cubeide/plugins/com.st.stm32cube.ide.mcu.externaltools.gnu-tools-for-stm32.10.3-2021.10.win32_1.0.200.202301161003/tools/bin/../lib/gcc/arm-none-eabi/10.3.1/../../../../arm-none-eabi/lib/thumb/v7e-m+dp/hard/crt0.o
LOAD ./Core/Inc/duration.o
LOAD ./Core/Inc/time.o
LOAD ./Core/Src/main.o
LOAD ./Core/Src/mainpp.o
LOAD ./Core/Src/stm32h7xx_hal_msp.o
LOAD ./Core/Src/stm32h7xx_it.o
LOAD ./Core/Src/syscalls.o
LOAD ./Core/Src/sysmem.o
LOAD ./Core/Src/system_stm32h7xx.o
LOAD ./Core/Startup/startup_stm32h723zgtx.o
LOAD ./Drivers/STM32H7xx_HAL_Driver/Src/stm32h7xx_hal.o
LOAD ./Drivers/STM32H7xx_HAL_Driver/Src/stm32h7xx_hal_cortex.o
LOAD ./Drivers/STM32H7xx_HAL_Driver/Src/stm32h7xx_hal_dma.o
LOAD ./Drivers/STM32H7xx_HAL_Driver/Src/stm32h7xx_hal_dma_ex.o
LOAD ./Drivers/STM32H7xx_HAL_Driver/Src/stm32h7xx_hal_exti.o
LOAD ./Drivers/STM32H7xx_HAL_Driver/Src/stm32h7xx_hal_flash.o
LOAD ./Drivers/STM32H7xx_HAL_Driver/Src/stm32h7xx_hal_flash_ex.o
LOAD ./Drivers/STM32H7xx_HAL_Driver/Src/stm32h7xx_hal_gpio.o
LOAD ./Drivers/STM32H7xx_HAL_Driver/Src/stm32h7xx_hal_hsem.o
LOAD ./Drivers/STM32H7xx_HAL_Driver/Src/stm32h7xx_hal_i2c.o
LOAD ./Drivers/STM32H7xx_HAL_Driver/Src/stm32h7xx_hal_i2c_ex.o
LOAD ./Drivers/STM32H7xx_HAL_Driver/Src/stm32h7xx_hal_mdma.o
LOAD ./Drivers/STM32H7xx_HAL_Driver/Src/stm32h7xx_hal_pwr.o
LOAD ./Drivers/STM32H7xx_HAL_Driver/Src/stm32h7xx_hal_pwr_ex.o
LOAD ./Drivers/STM32H7xx_HAL_Driver/Src/stm32h7xx_hal_rcc.o
LOAD ./Drivers/STM32H7xx_HAL_Driver/Src/stm32h7xx_hal_rcc_ex.o
LOAD ./Drivers/STM32H7xx_HAL_Driver/Src/stm32h7xx_hal_tim.o
LOAD ./Drivers/STM32H7xx_HAL_Driver/Src/stm32h7xx_hal_tim_ex.o
LOAD ./Drivers/STM32H7xx_HAL_Driver/Src/stm32h7xx_hal_uart.o
LOAD ./Drivers/STM32H7xx_HAL_Driver/Src/stm32h7xx_hal_uart_ex.o
START GROUP
LOAD c:/st/stm32cubeide_1.10.1/stm32cubeide/plugins/com.st.stm32cube.ide.mcu.externaltools.gnu-tools-for-stm32.10.3-2021.10.win32_1.0.200.202301161003/tools/bin/../lib/gcc/arm-none-eabi/10.3.1/../../../../arm-none-eabi/lib/thumb/v7e-m+dp/hard\libstdc++_nano.a
LOAD c:/st/stm32cubeide_1.10.1/stm32cubeide/plugins/com.st.stm32cube.ide.mcu.externaltools.gnu-tools-for-stm32.10.3-2021.10.win32_1.0.200.202301161003/tools/bin/../lib/gcc/arm-none-eabi/10.3.1/../../../../arm-none-eabi/lib/thumb/v7e-m+dp/hard\libsupc++_nano.a
END GROUP
LOAD c:/st/stm32cubeide_1.10.1/stm32cubeide/plugins/com.st.stm32cube.ide.mcu.externaltools.gnu-tools-for-stm32.10.3-2021.10.win32_1.0.200.202301161003/tools/bin/../lib/gcc/arm-none-eabi/10.3.1/../../../../arm-none-eabi/lib/thumb/v7e-m+dp/hard\libstdc++_nano.a
LOAD c:/st/stm32cubeide_1.10.1/stm32cubeide/plugins/com.st.stm32cube.ide.mcu.externaltools.gnu-tools-for-stm32.10.3-2021.10.win32_1.0.200.202301161003/tools/bin/../lib/gcc/arm-none-eabi/10.3.1/../../../../arm-none-eabi/lib/thumb/v7e-m+dp/hard\libm.a
LOAD c:/st/stm32cubeide_1.10.1/stm32cubeide/plugins/com.st.stm32cube.ide.mcu.externaltools.gnu-tools-for-stm32.10.3-2021.10.win32_1.0.200.202301161003/tools/bin/../lib/gcc/arm-none-eabi/10.3.1/../../../../arm-none-eabi/lib/thumb/v7e-m+dp/hard\libc_nano.a
START GROUP
LOAD c:/st/stm32cubeide_1.10.1/stm32cubeide/plugins/com.st.stm32cube.ide.mcu.externaltools.gnu-tools-for-stm32.10.3-2021.10.win32_1.0.200.202301161003/tools/bin/../lib/gcc/arm-none-eabi/10.3.1/thumb/v7e-m+dp/hard\libgcc.a
LOAD c:/st/stm32cubeide_1.10.1/stm32cubeide/plugins/com.st.stm32cube.ide.mcu.externaltools.gnu-tools-for-stm32.10.3-2021.10.win32_1.0.200.202301161003/tools/bin/../lib/gcc/arm-none-eabi/10.3.1/../../../../arm-none-eabi/lib/thumb/v7e-m+dp/hard\libc_nano.a
END GROUP
START GROUP
LOAD c:/st/stm32cubeide_1.10.1/stm32cubeide/plugins/com.st.stm32cube.ide.mcu.externaltools.gnu-tools-for-stm32.10.3-2021.10.win32_1.0.200.202301161003/tools/bin/../lib/gcc/arm-none-eabi/10.3.1/thumb/v7e-m+dp/hard\libgcc.a
LOAD c:/st/stm32cubeide_1.10.1/stm32cubeide/plugins/com.st.stm32cube.ide.mcu.externaltools.gnu-tools-for-stm32.10.3-2021.10.win32_1.0.200.202301161003/tools/bin/../lib/gcc/arm-none-eabi/10.3.1/../../../../arm-none-eabi/lib/thumb/v7e-m+dp/hard\libc_nano.a
LOAD c:/st/stm32cubeide_1.10.1/stm32cubeide/plugins/com.st.stm32cube.ide.mcu.externaltools.gnu-tools-for-stm32.10.3-2021.10.win32_1.0.200.202301161003/tools/bin/../lib/gcc/arm-none-eabi/10.3.1/../../../../arm-none-eabi/lib/thumb/v7e-m+dp/hard\libnosys.a
END GROUP
START GROUP
LOAD c:/st/stm32cubeide_1.10.1/stm32cubeide/plugins/com.st.stm32cube.ide.mcu.externaltools.gnu-tools-for-stm32.10.3-2021.10.win32_1.0.200.202301161003/tools/bin/../lib/gcc/arm-none-eabi/10.3.1/thumb/v7e-m+dp/hard\libgcc.a
LOAD c:/st/stm32cubeide_1.10.1/stm32cubeide/plugins/com.st.stm32cube.ide.mcu.externaltools.gnu-tools-for-stm32.10.3-2021.10.win32_1.0.200.202301161003/tools/bin/../lib/gcc/arm-none-eabi/10.3.1/../../../../arm-none-eabi/lib/thumb/v7e-m+dp/hard\libc_nano.a
LOAD c:/st/stm32cubeide_1.10.1/stm32cubeide/plugins/com.st.stm32cube.ide.mcu.externaltools.gnu-tools-for-stm32.10.3-2021.10.win32_1.0.200.202301161003/tools/bin/../lib/gcc/arm-none-eabi/10.3.1/../../../../arm-none-eabi/lib/thumb/v7e-m+dp/hard\libnosys.a
END GROUP
LOAD c:/st/stm32cubeide_1.10.1/stm32cubeide/plugins/com.st.stm32cube.ide.mcu.externaltools.gnu-tools-for-stm32.10.3-2021.10.win32_1.0.200.202301161003/tools/bin/../lib/gcc/arm-none-eabi/10.3.1/thumb/v7e-m+dp/hard/crtend.o
LOAD c:/st/stm32cubeide_1.10.1/stm32cubeide/plugins/com.st.stm32cube.ide.mcu.externaltools.gnu-tools-for-stm32.10.3-2021.10.win32_1.0.200.202301161003/tools/bin/../lib/gcc/arm-none-eabi/10.3.1/thumb/v7e-m+dp/hard/crtn.o
                0x0000000024050000                _estack = (ORIGIN (RAM_D1) + LENGTH (RAM_D1))
                0x0000000000000200                _Min_Heap_Size = 0x200
                0x0000000000000400                _Min_Stack_Size = 0x400

.isr_vector     0x0000000008000000      0x2cc
                0x0000000008000000                . = ALIGN (0x4)
 *(.isr_vector)
 .isr_vector    0x0000000008000000      0x2cc ./Core/Startup/startup_stm32h723zgtx.o
                0x0000000008000000                g_pfnVectors
                0x00000000080002cc                . = ALIGN (0x4)

.text           0x00000000080002d0     0xe468
                0x00000000080002d0                . = ALIGN (0x4)
 *(.text)
 .text          0x00000000080002d0       0x40 c:/st/stm32cubeide_1.10.1/stm32cubeide/plugins/com.st.stm32cube.ide.mcu.externaltools.gnu-tools-for-stm32.10.3-2021.10.win32_1.0.200.202301161003/tools/bin/../lib/gcc/arm-none-eabi/10.3.1/thumb/v7e-m+dp/hard/crtbegin.o
 .text          0x0000000008000310       0x10 c:/st/stm32cubeide_1.10.1/stm32cubeide/plugins/com.st.stm32cube.ide.mcu.externaltools.gnu-tools-for-stm32.10.3-2021.10.win32_1.0.200.202301161003/tools/bin/../lib/gcc/arm-none-eabi/10.3.1/../../../../arm-none-eabi/lib/thumb/v7e-m+dp/hard\libc_nano.a(lib_a-strlen.o)
                0x0000000008000310                strlen
 .text          0x0000000008000320       0x30 c:/st/stm32cubeide_1.10.1/stm32cubeide/plugins/com.st.stm32cube.ide.mcu.externaltools.gnu-tools-for-stm32.10.3-2021.10.win32_1.0.200.202301161003/tools/bin/../lib/gcc/arm-none-eabi/10.3.1/thumb/v7e-m+dp/hard\libgcc.a(_aeabi_uldivmod.o)
                0x0000000008000320                __aeabi_uldivmod
 .text          0x0000000008000350      0x2d0 c:/st/stm32cubeide_1.10.1/stm32cubeide/plugins/com.st.stm32cube.ide.mcu.externaltools.gnu-tools-for-stm32.10.3-2021.10.win32_1.0.200.202301161003/tools/bin/../lib/gcc/arm-none-eabi/10.3.1/thumb/v7e-m+dp/hard\libgcc.a(_udivmoddi4.o)
                0x0000000008000350                __udivmoddi4
 .text          0x0000000008000620        0x4 c:/st/stm32cubeide_1.10.1/stm32cubeide/plugins/com.st.stm32cube.ide.mcu.externaltools.gnu-tools-for-stm32.10.3-2021.10.win32_1.0.200.202301161003/tools/bin/../lib/gcc/arm-none-eabi/10.3.1/thumb/v7e-m+dp/hard\libgcc.a(_dvmd_tls.o)
                0x0000000008000620                __aeabi_idiv0
                0x0000000008000620                __aeabi_ldiv0
 *(.text*)
 .text._ZN3ros16normalizeSecNSecERmS0_
                0x0000000008000624       0x58 ./Core/Inc/time.o
                0x0000000008000624                ros::normalizeSecNSec(unsigned long&, unsigned long&)
 .text.main     0x000000000800067c       0xb0 ./Core/Src/main.o
                0x000000000800067c                main
 .text.SystemClock_Config
                0x000000000800072c       0xe0 ./Core/Src/main.o
                0x000000000800072c                SystemClock_Config
 .text.MX_TIM1_Init
                0x000000000800080c       0xb4 ./Core/Src/main.o
 .text.MX_TIM2_Init
                0x00000000080008c0       0xc8 ./Core/Src/main.o
 .text.MX_TIM3_Init
                0x0000000008000988       0x9c ./Core/Src/main.o
 .text.MX_TIM4_Init
                0x0000000008000a24       0xac ./Core/Src/main.o
 .text.MX_TIM5_Init
                0x0000000008000ad0       0xa0 ./Core/Src/main.o
 .text.MX_TIM8_Init
                0x0000000008000b70      0x11c ./Core/Src/main.o
 .text.MX_TIM23_Init
                0x0000000008000c8c       0xac ./Core/Src/main.o
 .text.MX_USART3_UART_Init
                0x0000000008000d38       0x98 ./Core/Src/main.o
 .text.MX_DMA_Init
                0x0000000008000dd0       0x50 ./Core/Src/main.o
 .text.MX_GPIO_Init
                0x0000000008000e20      0x104 ./Core/Src/main.o
 .text.HAL_TIM_PeriodElapsedCallback
                0x0000000008000f24       0x60 ./Core/Src/main.o
                0x0000000008000f24                HAL_TIM_PeriodElapsedCallback
 *fill*         0x0000000008000f84        0x4 
 .text.inverse_kinematics_model
                0x0000000008000f88      0x1bc ./Core/Src/main.o
                0x0000000008000f88                inverse_kinematics_model
 *fill*         0x0000000008001144        0x4 
 .text.Encoder  0x0000000008001148       0xf4 ./Core/Src/main.o
                0x0000000008001148                Encoder
 *fill*         0x000000000800123c        0x4 
 .text.PID_PWM  0x0000000008001240      0x51c ./Core/Src/main.o
                0x0000000008001240                PID_PWM
 *fill*         0x000000000800175c        0x4 
 .text.kinematics_model
                0x0000000008001760      0x180 ./Core/Src/main.o
                0x0000000008001760                kinematics_model
 .text.Error_Handler
                0x00000000080018e0        0xa ./Core/Src/main.o
                0x00000000080018e0                Error_Handler
 .text._ZN3ros4TimeC2Ev
                0x00000000080018ea       0x22 ./Core/Src/mainpp.o
                0x00000000080018ea                ros::Time::Time()
                0x00000000080018ea                ros::Time::Time()
 .text._ZN3ros3MsgC2Ev
                0x000000000800190c       0x20 ./Core/Src/mainpp.o
                0x000000000800190c                ros::Msg::Msg()
                0x000000000800190c                ros::Msg::Msg()
 .text._ZN8std_msgs4TimeC2Ev
                0x000000000800192c       0x30 ./Core/Src/mainpp.o
                0x000000000800192c                std_msgs::Time::Time()
                0x000000000800192c                std_msgs::Time::Time()
 .text._ZNK8std_msgs4Time9serializeEPh
                0x000000000800195c       0xb0 ./Core/Src/mainpp.o
                0x000000000800195c                std_msgs::Time::serialize(unsigned char*) const
 .text._ZN8std_msgs4Time11deserializeEPh
                0x0000000008001a0c       0xc8 ./Core/Src/mainpp.o
                0x0000000008001a0c                std_msgs::Time::deserialize(unsigned char*)
 .text._ZN8std_msgs4Time7getTypeEv
                0x0000000008001ad4       0x1c ./Core/Src/mainpp.o
                0x0000000008001ad4                std_msgs::Time::getType()
 .text._ZN8std_msgs4Time6getMD5Ev
                0x0000000008001af0       0x1c ./Core/Src/mainpp.o
                0x0000000008001af0                std_msgs::Time::getMD5()
 .text._ZN14rosserial_msgs9TopicInfoC2Ev
                0x0000000008001b0c       0x48 ./Core/Src/mainpp.o
                0x0000000008001b0c                rosserial_msgs::TopicInfo::TopicInfo()
                0x0000000008001b0c                rosserial_msgs::TopicInfo::TopicInfo()
 .text._ZNK14rosserial_msgs9TopicInfo9serializeEPh
                0x0000000008001b54      0x136 ./Core/Src/mainpp.o
                0x0000000008001b54                rosserial_msgs::TopicInfo::serialize(unsigned char*) const
 .text._ZN14rosserial_msgs9TopicInfo11deserializeEPh
                0x0000000008001c8a      0x1d0 ./Core/Src/mainpp.o
                0x0000000008001c8a                rosserial_msgs::TopicInfo::deserialize(unsigned char*)
 *fill*         0x0000000008001e5a        0x2 
 .text._ZN14rosserial_msgs9TopicInfo7getTypeEv
                0x0000000008001e5c       0x1c ./Core/Src/mainpp.o
                0x0000000008001e5c                rosserial_msgs::TopicInfo::getType()
 .text._ZN14rosserial_msgs9TopicInfo6getMD5Ev
                0x0000000008001e78       0x1c ./Core/Src/mainpp.o
                0x0000000008001e78                rosserial_msgs::TopicInfo::getMD5()
 .text._ZN14rosserial_msgs3LogC2Ev
                0x0000000008001e94       0x34 ./Core/Src/mainpp.o
                0x0000000008001e94                rosserial_msgs::Log::Log()
                0x0000000008001e94                rosserial_msgs::Log::Log()
 .text._ZNK14rosserial_msgs3Log9serializeEPh
                0x0000000008001ec8       0x64 ./Core/Src/mainpp.o
                0x0000000008001ec8                rosserial_msgs::Log::serialize(unsigned char*) const
 .text._ZN14rosserial_msgs3Log11deserializeEPh
                0x0000000008001f2c       0x90 ./Core/Src/mainpp.o
                0x0000000008001f2c                rosserial_msgs::Log::deserialize(unsigned char*)
 .text._ZN14rosserial_msgs3Log7getTypeEv
                0x0000000008001fbc       0x1c ./Core/Src/mainpp.o
                0x0000000008001fbc                rosserial_msgs::Log::getType()
 .text._ZN14rosserial_msgs3Log6getMD5Ev
                0x0000000008001fd8       0x1c ./Core/Src/mainpp.o
                0x0000000008001fd8                rosserial_msgs::Log::getMD5()
 .text._ZN14rosserial_msgs20RequestParamResponseC2Ev
                0x0000000008001ff4       0x48 ./Core/Src/mainpp.o
                0x0000000008001ff4                rosserial_msgs::RequestParamResponse::RequestParamResponse()
                0x0000000008001ff4                rosserial_msgs::RequestParamResponse::RequestParamResponse()
 .text._ZNK14rosserial_msgs20RequestParamResponse9serializeEPh
                0x000000000800203c      0x222 ./Core/Src/mainpp.o
                0x000000000800203c                rosserial_msgs::RequestParamResponse::serialize(unsigned char*) const
 .text._ZN14rosserial_msgs20RequestParamResponse11deserializeEPh
                0x000000000800225e      0x2e2 ./Core/Src/mainpp.o
                0x000000000800225e                rosserial_msgs::RequestParamResponse::deserialize(unsigned char*)
 .text._ZN14rosserial_msgs20RequestParamResponse7getTypeEv
                0x0000000008002540       0x1c ./Core/Src/mainpp.o
                0x0000000008002540                rosserial_msgs::RequestParamResponse::getType()
 .text._ZN14rosserial_msgs20RequestParamResponse6getMD5Ev
                0x000000000800255c       0x1c ./Core/Src/mainpp.o
                0x000000000800255c                rosserial_msgs::RequestParamResponse::getMD5()
 .text._ZN3ros9PublisherC2EPKcPNS_3MsgEi
                0x0000000008002578       0x2e ./Core/Src/mainpp.o
                0x0000000008002578                ros::Publisher::Publisher(char const*, ros::Msg*, int)
                0x0000000008002578                ros::Publisher::Publisher(char const*, ros::Msg*, int)
 .text._ZN3ros9Publisher7publishEPKNS_3MsgE
                0x00000000080025a6       0x28 ./Core/Src/mainpp.o
                0x00000000080025a6                ros::Publisher::publish(ros::Msg const*)
 .text._ZN3ros9Publisher15getEndpointTypeEv
                0x00000000080025ce       0x18 ./Core/Src/mainpp.o
                0x00000000080025ce                ros::Publisher::getEndpointType()
 *fill*         0x00000000080025e6        0x2 
 .text._ZN13STM32Hardware10getRdmaIndEv
                0x00000000080025e8      0x180 ./Core/Src/mainpp.o
                0x00000000080025e8                STM32Hardware::getRdmaInd()
 .text._ZN13STM32HardwareC2Ev
                0x0000000008002768       0x38 ./Core/Src/mainpp.o
                0x0000000008002768                STM32Hardware::STM32Hardware()
                0x0000000008002768                STM32Hardware::STM32Hardware()
 .text._ZN13STM32Hardware4initEv
                0x00000000080027a0       0x16 ./Core/Src/mainpp.o
                0x00000000080027a0                STM32Hardware::init()
 .text._ZN13STM32Hardware10reset_rbufEv
                0x00000000080027b6       0x22 ./Core/Src/mainpp.o
                0x00000000080027b6                STM32Hardware::reset_rbuf()
 .text._ZN13STM32Hardware4readEv
                0x00000000080027d8       0x5a ./Core/Src/mainpp.o
                0x00000000080027d8                STM32Hardware::read()
 *fill*         0x0000000008002832        0x2 
 .text._ZN13STM32Hardware5flushEv
                0x0000000008002834       0xb8 ./Core/Src/mainpp.o
                0x0000000008002834                STM32Hardware::flush()
 .text._ZN13STM32Hardware5writeEPhi
                0x00000000080028ec       0x8c ./Core/Src/mainpp.o
                0x00000000080028ec                STM32Hardware::write(unsigned char*, int)
 .text._ZN13STM32Hardware4timeEv
                0x0000000008002978       0x16 ./Core/Src/mainpp.o
                0x0000000008002978                STM32Hardware::time()
 *fill*         0x000000000800298e        0x2 
 .text._ZN13geometry_msgs7Vector3C2Ev
                0x0000000008002990       0x50 ./Core/Src/mainpp.o
                0x0000000008002990                geometry_msgs::Vector3::Vector3()
                0x0000000008002990                geometry_msgs::Vector3::Vector3()
 .text._ZNK13geometry_msgs7Vector39serializeEPh
                0x00000000080029e0      0x2e6 ./Core/Src/mainpp.o
                0x00000000080029e0                geometry_msgs::Vector3::serialize(unsigned char*) const
 .text._ZN13geometry_msgs7Vector311deserializeEPh
                0x0000000008002cc6      0x6be ./Core/Src/mainpp.o
                0x0000000008002cc6                geometry_msgs::Vector3::deserialize(unsigned char*)
 .text._ZN13geometry_msgs7Vector37getTypeEv
                0x0000000008003384       0x1c ./Core/Src/mainpp.o
                0x0000000008003384                geometry_msgs::Vector3::getType()
 .text._ZN13geometry_msgs7Vector36getMD5Ev
                0x00000000080033a0       0x1c ./Core/Src/mainpp.o
                0x00000000080033a0                geometry_msgs::Vector3::getMD5()
 .text._ZN13geometry_msgs5TwistC2Ev
                0x00000000080033bc       0x38 ./Core/Src/mainpp.o
                0x00000000080033bc                geometry_msgs::Twist::Twist()
                0x00000000080033bc                geometry_msgs::Twist::Twist()
 .text._ZNK13geometry_msgs5Twist9serializeEPh
                0x00000000080033f4       0x4c ./Core/Src/mainpp.o
                0x00000000080033f4                geometry_msgs::Twist::serialize(unsigned char*) const
 .text._ZN13geometry_msgs5Twist11deserializeEPh
                0x0000000008003440       0x4c ./Core/Src/mainpp.o
                0x0000000008003440                geometry_msgs::Twist::deserialize(unsigned char*)
 .text._ZN13geometry_msgs5Twist7getTypeEv
                0x000000000800348c       0x1c ./Core/Src/mainpp.o
                0x000000000800348c                geometry_msgs::Twist::getType()
 .text._ZN13geometry_msgs5Twist6getMD5Ev
                0x00000000080034a8       0x1c ./Core/Src/mainpp.o
                0x00000000080034a8                geometry_msgs::Twist::getMD5()
 .text._Z12vel_callbackRKN13geometry_msgs5TwistE
                0x00000000080034c4       0x44 ./Core/Src/mainpp.o
                0x00000000080034c4                vel_callback(geometry_msgs::Twist const&)
 .text.HAL_UART_TxCpltCallback
                0x0000000008003508       0x24 ./Core/Src/mainpp.o
                0x0000000008003508                HAL_UART_TxCpltCallback
 .text.HAL_UART_RxCpltCallback
                0x000000000800352c       0x24 ./Core/Src/mainpp.o
                0x000000000800352c                HAL_UART_RxCpltCallback
 .text.setup    0x0000000008003550       0x2c ./Core/Src/mainpp.o
                0x0000000008003550                setup
 .text.loop     0x000000000800357c       0x14 ./Core/Src/mainpp.o
                0x000000000800357c                loop
 .text.realspeed
                0x0000000008003590       0x6c ./Core/Src/mainpp.o
                0x0000000008003590                realspeed
 .text._ZN3ros3Msg8varToArrIPhmEEvT_T0_
                0x00000000080035fc       0x3c ./Core/Src/mainpp.o
                0x00000000080035fc                void ros::Msg::varToArr<unsigned char*, unsigned long>(unsigned char*, unsigned long)
 .text._ZN3ros3Msg8arrToVarImPhEEvRT_T0_
                0x0000000008003638       0x4a ./Core/Src/mainpp.o
                0x0000000008003638                void ros::Msg::arrToVar<unsigned long, unsigned char*>(unsigned long&, unsigned char*)
 *fill*         0x0000000008003682        0x2 
 .text._ZN3ros15NodeHandleBase_C2Ev
                0x0000000008003684       0x20 ./Core/Src/mainpp.o
                0x0000000008003684                ros::NodeHandleBase_::NodeHandleBase_()
                0x0000000008003684                ros::NodeHandleBase_::NodeHandleBase_()
 .text._ZN3ros11NodeHandle_I13STM32HardwareLi25ELi25ELi512ELi512EEC2Ev
                0x00000000080036a4      0x100 ./Core/Src/mainpp.o
                0x00000000080036a4                ros::NodeHandle_<STM32Hardware, 25, 25, 512, 512>::NodeHandle_()
                0x00000000080036a4                ros::NodeHandle_<STM32Hardware, 25, 25, 512, 512>::NodeHandle_()
 .text._ZN3ros11Subscriber_C2Ev
                0x00000000080037a4       0x20 ./Core/Src/mainpp.o
                0x00000000080037a4                ros::Subscriber_::Subscriber_()
                0x00000000080037a4                ros::Subscriber_::Subscriber_()
 .text._ZN3ros10SubscriberIN13geometry_msgs5TwistEvEC2EPKcPFvRKS2_Ei
                0x00000000080037c4       0x48 ./Core/Src/mainpp.o
                0x00000000080037c4                ros::Subscriber<geometry_msgs::Twist, void>::Subscriber(char const*, void (*)(geometry_msgs::Twist const&), int)
                0x00000000080037c4                ros::Subscriber<geometry_msgs::Twist, void>::Subscriber(char const*, void (*)(geometry_msgs::Twist const&), int)
 .text._ZN3ros11NodeHandle_I13STM32HardwareLi25ELi25ELi512ELi512EE11getHardwareEv
                0x000000000800380c       0x18 ./Core/Src/mainpp.o
                0x000000000800380c                ros::NodeHandle_<STM32Hardware, 25, 25, 512, 512>::getHardware()
 .text._ZN3ros11NodeHandle_I13STM32HardwareLi25ELi25ELi512ELi512EE8initNodeEv
                0x0000000008003824       0x3a ./Core/Src/mainpp.o
                0x0000000008003824                ros::NodeHandle_<STM32Hardware, 25, 25, 512, 512>::initNode()
 .text._ZN3ros11NodeHandle_I13STM32HardwareLi25ELi25ELi512ELi512EE9subscribeINS_10SubscriberIN13geometry_msgs5TwistEvEEEEbRT_
                0x000000000800385e       0x56 ./Core/Src/mainpp.o
                0x000000000800385e                bool ros::NodeHandle_<STM32Hardware, 25, 25, 512, 512>::subscribe<ros::Subscriber<geometry_msgs::Twist, void> >(ros::Subscriber<geometry_msgs::Twist, void>&)
 .text._ZN3ros11NodeHandle_I13STM32HardwareLi25ELi25ELi512ELi512EE9advertiseERNS_9PublisherE
                0x00000000080038b4       0x60 ./Core/Src/mainpp.o
                0x00000000080038b4                ros::NodeHandle_<STM32Hardware, 25, 25, 512, 512>::advertise(ros::Publisher&)
 .text._ZN3ros11NodeHandle_I13STM32HardwareLi25ELi25ELi512ELi512EE8spinOnceEv
                0x0000000008003914      0x3b2 ./Core/Src/mainpp.o
                0x0000000008003914                ros::NodeHandle_<STM32Hardware, 25, 25, 512, 512>::spinOnce()
 .text._ZN3ros11NodeHandle_I13STM32HardwareLi25ELi25ELi512ELi512EE15requestSyncTimeEv
                0x0000000008003cc6       0x3c ./Core/Src/mainpp.o
                0x0000000008003cc6                ros::NodeHandle_<STM32Hardware, 25, 25, 512, 512>::requestSyncTime()
 .text._ZN3ros11NodeHandle_I13STM32HardwareLi25ELi25ELi512ELi512EE15negotiateTopicsEv
                0x0000000008003d02      0x1be ./Core/Src/mainpp.o
                0x0000000008003d02                ros::NodeHandle_<STM32Hardware, 25, 25, 512, 512>::negotiateTopics()
 .text._ZN3ros11NodeHandle_I13STM32HardwareLi25ELi25ELi512ELi512EE8syncTimeEPh
                0x0000000008003ec0       0x98 ./Core/Src/mainpp.o
                0x0000000008003ec0                ros::NodeHandle_<STM32Hardware, 25, 25, 512, 512>::syncTime(unsigned char*)
 .text._ZN3ros11NodeHandle_I13STM32HardwareLi25ELi25ELi512ELi512EE7publishEiPKNS_3MsgE
                0x0000000008003f58      0x128 ./Core/Src/mainpp.o
                0x0000000008003f58                ros::NodeHandle_<STM32Hardware, 25, 25, 512, 512>::publish(int, ros::Msg const*)
 .text._ZN3ros11NodeHandle_I13STM32HardwareLi25ELi25ELi512ELi512EE6setNowERNS_4TimeE
                0x0000000008004080       0x80 ./Core/Src/mainpp.o
                0x0000000008004080                ros::NodeHandle_<STM32Hardware, 25, 25, 512, 512>::setNow(ros::Time&)
 .text._ZN3ros11NodeHandle_I13STM32HardwareLi25ELi25ELi512ELi512EE8logerrorEPKc
                0x0000000008004100       0x1c ./Core/Src/mainpp.o
                0x0000000008004100                ros::NodeHandle_<STM32Hardware, 25, 25, 512, 512>::logerror(char const*)
 .text._ZN3ros11NodeHandle_I13STM32HardwareLi25ELi25ELi512ELi512EE3logEcPKc
                0x000000000800411c       0x38 ./Core/Src/mainpp.o
                0x000000000800411c                ros::NodeHandle_<STM32Hardware, 25, 25, 512, 512>::log(char, char const*)
 .text._Z41__static_initialization_and_destruction_0ii
                0x0000000008004154       0x64 ./Core/Src/mainpp.o
 .text._ZN3ros10SubscriberIN13geometry_msgs5TwistEvE8callbackEPh
                0x00000000080041b8       0x2a ./Core/Src/mainpp.o
                0x00000000080041b8                ros::Subscriber<geometry_msgs::Twist, void>::callback(unsigned char*)
 .text._ZN3ros10SubscriberIN13geometry_msgs5TwistEvE15getEndpointTypeEv
                0x00000000080041e2       0x18 ./Core/Src/mainpp.o
                0x00000000080041e2                ros::Subscriber<geometry_msgs::Twist, void>::getEndpointType()
 .text._ZN3ros10SubscriberIN13geometry_msgs5TwistEvE10getMsgTypeEv
                0x00000000080041fa       0x1c ./Core/Src/mainpp.o
                0x00000000080041fa                ros::Subscriber<geometry_msgs::Twist, void>::getMsgType()
 .text._ZN3ros10SubscriberIN13geometry_msgs5TwistEvE9getMsgMD5Ev
                0x0000000008004216       0x1c ./Core/Src/mainpp.o
                0x0000000008004216                ros::Subscriber<geometry_msgs::Twist, void>::getMsgMD5()
 .text._ZN3ros11NodeHandle_I13STM32HardwareLi25ELi25ELi512ELi512EE9connectedEv
                0x0000000008004232       0x1a ./Core/Src/mainpp.o
                0x0000000008004232                ros::NodeHandle_<STM32Hardware, 25, 25, 512, 512>::connected()
 .text._GLOBAL__sub_I_Vx
                0x000000000800424c       0x10 ./Core/Src/mainpp.o
 .text.HAL_MspInit
                0x000000000800425c       0x40 ./Core/Src/stm32h7xx_hal_msp.o
                0x000000000800425c                HAL_MspInit
 .text.HAL_TIM_Encoder_MspInit
                0x000000000800429c      0x178 ./Core/Src/stm32h7xx_hal_msp.o
                0x000000000800429c                HAL_TIM_Encoder_MspInit
 .text.HAL_TIM_PWM_MspInit
                0x0000000008004414       0x70 ./Core/Src/stm32h7xx_hal_msp.o
                0x0000000008004414                HAL_TIM_PWM_MspInit
 .text.HAL_TIM_Base_MspInit
                0x0000000008004484       0x90 ./Core/Src/stm32h7xx_hal_msp.o
                0x0000000008004484                HAL_TIM_Base_MspInit
 .text.HAL_TIM_MspPostInit
                0x0000000008004514       0xc4 ./Core/Src/stm32h7xx_hal_msp.o
                0x0000000008004514                HAL_TIM_MspPostInit
 .text.HAL_UART_MspInit
                0x00000000080045d8      0x1b0 ./Core/Src/stm32h7xx_hal_msp.o
                0x00000000080045d8                HAL_UART_MspInit
 .text.NMI_Handler
                0x0000000008004788        0x6 ./Core/Src/stm32h7xx_it.o
                0x0000000008004788                NMI_Handler
 .text.HardFault_Handler
                0x000000000800478e        0x6 ./Core/Src/stm32h7xx_it.o
                0x000000000800478e                HardFault_Handler
 .text.MemManage_Handler
                0x0000000008004794        0x6 ./Core/Src/stm32h7xx_it.o
                0x0000000008004794                MemManage_Handler
 .text.BusFault_Handler
                0x000000000800479a        0x6 ./Core/Src/stm32h7xx_it.o
                0x000000000800479a                BusFault_Handler
 .text.UsageFault_Handler
                0x00000000080047a0        0x6 ./Core/Src/stm32h7xx_it.o
                0x00000000080047a0                UsageFault_Handler
 .text.SVC_Handler
                0x00000000080047a6        0xe ./Core/Src/stm32h7xx_it.o
                0x00000000080047a6                SVC_Handler
 .text.DebugMon_Handler
                0x00000000080047b4        0xe ./Core/Src/stm32h7xx_it.o
                0x00000000080047b4                DebugMon_Handler
 .text.PendSV_Handler
                0x00000000080047c2        0xe ./Core/Src/stm32h7xx_it.o
                0x00000000080047c2                PendSV_Handler
 .text.SysTick_Handler
                0x00000000080047d0        0xc ./Core/Src/stm32h7xx_it.o
                0x00000000080047d0                SysTick_Handler
 .text.RCC_IRQHandler
                0x00000000080047dc        0xe ./Core/Src/stm32h7xx_it.o
                0x00000000080047dc                RCC_IRQHandler
 *fill*         0x00000000080047ea        0x2 
 .text.DMA1_Stream0_IRQHandler
                0x00000000080047ec       0x14 ./Core/Src/stm32h7xx_it.o
                0x00000000080047ec                DMA1_Stream0_IRQHandler
 .text.DMA1_Stream1_IRQHandler
                0x0000000008004800       0x14 ./Core/Src/stm32h7xx_it.o
                0x0000000008004800                DMA1_Stream1_IRQHandler
 .text.TIM3_IRQHandler
                0x0000000008004814       0x14 ./Core/Src/stm32h7xx_it.o
                0x0000000008004814                TIM3_IRQHandler
 .text.USART3_IRQHandler
                0x0000000008004828       0x14 ./Core/Src/stm32h7xx_it.o
                0x0000000008004828                USART3_IRQHandler
 .text.TIM5_IRQHandler
                0x000000000800483c       0x14 ./Core/Src/stm32h7xx_it.o
                0x000000000800483c                TIM5_IRQHandler
 .text._getpid  0x0000000008004850       0x10 ./Core/Src/syscalls.o
                0x0000000008004850                _getpid
 .text._kill    0x0000000008004860       0x20 ./Core/Src/syscalls.o
                0x0000000008004860                _kill
 .text._exit    0x0000000008004880       0x14 ./Core/Src/syscalls.o
                0x0000000008004880                _exit
 .text._sbrk    0x0000000008004894       0x6c ./Core/Src/sysmem.o
                0x0000000008004894                _sbrk
 .text.SystemInit
                0x0000000008004900       0xf0 ./Core/Src/system_stm32h7xx.o
                0x0000000008004900                SystemInit
 .text.Reset_Handler
                0x00000000080049f0       0x50 ./Core/Startup/startup_stm32h723zgtx.o
                0x00000000080049f0                Reset_Handler
 .text.Default_Handler
                0x0000000008004a40        0x2 ./Core/Startup/startup_stm32h723zgtx.o
                0x0000000008004a40                RTC_Alarm_IRQHandler
                0x0000000008004a40                EXTI2_IRQHandler
                0x0000000008004a40                TIM8_CC_IRQHandler
                0x0000000008004a40                UART8_IRQHandler
                0x0000000008004a40                SPI4_IRQHandler
                0x0000000008004a40                FDCAN3_IT0_IRQHandler
                0x0000000008004a40                TIM1_CC_IRQHandler
                0x0000000008004a40                BDMA_Channel6_IRQHandler
                0x0000000008004a40                DMA2_Stream5_IRQHandler
                0x0000000008004a40                DMA1_Stream5_IRQHandler
                0x0000000008004a40                CORDIC_IRQHandler
                0x0000000008004a40                BDMA_Channel1_IRQHandler
                0x0000000008004a40                TAMP_STAMP_IRQHandler
                0x0000000008004a40                EXTI3_IRQHandler
                0x0000000008004a40                LPTIM4_IRQHandler
                0x0000000008004a40                TIM8_TRG_COM_TIM14_IRQHandler
                0x0000000008004a40                LPTIM2_IRQHandler
                0x0000000008004a40                DFSDM1_FLT1_IRQHandler
                0x0000000008004a40                DMAMUX2_OVR_IRQHandler
                0x0000000008004a40                TIM8_UP_TIM13_IRQHandler
                0x0000000008004a40                I2C3_ER_IRQHandler
                0x0000000008004a40                DFSDM1_FLT2_IRQHandler
                0x0000000008004a40                I2C5_EV_IRQHandler
                0x0000000008004a40                USART10_IRQHandler
                0x0000000008004a40                MDMA_IRQHandler
                0x0000000008004a40                LPTIM3_IRQHandler
                0x0000000008004a40                HSEM1_IRQHandler
                0x0000000008004a40                EXTI0_IRQHandler
                0x0000000008004a40                I2C2_EV_IRQHandler
                0x0000000008004a40                DMA1_Stream2_IRQHandler
                0x0000000008004a40                FPU_IRQHandler
                0x0000000008004a40                OTG_HS_WKUP_IRQHandler
                0x0000000008004a40                FDCAN1_IT1_IRQHandler
                0x0000000008004a40                LTDC_ER_IRQHandler
                0x0000000008004a40                DMA2_Stream2_IRQHandler
                0x0000000008004a40                SPI1_IRQHandler
                0x0000000008004a40                OCTOSPI1_IRQHandler
                0x0000000008004a40                TIM6_DAC_IRQHandler
                0x0000000008004a40                DMA2_Stream3_IRQHandler
                0x0000000008004a40                OCTOSPI2_IRQHandler
                0x0000000008004a40                DFSDM1_FLT3_IRQHandler
                0x0000000008004a40                TIM23_IRQHandler
                0x0000000008004a40                USART6_IRQHandler
                0x0000000008004a40                TIM17_IRQHandler
                0x0000000008004a40                BDMA_Channel7_IRQHandler
                0x0000000008004a40                LPTIM5_IRQHandler
                0x0000000008004a40                UART5_IRQHandler
                0x0000000008004a40                ADC3_IRQHandler
                0x0000000008004a40                DMA2_Stream0_IRQHandler
                0x0000000008004a40                TIM4_IRQHandler
                0x0000000008004a40                BDMA_Channel2_IRQHandler
                0x0000000008004a40                I2C1_EV_IRQHandler
                0x0000000008004a40                DMA1_Stream6_IRQHandler
                0x0000000008004a40                DMAMUX1_OVR_IRQHandler
                0x0000000008004a40                TIM16_IRQHandler
                0x0000000008004a40                UART4_IRQHandler
                0x0000000008004a40                BDMA_Channel5_IRQHandler
                0x0000000008004a40                UART9_IRQHandler
                0x0000000008004a40                TIM8_BRK_TIM12_IRQHandler
                0x0000000008004a40                TIM1_TRG_COM_IRQHandler
                0x0000000008004a40                Default_Handler
                0x0000000008004a40                ECC_IRQHandler
                0x0000000008004a40                FMAC_IRQHandler
                0x0000000008004a40                CEC_IRQHandler
                0x0000000008004a40                EXTI15_10_IRQHandler
                0x0000000008004a40                BDMA_Channel0_IRQHandler
                0x0000000008004a40                ADC_IRQHandler
                0x0000000008004a40                I2C5_ER_IRQHandler
                0x0000000008004a40                DMA1_Stream7_IRQHandler
                0x0000000008004a40                SPI5_IRQHandler
                0x0000000008004a40                TIM7_IRQHandler
                0x0000000008004a40                FDCAN3_IT1_IRQHandler
                0x0000000008004a40                SDMMC1_IRQHandler
                0x0000000008004a40                DMA2_Stream7_IRQHandler
                0x0000000008004a40                TIM15_IRQHandler
                0x0000000008004a40                PVD_AVD_IRQHandler
                0x0000000008004a40                I2C3_EV_IRQHandler
                0x0000000008004a40                EXTI9_5_IRQHandler
                0x0000000008004a40                RTC_WKUP_IRQHandler
                0x0000000008004a40                LTDC_IRQHandler
                0x0000000008004a40                ETH_WKUP_IRQHandler
                0x0000000008004a40                SPDIF_RX_IRQHandler
                0x0000000008004a40                SPI2_IRQHandler
                0x0000000008004a40                OTG_HS_EP1_IN_IRQHandler
                0x0000000008004a40                TIM24_IRQHandler
                0x0000000008004a40                CRS_IRQHandler
                0x0000000008004a40                EXTI4_IRQHandler
                0x0000000008004a40                RNG_IRQHandler
                0x0000000008004a40                FDCAN2_IT1_IRQHandler
                0x0000000008004a40                ETH_IRQHandler
                0x0000000008004a40                TIM1_UP_IRQHandler
                0x0000000008004a40                BDMA_Channel4_IRQHandler
                0x0000000008004a40                OTG_HS_EP1_OUT_IRQHandler
                0x0000000008004a40                WWDG_IRQHandler
                0x0000000008004a40                SPI6_IRQHandler
                0x0000000008004a40                MDIOS_IRQHandler
                0x0000000008004a40                I2C4_EV_IRQHandler
                0x0000000008004a40                FDCAN2_IT0_IRQHandler
                0x0000000008004a40                LPUART1_IRQHandler
                0x0000000008004a40                FDCAN1_IT0_IRQHandler
                0x0000000008004a40                TIM2_IRQHandler
                0x0000000008004a40                OTG_HS_IRQHandler
                0x0000000008004a40                DMA2D_IRQHandler
                0x0000000008004a40                TIM1_BRK_IRQHandler
                0x0000000008004a40                EXTI1_IRQHandler
                0x0000000008004a40                SDMMC2_IRQHandler
                0x0000000008004a40                BDMA_Channel3_IRQHandler
                0x0000000008004a40                DTS_IRQHandler
                0x0000000008004a40                UART7_IRQHandler
                0x0000000008004a40                MDIOS_WKUP_IRQHandler
                0x0000000008004a40                USART2_IRQHandler
                0x0000000008004a40                DFSDM1_FLT0_IRQHandler
                0x0000000008004a40                SAI4_IRQHandler
                0x0000000008004a40                I2C2_ER_IRQHandler
                0x0000000008004a40                DMA2_Stream1_IRQHandler
                0x0000000008004a40                FLASH_IRQHandler
                0x0000000008004a40                DMA2_Stream4_IRQHandler
                0x0000000008004a40                USART1_IRQHandler
                0x0000000008004a40                SPI3_IRQHandler
                0x0000000008004a40                WAKEUP_PIN_IRQHandler
                0x0000000008004a40                DMA1_Stream4_IRQHandler
                0x0000000008004a40                I2C1_ER_IRQHandler
                0x0000000008004a40                FMC_IRQHandler
                0x0000000008004a40                FDCAN_CAL_IRQHandler
                0x0000000008004a40                SWPMI1_IRQHandler
                0x0000000008004a40                COMP1_IRQHandler
                0x0000000008004a40                LPTIM1_IRQHandler
                0x0000000008004a40                DCMI_PSSI_IRQHandler
                0x0000000008004a40                I2C4_ER_IRQHandler
                0x0000000008004a40                DMA2_Stream6_IRQHandler
                0x0000000008004a40                SAI1_IRQHandler
                0x0000000008004a40                DMA1_Stream3_IRQHandler
 *fill*         0x0000000008004a42        0x2 
 .text.HAL_Init
                0x0000000008004a44       0x78 ./Drivers/STM32H7xx_HAL_Driver/Src/stm32h7xx_hal.o
                0x0000000008004a44                HAL_Init
 .text.HAL_InitTick
                0x0000000008004abc       0x6c ./Drivers/STM32H7xx_HAL_Driver/Src/stm32h7xx_hal.o
                0x0000000008004abc                HAL_InitTick
 .text.HAL_IncTick
                0x0000000008004b28       0x28 ./Drivers/STM32H7xx_HAL_Driver/Src/stm32h7xx_hal.o
                0x0000000008004b28                HAL_IncTick
 .text.HAL_GetTick
                0x0000000008004b50       0x18 ./Drivers/STM32H7xx_HAL_Driver/Src/stm32h7xx_hal.o
                0x0000000008004b50                HAL_GetTick
 .text.__NVIC_SetPriorityGrouping
                0x0000000008004b68       0x48 ./Drivers/STM32H7xx_HAL_Driver/Src/stm32h7xx_hal_cortex.o
 .text.__NVIC_GetPriorityGrouping
                0x0000000008004bb0       0x1c ./Drivers/STM32H7xx_HAL_Driver/Src/stm32h7xx_hal_cortex.o
 .text.__NVIC_EnableIRQ
                0x0000000008004bcc       0x3c ./Drivers/STM32H7xx_HAL_Driver/Src/stm32h7xx_hal_cortex.o
 .text.__NVIC_SetPriority
                0x0000000008004c08       0x54 ./Drivers/STM32H7xx_HAL_Driver/Src/stm32h7xx_hal_cortex.o
 .text.NVIC_EncodePriority
                0x0000000008004c5c       0x66 ./Drivers/STM32H7xx_HAL_Driver/Src/stm32h7xx_hal_cortex.o
 *fill*         0x0000000008004cc2        0x2 
 .text.SysTick_Config
                0x0000000008004cc4       0x44 ./Drivers/STM32H7xx_HAL_Driver/Src/stm32h7xx_hal_cortex.o
 .text.HAL_NVIC_SetPriorityGrouping
                0x0000000008004d08       0x16 ./Drivers/STM32H7xx_HAL_Driver/Src/stm32h7xx_hal_cortex.o
                0x0000000008004d08                HAL_NVIC_SetPriorityGrouping
 .text.HAL_NVIC_SetPriority
                0x0000000008004d1e       0x34 ./Drivers/STM32H7xx_HAL_Driver/Src/stm32h7xx_hal_cortex.o
                0x0000000008004d1e                HAL_NVIC_SetPriority
 .text.HAL_NVIC_EnableIRQ
                0x0000000008004d52       0x1c ./Drivers/STM32H7xx_HAL_Driver/Src/stm32h7xx_hal_cortex.o
                0x0000000008004d52                HAL_NVIC_EnableIRQ
 .text.HAL_SYSTICK_Config
                0x0000000008004d6e       0x18 ./Drivers/STM32H7xx_HAL_Driver/Src/stm32h7xx_hal_cortex.o
                0x0000000008004d6e                HAL_SYSTICK_Config
 *fill*         0x0000000008004d86        0x2 
 .text.HAL_DMA_Init
                0x0000000008004d88      0x6b4 ./Drivers/STM32H7xx_HAL_Driver/Src/stm32h7xx_hal_dma.o
                0x0000000008004d88                HAL_DMA_Init
 .text.HAL_DMA_Start_IT
                0x000000000800543c      0x4d4 ./Drivers/STM32H7xx_HAL_Driver/Src/stm32h7xx_hal_dma.o
                0x000000000800543c                HAL_DMA_Start_IT
 .text.HAL_DMA_Abort
                0x0000000008005910      0x63c ./Drivers/STM32H7xx_HAL_Driver/Src/stm32h7xx_hal_dma.o
                0x0000000008005910                HAL_DMA_Abort
 .text.HAL_DMA_Abort_IT
                0x0000000008005f4c      0x48c ./Drivers/STM32H7xx_HAL_Driver/Src/stm32h7xx_hal_dma.o
                0x0000000008005f4c                HAL_DMA_Abort_IT
 .text.HAL_DMA_IRQHandler
                0x00000000080063d8      0xe54 ./Drivers/STM32H7xx_HAL_Driver/Src/stm32h7xx_hal_dma.o
                0x00000000080063d8                HAL_DMA_IRQHandler
 .text.DMA_SetConfig
                0x000000000800722c      0x358 ./Drivers/STM32H7xx_HAL_Driver/Src/stm32h7xx_hal_dma.o
 .text.DMA_CalcBaseAndBitshift
                0x0000000008007584      0x164 ./Drivers/STM32H7xx_HAL_Driver/Src/stm32h7xx_hal_dma.o
 .text.DMA_CheckFifoParam
                0x00000000080076e8       0xf8 ./Drivers/STM32H7xx_HAL_Driver/Src/stm32h7xx_hal_dma.o
 .text.DMA_CalcDMAMUXChannelBaseAndMask
                0x00000000080077e0      0x134 ./Drivers/STM32H7xx_HAL_Driver/Src/stm32h7xx_hal_dma.o
 .text.DMA_CalcDMAMUXRequestGenBaseAndMask
                0x0000000008007914       0xe8 ./Drivers/STM32H7xx_HAL_Driver/Src/stm32h7xx_hal_dma.o
 .text.HAL_GPIO_Init
                0x00000000080079fc      0x350 ./Drivers/STM32H7xx_HAL_Driver/Src/stm32h7xx_hal_gpio.o
                0x00000000080079fc                HAL_GPIO_Init
 .text.HAL_GPIO_WritePin
                0x0000000008007d4c       0x32 ./Drivers/STM32H7xx_HAL_Driver/Src/stm32h7xx_hal_gpio.o
                0x0000000008007d4c                HAL_GPIO_WritePin
 *fill*         0x0000000008007d7e        0x2 
 .text.HAL_PWREx_ConfigSupply
                0x0000000008007d80       0x74 ./Drivers/STM32H7xx_HAL_Driver/Src/stm32h7xx_hal_pwr_ex.o
                0x0000000008007d80                HAL_PWREx_ConfigSupply
 .text.HAL_RCC_OscConfig
                0x0000000008007df4      0x7b4 ./Drivers/STM32H7xx_HAL_Driver/Src/stm32h7xx_hal_rcc.o
                0x0000000008007df4                HAL_RCC_OscConfig
 .text.HAL_RCC_ClockConfig
                0x00000000080085a8      0x36c ./Drivers/STM32H7xx_HAL_Driver/Src/stm32h7xx_hal_rcc.o
                0x00000000080085a8                HAL_RCC_ClockConfig
 .text.HAL_RCC_GetSysClockFreq
                0x0000000008008914      0x2f4 ./Drivers/STM32H7xx_HAL_Driver/Src/stm32h7xx_hal_rcc.o
                0x0000000008008914                HAL_RCC_GetSysClockFreq
 .text.HAL_RCC_GetHCLKFreq
                0x0000000008008c08       0x60 ./Drivers/STM32H7xx_HAL_Driver/Src/stm32h7xx_hal_rcc.o
                0x0000000008008c08                HAL_RCC_GetHCLKFreq
 .text.HAL_RCC_GetPCLK1Freq
                0x0000000008008c68       0x2c ./Drivers/STM32H7xx_HAL_Driver/Src/stm32h7xx_hal_rcc.o
                0x0000000008008c68                HAL_RCC_GetPCLK1Freq
 .text.HAL_RCC_GetPCLK2Freq
                0x0000000008008c94       0x2c ./Drivers/STM32H7xx_HAL_Driver/Src/stm32h7xx_hal_rcc.o
                0x0000000008008c94                HAL_RCC_GetPCLK2Freq
 .text.HAL_RCCEx_PeriphCLKConfig
                0x0000000008008cc0     0x1340 ./Drivers/STM32H7xx_HAL_Driver/Src/stm32h7xx_hal_rcc_ex.o
                0x0000000008008cc0                HAL_RCCEx_PeriphCLKConfig
 .text.HAL_RCCEx_GetD3PCLK1Freq
                0x000000000800a000       0x2c ./Drivers/STM32H7xx_HAL_Driver/Src/stm32h7xx_hal_rcc_ex.o
                0x000000000800a000                HAL_RCCEx_GetD3PCLK1Freq
 .text.HAL_RCCEx_GetPLL2ClockFreq
                0x000000000800a02c      0x2a8 ./Drivers/STM32H7xx_HAL_Driver/Src/stm32h7xx_hal_rcc_ex.o
                0x000000000800a02c                HAL_RCCEx_GetPLL2ClockFreq
 .text.HAL_RCCEx_GetPLL3ClockFreq
                0x000000000800a2d4      0x2a8 ./Drivers/STM32H7xx_HAL_Driver/Src/stm32h7xx_hal_rcc_ex.o
                0x000000000800a2d4                HAL_RCCEx_GetPLL3ClockFreq
 .text.RCCEx_PLL2_Config
                0x000000000800a57c      0x164 ./Drivers/STM32H7xx_HAL_Driver/Src/stm32h7xx_hal_rcc_ex.o
 .text.RCCEx_PLL3_Config
                0x000000000800a6e0      0x164 ./Drivers/STM32H7xx_HAL_Driver/Src/stm32h7xx_hal_rcc_ex.o
 .text.HAL_TIM_Base_Init
                0x000000000800a844       0xae ./Drivers/STM32H7xx_HAL_Driver/Src/stm32h7xx_hal_tim.o
                0x000000000800a844                HAL_TIM_Base_Init
 *fill*         0x000000000800a8f2        0x2 
 .text.HAL_TIM_Base_Start_IT
                0x000000000800a8f4      0x10c ./Drivers/STM32H7xx_HAL_Driver/Src/stm32h7xx_hal_tim.o
                0x000000000800a8f4                HAL_TIM_Base_Start_IT
 .text.HAL_TIM_PWM_Init
                0x000000000800aa00       0xae ./Drivers/STM32H7xx_HAL_Driver/Src/stm32h7xx_hal_tim.o
                0x000000000800aa00                HAL_TIM_PWM_Init
 *fill*         0x000000000800aaae        0x2 
 .text.HAL_TIM_PWM_Start
                0x000000000800aab0      0x238 ./Drivers/STM32H7xx_HAL_Driver/Src/stm32h7xx_hal_tim.o
                0x000000000800aab0                HAL_TIM_PWM_Start
 .text.HAL_TIM_Encoder_Init
                0x000000000800ace8      0x14c ./Drivers/STM32H7xx_HAL_Driver/Src/stm32h7xx_hal_tim.o
                0x000000000800ace8                HAL_TIM_Encoder_Init
 .text.HAL_TIM_Encoder_Start
                0x000000000800ae34      0x11c ./Drivers/STM32H7xx_HAL_Driver/Src/stm32h7xx_hal_tim.o
                0x000000000800ae34                HAL_TIM_Encoder_Start
 .text.HAL_TIM_IRQHandler
                0x000000000800af50      0x23e ./Drivers/STM32H7xx_HAL_Driver/Src/stm32h7xx_hal_tim.o
                0x000000000800af50                HAL_TIM_IRQHandler
 *fill*         0x000000000800b18e        0x2 
 .text.HAL_TIM_PWM_ConfigChannel
                0x000000000800b190      0x228 ./Drivers/STM32H7xx_HAL_Driver/Src/stm32h7xx_hal_tim.o
                0x000000000800b190                HAL_TIM_PWM_ConfigChannel
 .text.HAL_TIM_ConfigClockSource
                0x000000000800b3b8      0x1f0 ./Drivers/STM32H7xx_HAL_Driver/Src/stm32h7xx_hal_tim.o
                0x000000000800b3b8                HAL_TIM_ConfigClockSource
 .text.HAL_TIM_OC_DelayElapsedCallback
                0x000000000800b5a8       0x14 ./Drivers/STM32H7xx_HAL_Driver/Src/stm32h7xx_hal_tim.o
                0x000000000800b5a8                HAL_TIM_OC_DelayElapsedCallback
 .text.HAL_TIM_IC_CaptureCallback
                0x000000000800b5bc       0x14 ./Drivers/STM32H7xx_HAL_Driver/Src/stm32h7xx_hal_tim.o
                0x000000000800b5bc                HAL_TIM_IC_CaptureCallback
 .text.HAL_TIM_PWM_PulseFinishedCallback
                0x000000000800b5d0       0x14 ./Drivers/STM32H7xx_HAL_Driver/Src/stm32h7xx_hal_tim.o
                0x000000000800b5d0                HAL_TIM_PWM_PulseFinishedCallback
 .text.HAL_TIM_TriggerCallback
                0x000000000800b5e4       0x14 ./Drivers/STM32H7xx_HAL_Driver/Src/stm32h7xx_hal_tim.o
                0x000000000800b5e4                HAL_TIM_TriggerCallback
 .text.TIM_Base_SetConfig
                0x000000000800b5f8      0x14c ./Drivers/STM32H7xx_HAL_Driver/Src/stm32h7xx_hal_tim.o
                0x000000000800b5f8                TIM_Base_SetConfig
 .text.TIM_OC1_SetConfig
                0x000000000800b744      0x120 ./Drivers/STM32H7xx_HAL_Driver/Src/stm32h7xx_hal_tim.o
 .text.TIM_OC2_SetConfig
                0x000000000800b864      0x114 ./Drivers/STM32H7xx_HAL_Driver/Src/stm32h7xx_hal_tim.o
                0x000000000800b864                TIM_OC2_SetConfig
 .text.TIM_OC3_SetConfig
                0x000000000800b978      0x110 ./Drivers/STM32H7xx_HAL_Driver/Src/stm32h7xx_hal_tim.o
 .text.TIM_OC4_SetConfig
                0x000000000800ba88       0xd4 ./Drivers/STM32H7xx_HAL_Driver/Src/stm32h7xx_hal_tim.o
 .text.TIM_OC5_SetConfig
                0x000000000800bb5c       0xc8 ./Drivers/STM32H7xx_HAL_Driver/Src/stm32h7xx_hal_tim.o
 .text.TIM_OC6_SetConfig
                0x000000000800bc24       0xcc ./Drivers/STM32H7xx_HAL_Driver/Src/stm32h7xx_hal_tim.o
 .text.TIM_TI1_ConfigInputStage
                0x000000000800bcf0       0x5e ./Drivers/STM32H7xx_HAL_Driver/Src/stm32h7xx_hal_tim.o
 .text.TIM_TI2_ConfigInputStage
                0x000000000800bd4e       0x60 ./Drivers/STM32H7xx_HAL_Driver/Src/stm32h7xx_hal_tim.o
 *fill*         0x000000000800bdae        0x2 
 .text.TIM_ITRx_SetConfig
                0x000000000800bdb0       0x3c ./Drivers/STM32H7xx_HAL_Driver/Src/stm32h7xx_hal_tim.o
 .text.TIM_ETR_SetConfig
                0x000000000800bdec       0x40 ./Drivers/STM32H7xx_HAL_Driver/Src/stm32h7xx_hal_tim.o
                0x000000000800bdec                TIM_ETR_SetConfig
 .text.TIM_CCxChannelCmd
                0x000000000800be2c       0x4a ./Drivers/STM32H7xx_HAL_Driver/Src/stm32h7xx_hal_tim.o
                0x000000000800be2c                TIM_CCxChannelCmd
 *fill*         0x000000000800be76        0x2 
 .text.HAL_TIMEx_MasterConfigSynchronization
                0x000000000800be78      0x138 ./Drivers/STM32H7xx_HAL_Driver/Src/stm32h7xx_hal_tim_ex.o
                0x000000000800be78                HAL_TIMEx_MasterConfigSynchronization
 .text.HAL_TIMEx_ConfigBreakDeadTime
                0x000000000800bfb0      0x140 ./Drivers/STM32H7xx_HAL_Driver/Src/stm32h7xx_hal_tim_ex.o
                0x000000000800bfb0                HAL_TIMEx_ConfigBreakDeadTime
 .text.HAL_TIMEx_CommutCallback
                0x000000000800c0f0       0x14 ./Drivers/STM32H7xx_HAL_Driver/Src/stm32h7xx_hal_tim_ex.o
                0x000000000800c0f0                HAL_TIMEx_CommutCallback
 .text.HAL_TIMEx_BreakCallback
                0x000000000800c104       0x14 ./Drivers/STM32H7xx_HAL_Driver/Src/stm32h7xx_hal_tim_ex.o
                0x000000000800c104                HAL_TIMEx_BreakCallback
 .text.HAL_TIMEx_Break2Callback
                0x000000000800c118       0x14 ./Drivers/STM32H7xx_HAL_Driver/Src/stm32h7xx_hal_tim_ex.o
                0x000000000800c118                HAL_TIMEx_Break2Callback
 .text.HAL_UART_Init
                0x000000000800c12c       0xa0 ./Drivers/STM32H7xx_HAL_Driver/Src/stm32h7xx_hal_uart.o
                0x000000000800c12c                HAL_UART_Init
 .text.HAL_UART_Transmit_DMA
                0x000000000800c1cc      0x100 ./Drivers/STM32H7xx_HAL_Driver/Src/stm32h7xx_hal_uart.o
                0x000000000800c1cc                HAL_UART_Transmit_DMA
 .text.HAL_UART_Receive_DMA
                0x000000000800c2cc       0x98 ./Drivers/STM32H7xx_HAL_Driver/Src/stm32h7xx_hal_uart.o
                0x000000000800c2cc                HAL_UART_Receive_DMA
 .text.HAL_UART_IRQHandler
                0x000000000800c364      0x774 ./Drivers/STM32H7xx_HAL_Driver/Src/stm32h7xx_hal_uart.o
                0x000000000800c364                HAL_UART_IRQHandler
 .text.HAL_UART_TxHalfCpltCallback
                0x000000000800cad8       0x14 ./Drivers/STM32H7xx_HAL_Driver/Src/stm32h7xx_hal_uart.o
                0x000000000800cad8                HAL_UART_TxHalfCpltCallback
 .text.HAL_UART_RxHalfCpltCallback
                0x000000000800caec       0x14 ./Drivers/STM32H7xx_HAL_Driver/Src/stm32h7xx_hal_uart.o
                0x000000000800caec                HAL_UART_RxHalfCpltCallback
 .text.HAL_UART_ErrorCallback
                0x000000000800cb00       0x14 ./Drivers/STM32H7xx_HAL_Driver/Src/stm32h7xx_hal_uart.o
                0x000000000800cb00                HAL_UART_ErrorCallback
 .text.HAL_UARTEx_RxEventCallback
                0x000000000800cb14       0x18 ./Drivers/STM32H7xx_HAL_Driver/Src/stm32h7xx_hal_uart.o
                0x000000000800cb14                HAL_UARTEx_RxEventCallback
 .text.UART_SetConfig
                0x000000000800cb2c      0xcd8 ./Drivers/STM32H7xx_HAL_Driver/Src/stm32h7xx_hal_uart.o
                0x000000000800cb2c                UART_SetConfig
 .text.UART_AdvFeatureConfig
                0x000000000800d804      0x144 ./Drivers/STM32H7xx_HAL_Driver/Src/stm32h7xx_hal_uart.o
                0x000000000800d804                UART_AdvFeatureConfig
 .text.UART_CheckIdleState
                0x000000000800d948      0x154 ./Drivers/STM32H7xx_HAL_Driver/Src/stm32h7xx_hal_uart.o
                0x000000000800d948                UART_CheckIdleState
 .text.UART_WaitOnFlagUntilTimeout
                0x000000000800da9c       0xce ./Drivers/STM32H7xx_HAL_Driver/Src/stm32h7xx_hal_uart.o
                0x000000000800da9c                UART_WaitOnFlagUntilTimeout
 *fill*         0x000000000800db6a        0x2 
 .text.UART_Start_Receive_DMA
                0x000000000800db6c      0x14c ./Drivers/STM32H7xx_HAL_Driver/Src/stm32h7xx_hal_uart.o
                0x000000000800db6c                UART_Start_Receive_DMA
 .text.UART_EndTxTransfer
                0x000000000800dcb8       0x82 ./Drivers/STM32H7xx_HAL_Driver/Src/stm32h7xx_hal_uart.o
 *fill*         0x000000000800dd3a        0x2 
 .text.UART_EndRxTransfer
                0x000000000800dd3c       0xcc ./Drivers/STM32H7xx_HAL_Driver/Src/stm32h7xx_hal_uart.o
 .text.UART_DMATransmitCplt
                0x000000000800de08       0x96 ./Drivers/STM32H7xx_HAL_Driver/Src/stm32h7xx_hal_uart.o
 .text.UART_DMATxHalfCplt
                0x000000000800de9e       0x1c ./Drivers/STM32H7xx_HAL_Driver/Src/stm32h7xx_hal_uart.o
 .text.UART_DMAReceiveCplt
                0x000000000800deba      0x128 ./Drivers/STM32H7xx_HAL_Driver/Src/stm32h7xx_hal_uart.o
 .text.UART_DMARxHalfCplt
                0x000000000800dfe2       0x3e ./Drivers/STM32H7xx_HAL_Driver/Src/stm32h7xx_hal_uart.o
 .text.UART_DMAError
                0x000000000800e020       0x80 ./Drivers/STM32H7xx_HAL_Driver/Src/stm32h7xx_hal_uart.o
 .text.UART_DMAAbortOnError
                0x000000000800e0a0       0x2c ./Drivers/STM32H7xx_HAL_Driver/Src/stm32h7xx_hal_uart.o
 .text.UART_EndTransmit_IT
                0x000000000800e0cc       0x56 ./Drivers/STM32H7xx_HAL_Driver/Src/stm32h7xx_hal_uart.o
 .text.HAL_UARTEx_WakeupCallback
                0x000000000800e122       0x14 ./Drivers/STM32H7xx_HAL_Driver/Src/stm32h7xx_hal_uart_ex.o
                0x000000000800e122                HAL_UARTEx_WakeupCallback
 .text.HAL_UARTEx_RxFifoFullCallback
                0x000000000800e136       0x14 ./Drivers/STM32H7xx_HAL_Driver/Src/stm32h7xx_hal_uart_ex.o
                0x000000000800e136                HAL_UARTEx_RxFifoFullCallback
 .text.HAL_UARTEx_TxFifoEmptyCallback
                0x000000000800e14a       0x14 ./Drivers/STM32H7xx_HAL_Driver/Src/stm32h7xx_hal_uart_ex.o
                0x000000000800e14a                HAL_UARTEx_TxFifoEmptyCallback
 .text.HAL_UARTEx_DisableFifoMode
                0x000000000800e15e       0x72 ./Drivers/STM32H7xx_HAL_Driver/Src/stm32h7xx_hal_uart_ex.o
                0x000000000800e15e                HAL_UARTEx_DisableFifoMode
 .text.HAL_UARTEx_SetTxFifoThreshold
                0x000000000800e1d0       0x7c ./Drivers/STM32H7xx_HAL_Driver/Src/stm32h7xx_hal_uart_ex.o
                0x000000000800e1d0                HAL_UARTEx_SetTxFifoThreshold
 .text.HAL_UARTEx_SetRxFifoThreshold
                0x000000000800e24c       0x7c ./Drivers/STM32H7xx_HAL_Driver/Src/stm32h7xx_hal_uart_ex.o
                0x000000000800e24c                HAL_UARTEx_SetRxFifoThreshold
 .text.UARTEx_SetNbDataToProcess
                0x000000000800e2c8       0x9c ./Drivers/STM32H7xx_HAL_Driver/Src/stm32h7xx_hal_uart_ex.o
 .text.__cxa_pure_virtual
                0x000000000800e364        0x6 c:/st/stm32cubeide_1.10.1/stm32cubeide/plugins/com.st.stm32cube.ide.mcu.externaltools.gnu-tools-for-stm32.10.3-2021.10.win32_1.0.200.202301161003/tools/bin/../lib/gcc/arm-none-eabi/10.3.1/../../../../arm-none-eabi/lib/thumb/v7e-m+dp/hard\libstdc++_nano.a(pure.o)
                0x000000000800e364                __cxa_pure_virtual
 .text._ZN10__cxxabiv111__terminateEPFvvE
                0x000000000800e36a        0x8 c:/st/stm32cubeide_1.10.1/stm32cubeide/plugins/com.st.stm32cube.ide.mcu.externaltools.gnu-tools-for-stm32.10.3-2021.10.win32_1.0.200.202301161003/tools/bin/../lib/gcc/arm-none-eabi/10.3.1/../../../../arm-none-eabi/lib/thumb/v7e-m+dp/hard\libstdc++_nano.a(eh_terminate.o)
                0x000000000800e36a                __cxxabiv1::__terminate(void (*)())
 *fill*         0x000000000800e372        0x2 
 .text._ZSt13get_terminatev
                0x000000000800e374       0x10 c:/st/stm32cubeide_1.10.1/stm32cubeide/plugins/com.st.stm32cube.ide.mcu.externaltools.gnu-tools-for-stm32.10.3-2021.10.win32_1.0.200.202301161003/tools/bin/../lib/gcc/arm-none-eabi/10.3.1/../../../../arm-none-eabi/lib/thumb/v7e-m+dp/hard\libstdc++_nano.a(eh_terminate.o)
                0x000000000800e374                std::get_terminate()
 .text._ZSt9terminatev
                0x000000000800e384        0xa c:/st/stm32cubeide_1.10.1/stm32cubeide/plugins/com.st.stm32cube.ide.mcu.externaltools.gnu-tools-for-stm32.10.3-2021.10.win32_1.0.200.202301161003/tools/bin/../lib/gcc/arm-none-eabi/10.3.1/../../../../arm-none-eabi/lib/thumb/v7e-m+dp/hard\libstdc++_nano.a(eh_terminate.o)
                0x000000000800e384                std::terminate()
 .text.abort    0x000000000800e38e        0xe c:/st/stm32cubeide_1.10.1/stm32cubeide/plugins/com.st.stm32cube.ide.mcu.externaltools.gnu-tools-for-stm32.10.3-2021.10.win32_1.0.200.202301161003/tools/bin/../lib/gcc/arm-none-eabi/10.3.1/../../../../arm-none-eabi/lib/thumb/v7e-m+dp/hard\libc_nano.a(lib_a-abort.o)
                0x000000000800e38e                abort
 .text.__errno  0x000000000800e39c        0xc c:/st/stm32cubeide_1.10.1/stm32cubeide/plugins/com.st.stm32cube.ide.mcu.externaltools.gnu-tools-for-stm32.10.3-2021.10.win32_1.0.200.202301161003/tools/bin/../lib/gcc/arm-none-eabi/10.3.1/../../../../arm-none-eabi/lib/thumb/v7e-m+dp/hard\libc_nano.a(lib_a-errno.o)
                0x000000000800e39c                __errno
 .text.__libc_init_array
                0x000000000800e3a8       0x48 c:/st/stm32cubeide_1.10.1/stm32cubeide/plugins/com.st.stm32cube.ide.mcu.externaltools.gnu-tools-for-stm32.10.3-2021.10.win32_1.0.200.202301161003/tools/bin/../lib/gcc/arm-none-eabi/10.3.1/../../../../arm-none-eabi/lib/thumb/v7e-m+dp/hard\libc_nano.a(lib_a-init.o)
                0x000000000800e3a8                __libc_init_array
 .text.memcpy   0x000000000800e3f0       0x1c c:/st/stm32cubeide_1.10.1/stm32cubeide/plugins/com.st.stm32cube.ide.mcu.externaltools.gnu-tools-for-stm32.10.3-2021.10.win32_1.0.200.202301161003/tools/bin/../lib/gcc/arm-none-eabi/10.3.1/../../../../arm-none-eabi/lib/thumb/v7e-m+dp/hard\libc_nano.a(lib_a-memcpy-stub.o)
                0x000000000800e3f0                memcpy
 .text.memset   0x000000000800e40c       0x10 c:/st/stm32cubeide_1.10.1/stm32cubeide/plugins/com.st.stm32cube.ide.mcu.externaltools.gnu-tools-for-stm32.10.3-2021.10.win32_1.0.200.202301161003/tools/bin/../lib/gcc/arm-none-eabi/10.3.1/../../../../arm-none-eabi/lib/thumb/v7e-m+dp/hard\libc_nano.a(lib_a-memset.o)
                0x000000000800e40c                memset
 .text.realloc  0x000000000800e41c       0x10 c:/st/stm32cubeide_1.10.1/stm32cubeide/plugins/com.st.stm32cube.ide.mcu.externaltools.gnu-tools-for-stm32.10.3-2021.10.win32_1.0.200.202301161003/tools/bin/../lib/gcc/arm-none-eabi/10.3.1/../../../../arm-none-eabi/lib/thumb/v7e-m+dp/hard\libc_nano.a(lib_a-realloc.o)
                0x000000000800e41c                realloc
 .text._raise_r
                0x000000000800e42c       0x50 c:/st/stm32cubeide_1.10.1/stm32cubeide/plugins/com.st.stm32cube.ide.mcu.externaltools.gnu-tools-for-stm32.10.3-2021.10.win32_1.0.200.202301161003/tools/bin/../lib/gcc/arm-none-eabi/10.3.1/../../../../arm-none-eabi/lib/thumb/v7e-m+dp/hard\libc_nano.a(lib_a-signal.o)
                0x000000000800e42c                _raise_r
 .text.raise    0x000000000800e47c       0x10 c:/st/stm32cubeide_1.10.1/stm32cubeide/plugins/com.st.stm32cube.ide.mcu.externaltools.gnu-tools-for-stm32.10.3-2021.10.win32_1.0.200.202301161003/tools/bin/../lib/gcc/arm-none-eabi/10.3.1/../../../../arm-none-eabi/lib/thumb/v7e-m+dp/hard\libc_nano.a(lib_a-signal.o)
                0x000000000800e47c                raise
 .text._kill_r  0x000000000800e48c       0x24 c:/st/stm32cubeide_1.10.1/stm32cubeide/plugins/com.st.stm32cube.ide.mcu.externaltools.gnu-tools-for-stm32.10.3-2021.10.win32_1.0.200.202301161003/tools/bin/../lib/gcc/arm-none-eabi/10.3.1/../../../../arm-none-eabi/lib/thumb/v7e-m+dp/hard\libc_nano.a(lib_a-signalr.o)
                0x000000000800e48c                _kill_r
 .text._getpid_r
                0x000000000800e4b0        0x4 c:/st/stm32cubeide_1.10.1/stm32cubeide/plugins/com.st.stm32cube.ide.mcu.externaltools.gnu-tools-for-stm32.10.3-2021.10.win32_1.0.200.202301161003/tools/bin/../lib/gcc/arm-none-eabi/10.3.1/../../../../arm-none-eabi/lib/thumb/v7e-m+dp/hard\libc_nano.a(lib_a-signalr.o)
                0x000000000800e4b0                _getpid_r
 .text.sbrk_aligned
                0x000000000800e4b4       0x40 c:/st/stm32cubeide_1.10.1/stm32cubeide/plugins/com.st.stm32cube.ide.mcu.externaltools.gnu-tools-for-stm32.10.3-2021.10.win32_1.0.200.202301161003/tools/bin/../lib/gcc/arm-none-eabi/10.3.1/../../../../arm-none-eabi/lib/thumb/v7e-m+dp/hard\libc_nano.a(lib_a-nano-mallocr.o)
 .text._malloc_r
                0x000000000800e4f4       0xe8 c:/st/stm32cubeide_1.10.1/stm32cubeide/plugins/com.st.stm32cube.ide.mcu.externaltools.gnu-tools-for-stm32.10.3-2021.10.win32_1.0.200.202301161003/tools/bin/../lib/gcc/arm-none-eabi/10.3.1/../../../../arm-none-eabi/lib/thumb/v7e-m+dp/hard\libc_nano.a(lib_a-nano-mallocr.o)
                0x000000000800e4f4                _malloc_r
 .text._realloc_r
                0x000000000800e5dc       0x5e c:/st/stm32cubeide_1.10.1/stm32cubeide/plugins/com.st.stm32cube.ide.mcu.externaltools.gnu-tools-for-stm32.10.3-2021.10.win32_1.0.200.202301161003/tools/bin/../lib/gcc/arm-none-eabi/10.3.1/../../../../arm-none-eabi/lib/thumb/v7e-m+dp/hard\libc_nano.a(lib_a-nano-reallocr.o)
                0x000000000800e5dc                _realloc_r
 *fill*         0x000000000800e63a        0x2 
 .text._sbrk_r  0x000000000800e63c       0x20 c:/st/stm32cubeide_1.10.1/stm32cubeide/plugins/com.st.stm32cube.ide.mcu.externaltools.gnu-tools-for-stm32.10.3-2021.10.win32_1.0.200.202301161003/tools/bin/../lib/gcc/arm-none-eabi/10.3.1/../../../../arm-none-eabi/lib/thumb/v7e-m+dp/hard\libc_nano.a(lib_a-sbrkr.o)
                0x000000000800e63c                _sbrk_r
 .text.__malloc_lock
                0x000000000800e65c        0xc c:/st/stm32cubeide_1.10.1/stm32cubeide/plugins/com.st.stm32cube.ide.mcu.externaltools.gnu-tools-for-stm32.10.3-2021.10.win32_1.0.200.202301161003/tools/bin/../lib/gcc/arm-none-eabi/10.3.1/../../../../arm-none-eabi/lib/thumb/v7e-m+dp/hard\libc_nano.a(lib_a-mlock.o)
                0x000000000800e65c                __malloc_lock
 .text.__malloc_unlock
                0x000000000800e668        0xc c:/st/stm32cubeide_1.10.1/stm32cubeide/plugins/com.st.stm32cube.ide.mcu.externaltools.gnu-tools-for-stm32.10.3-2021.10.win32_1.0.200.202301161003/tools/bin/../lib/gcc/arm-none-eabi/10.3.1/../../../../arm-none-eabi/lib/thumb/v7e-m+dp/hard\libc_nano.a(lib_a-mlock.o)
                0x000000000800e668                __malloc_unlock
 .text._free_r  0x000000000800e674       0x98 c:/st/stm32cubeide_1.10.1/stm32cubeide/plugins/com.st.stm32cube.ide.mcu.externaltools.gnu-tools-for-stm32.10.3-2021.10.win32_1.0.200.202301161003/tools/bin/../lib/gcc/arm-none-eabi/10.3.1/../../../../arm-none-eabi/lib/thumb/v7e-m+dp/hard\libc_nano.a(lib_a-nano-freer.o)
                0x000000000800e674                _free_r
 .text._malloc_usable_size_r
                0x000000000800e70c       0x10 c:/st/stm32cubeide_1.10.1/stm32cubeide/plugins/com.st.stm32cube.ide.mcu.externaltools.gnu-tools-for-stm32.10.3-2021.10.win32_1.0.200.202301161003/tools/bin/../lib/gcc/arm-none-eabi/10.3.1/../../../../arm-none-eabi/lib/thumb/v7e-m+dp/hard\libc_nano.a(lib_a-nano-msizer.o)
                0x000000000800e70c                _malloc_usable_size_r
 .text.__retarget_lock_acquire_recursive
                0x000000000800e71c        0x2 c:/st/stm32cubeide_1.10.1/stm32cubeide/plugins/com.st.stm32cube.ide.mcu.externaltools.gnu-tools-for-stm32.10.3-2021.10.win32_1.0.200.202301161003/tools/bin/../lib/gcc/arm-none-eabi/10.3.1/../../../../arm-none-eabi/lib/thumb/v7e-m+dp/hard\libc_nano.a(lib_a-lock.o)
                0x000000000800e71c                __retarget_lock_acquire_recursive
 .text.__retarget_lock_release_recursive
                0x000000000800e71e        0x2 c:/st/stm32cubeide_1.10.1/stm32cubeide/plugins/com.st.stm32cube.ide.mcu.externaltools.gnu-tools-for-stm32.10.3-2021.10.win32_1.0.200.202301161003/tools/bin/../lib/gcc/arm-none-eabi/10.3.1/../../../../arm-none-eabi/lib/thumb/v7e-m+dp/hard\libc_nano.a(lib_a-lock.o)
                0x000000000800e71e                __retarget_lock_release_recursive
 *(.glue_7)
 .glue_7        0x000000000800e720        0x0 linker stubs
 *(.glue_7t)
 .glue_7t       0x000000000800e720        0x0 linker stubs
 *(.eh_frame)
 .eh_frame      0x000000000800e720        0x0 c:/st/stm32cubeide_1.10.1/stm32cubeide/plugins/com.st.stm32cube.ide.mcu.externaltools.gnu-tools-for-stm32.10.3-2021.10.win32_1.0.200.202301161003/tools/bin/../lib/gcc/arm-none-eabi/10.3.1/thumb/v7e-m+dp/hard/crtbegin.o
 *(.init)
 .init          0x000000000800e720        0x4 c:/st/stm32cubeide_1.10.1/stm32cubeide/plugins/com.st.stm32cube.ide.mcu.externaltools.gnu-tools-for-stm32.10.3-2021.10.win32_1.0.200.202301161003/tools/bin/../lib/gcc/arm-none-eabi/10.3.1/thumb/v7e-m+dp/hard/crti.o
                0x000000000800e720                _init
 .init          0x000000000800e724        0x8 c:/st/stm32cubeide_1.10.1/stm32cubeide/plugins/com.st.stm32cube.ide.mcu.externaltools.gnu-tools-for-stm32.10.3-2021.10.win32_1.0.200.202301161003/tools/bin/../lib/gcc/arm-none-eabi/10.3.1/thumb/v7e-m+dp/hard/crtn.o
 *(.fini)
 .fini          0x000000000800e72c        0x4 c:/st/stm32cubeide_1.10.1/stm32cubeide/plugins/com.st.stm32cube.ide.mcu.externaltools.gnu-tools-for-stm32.10.3-2021.10.win32_1.0.200.202301161003/tools/bin/../lib/gcc/arm-none-eabi/10.3.1/thumb/v7e-m+dp/hard/crti.o
                0x000000000800e72c                _fini
 .fini          0x000000000800e730        0x8 c:/st/stm32cubeide_1.10.1/stm32cubeide/plugins/com.st.stm32cube.ide.mcu.externaltools.gnu-tools-for-stm32.10.3-2021.10.win32_1.0.200.202301161003/tools/bin/../lib/gcc/arm-none-eabi/10.3.1/thumb/v7e-m+dp/hard/crtn.o
                0x000000000800e738                . = ALIGN (0x4)
                0x000000000800e738                _etext = .

.vfp11_veneer   0x000000000800e738        0x0
 .vfp11_veneer  0x000000000800e738        0x0 linker stubs

.v4_bx          0x000000000800e738        0x0
 .v4_bx         0x000000000800e738        0x0 linker stubs

.iplt           0x000000000800e738        0x0
 .iplt          0x000000000800e738        0x0 c:/st/stm32cubeide_1.10.1/stm32cubeide/plugins/com.st.stm32cube.ide.mcu.externaltools.gnu-tools-for-stm32.10.3-2021.10.win32_1.0.200.202301161003/tools/bin/../lib/gcc/arm-none-eabi/10.3.1/thumb/v7e-m+dp/hard/crtbegin.o

.rodata         0x000000000800e738      0x300
                0x000000000800e738                . = ALIGN (0x4)
 *(.rodata)
 .rodata        0x000000000800e738      0x1a2 ./Core/Src/mainpp.o
 *(.rodata*)
 *fill*         0x000000000800e8da        0x2 
 .rodata._ZN14rosserial_msgsL12REQUESTPARAME
                0x000000000800e8dc       0x1c ./Core/Src/mainpp.o
 .rodata._ZTVN3ros10SubscriberIN13geometry_msgs5TwistEvEE
                0x000000000800e8f8       0x18 ./Core/Src/mainpp.o
                0x000000000800e8f8                vtable for ros::Subscriber<geometry_msgs::Twist, void>
 .rodata._ZTVN3ros11NodeHandle_I13STM32HardwareLi25ELi25ELi512ELi512EEE
                0x000000000800e910       0x14 ./Core/Src/mainpp.o
                0x000000000800e910                vtable for ros::NodeHandle_<STM32Hardware, 25, 25, 512, 512>
 .rodata._ZTVN13geometry_msgs5TwistE
                0x000000000800e924       0x18 ./Core/Src/mainpp.o
                0x000000000800e924                vtable for geometry_msgs::Twist
 .rodata._ZTVN13geometry_msgs7Vector3E
                0x000000000800e93c       0x18 ./Core/Src/mainpp.o
                0x000000000800e93c                vtable for geometry_msgs::Vector3
 .rodata._ZTVN3ros11Subscriber_E
                0x000000000800e954       0x18 ./Core/Src/mainpp.o
                0x000000000800e954                vtable for ros::Subscriber_
 .rodata._ZTVN3ros15NodeHandleBase_E
                0x000000000800e96c       0x14 ./Core/Src/mainpp.o
                0x000000000800e96c                vtable for ros::NodeHandleBase_
 .rodata._ZTVN14rosserial_msgs20RequestParamResponseE
                0x000000000800e980       0x18 ./Core/Src/mainpp.o
                0x000000000800e980                vtable for rosserial_msgs::RequestParamResponse
 .rodata._ZTVN14rosserial_msgs3LogE
                0x000000000800e998       0x18 ./Core/Src/mainpp.o
                0x000000000800e998                vtable for rosserial_msgs::Log
 .rodata._ZTVN14rosserial_msgs9TopicInfoE
                0x000000000800e9b0       0x18 ./Core/Src/mainpp.o
                0x000000000800e9b0                vtable for rosserial_msgs::TopicInfo
 .rodata._ZTVN8std_msgs4TimeE
                0x000000000800e9c8       0x18 ./Core/Src/mainpp.o
                0x000000000800e9c8                vtable for std_msgs::Time
 .rodata._ZTVN3ros3MsgE
                0x000000000800e9e0       0x18 ./Core/Src/mainpp.o
                0x000000000800e9e0                vtable for ros::Msg
 .rodata.D1CorePrescTable
                0x000000000800e9f8       0x10 ./Core/Src/system_stm32h7xx.o
                0x000000000800e9f8                D1CorePrescTable
 .rodata.flagBitshiftOffset.0
                0x000000000800ea08        0x8 ./Drivers/STM32H7xx_HAL_Driver/Src/stm32h7xx_hal_dma.o
 .rodata.UARTPrescTable
                0x000000000800ea10       0x18 ./Drivers/STM32H7xx_HAL_Driver/Src/stm32h7xx_hal_uart.o
                0x000000000800ea10                UARTPrescTable
 .rodata.numerator.1
                0x000000000800ea28        0x8 ./Drivers/STM32H7xx_HAL_Driver/Src/stm32h7xx_hal_uart_ex.o
 .rodata.denominator.0
                0x000000000800ea30        0x8 ./Drivers/STM32H7xx_HAL_Driver/Src/stm32h7xx_hal_uart_ex.o
                0x000000000800ea38                . = ALIGN (0x4)

.ARM.extab
 *(.ARM.extab* .gnu.linkonce.armextab.*)

.ARM            0x000000000800ea38        0x8
                0x000000000800ea38                __exidx_start = .
 *(.ARM.exidx*)
 .ARM.exidx     0x000000000800ea38        0x8 c:/st/stm32cubeide_1.10.1/stm32cubeide/plugins/com.st.stm32cube.ide.mcu.externaltools.gnu-tools-for-stm32.10.3-2021.10.win32_1.0.200.202301161003/tools/bin/../lib/gcc/arm-none-eabi/10.3.1/thumb/v7e-m+dp/hard\libgcc.a(_udivmoddi4.o)
                0x000000000800ea40                __exidx_end = .

.rel.dyn        0x000000000800ea40        0x0
 .rel.iplt      0x000000000800ea40        0x0 c:/st/stm32cubeide_1.10.1/stm32cubeide/plugins/com.st.stm32cube.ide.mcu.externaltools.gnu-tools-for-stm32.10.3-2021.10.win32_1.0.200.202301161003/tools/bin/../lib/gcc/arm-none-eabi/10.3.1/thumb/v7e-m+dp/hard/crtbegin.o

.preinit_array  0x000000000800ea40        0x0
                0x000000000800ea40                PROVIDE (__preinit_array_start = .)
 *(.preinit_array*)
                0x000000000800ea40                PROVIDE (__preinit_array_end = .)

.init_array     0x000000000800ea40        0x8
                0x000000000800ea40                PROVIDE (__init_array_start = .)
 *(SORT_BY_NAME(.init_array.*))
 *(.init_array*)
 .init_array    0x000000000800ea40        0x4 c:/st/stm32cubeide_1.10.1/stm32cubeide/plugins/com.st.stm32cube.ide.mcu.externaltools.gnu-tools-for-stm32.10.3-2021.10.win32_1.0.200.202301161003/tools/bin/../lib/gcc/arm-none-eabi/10.3.1/thumb/v7e-m+dp/hard/crtbegin.o
 .init_array    0x000000000800ea44        0x4 ./Core/Src/mainpp.o
                0x000000000800ea48                PROVIDE (__init_array_end = .)

.fini_array     0x000000000800ea48        0x4
                [!provide]                        PROVIDE (__fini_array_start = .)
 *(SORT_BY_NAME(.fini_array.*))
 *(.fini_array*)
 .fini_array    0x000000000800ea48        0x4 c:/st/stm32cubeide_1.10.1/stm32cubeide/plugins/com.st.stm32cube.ide.mcu.externaltools.gnu-tools-for-stm32.10.3-2021.10.win32_1.0.200.202301161003/tools/bin/../lib/gcc/arm-none-eabi/10.3.1/thumb/v7e-m+dp/hard/crtbegin.o
                [!provide]                        PROVIDE (__fini_array_end = .)
                0x000000000800ea4c                _sidata = LOADADDR (.data)

.data           0x0000000024000000       0x88 load address 0x000000000800ea4c
                0x0000000024000000                . = ALIGN (0x4)
                0x0000000024000000                _sdata = .
 *(.data)
 *(.data*)
 .data.cmnMF    0x0000000024000000        0x8 ./Core/Src/main.o
                0x0000000024000000                cmnMF
 .data.cmnspeed
                0x0000000024000008        0x8 ./Core/Src/main.o
                0x0000000024000008                cmnspeed
 .data.SystemCoreClock
                0x0000000024000010        0x4 ./Core/Src/system_stm32h7xx.o
                0x0000000024000010                SystemCoreClock
 .data.SystemD2Clock
                0x0000000024000014        0x4 ./Core/Src/system_stm32h7xx.o
                0x0000000024000014                SystemD2Clock
 .data.uwTickPrio
                0x0000000024000018        0x4 ./Drivers/STM32H7xx_HAL_Driver/Src/stm32h7xx_hal.o
                0x0000000024000018                uwTickPrio
 .data.uwTickFreq
                0x000000002400001c        0x1 ./Drivers/STM32H7xx_HAL_Driver/Src/stm32h7xx_hal.o
                0x000000002400001c                uwTickFreq
 *fill*         0x000000002400001d        0x3 
 .data._ZN10__cxxabiv119__terminate_handlerE
                0x0000000024000020        0x4 c:/st/stm32cubeide_1.10.1/stm32cubeide/plugins/com.st.stm32cube.ide.mcu.externaltools.gnu-tools-for-stm32.10.3-2021.10.win32_1.0.200.202301161003/tools/bin/../lib/gcc/arm-none-eabi/10.3.1/../../../../arm-none-eabi/lib/thumb/v7e-m+dp/hard\libstdc++_nano.a(eh_term_handler.o)
                0x0000000024000020                __cxxabiv1::__terminate_handler
 .data._impure_ptr
                0x0000000024000024        0x4 c:/st/stm32cubeide_1.10.1/stm32cubeide/plugins/com.st.stm32cube.ide.mcu.externaltools.gnu-tools-for-stm32.10.3-2021.10.win32_1.0.200.202301161003/tools/bin/../lib/gcc/arm-none-eabi/10.3.1/../../../../arm-none-eabi/lib/thumb/v7e-m+dp/hard\libc_nano.a(lib_a-impure.o)
                0x0000000024000024                _impure_ptr
 .data.impure_data
                0x0000000024000028       0x60 c:/st/stm32cubeide_1.10.1/stm32cubeide/plugins/com.st.stm32cube.ide.mcu.externaltools.gnu-tools-for-stm32.10.3-2021.10.win32_1.0.200.202301161003/tools/bin/../lib/gcc/arm-none-eabi/10.3.1/../../../../arm-none-eabi/lib/thumb/v7e-m+dp/hard\libc_nano.a(lib_a-impure.o)
 *(.RamFunc)
 *(.RamFunc*)
                0x0000000024000088                . = ALIGN (0x4)
                0x0000000024000088                _edata = .

.igot.plt       0x0000000024000088        0x0 load address 0x000000000800ead4
 .igot.plt      0x0000000024000088        0x0 c:/st/stm32cubeide_1.10.1/stm32cubeide/plugins/com.st.stm32cube.ide.mcu.externaltools.gnu-tools-for-stm32.10.3-2021.10.win32_1.0.200.202301161003/tools/bin/../lib/gcc/arm-none-eabi/10.3.1/thumb/v7e-m+dp/hard/crtbegin.o
                0x0000000024000088                . = ALIGN (0x4)

.bss            0x0000000024000088      0xe78 load address 0x000000000800ead4
                0x0000000024000088                _sbss = .
                0x0000000024000088                __bss_start__ = _sbss
 *(.bss)
 .bss           0x0000000024000088       0x1c c:/st/stm32cubeide_1.10.1/stm32cubeide/plugins/com.st.stm32cube.ide.mcu.externaltools.gnu-tools-for-stm32.10.3-2021.10.win32_1.0.200.202301161003/tools/bin/../lib/gcc/arm-none-eabi/10.3.1/thumb/v7e-m+dp/hard/crtbegin.o
 *(.bss*)
 .bss.htim1     0x00000000240000a4       0x4c ./Core/Src/main.o
                0x00000000240000a4                htim1
 .bss.htim2     0x00000000240000f0       0x4c ./Core/Src/main.o
                0x00000000240000f0                htim2
 .bss.htim3     0x000000002400013c       0x4c ./Core/Src/main.o
                0x000000002400013c                htim3
 .bss.htim4     0x0000000024000188       0x4c ./Core/Src/main.o
                0x0000000024000188                htim4
 .bss.htim5     0x00000000240001d4       0x4c ./Core/Src/main.o
                0x00000000240001d4                htim5
 .bss.htim8     0x0000000024000220       0x4c ./Core/Src/main.o
                0x0000000024000220                htim8
 .bss.htim23    0x000000002400026c       0x4c ./Core/Src/main.o
                0x000000002400026c                htim23
 .bss.huart3    0x00000000240002b8       0x94 ./Core/Src/main.o
                0x00000000240002b8                huart3
 .bss.hdma_usart3_rx
                0x000000002400034c       0x78 ./Core/Src/main.o
                0x000000002400034c                hdma_usart3_rx
 .bss.hdma_usart3_tx
                0x00000000240003c4       0x78 ./Core/Src/main.o
                0x00000000240003c4                hdma_usart3_tx
 *fill*         0x000000002400043c        0x4 
 .bss.MF        0x0000000024000440        0x8 ./Core/Src/main.o
                0x0000000024000440                MF
 .bss.MR        0x0000000024000448        0x8 ./Core/Src/main.o
                0x0000000024000448                MR
 .bss.ML        0x0000000024000450        0x8 ./Core/Src/main.o
                0x0000000024000450                ML
 .bss.enc_MF    0x0000000024000458        0x2 ./Core/Src/main.o
                0x0000000024000458                enc_MF
 .bss.enc_MR    0x000000002400045a        0x2 ./Core/Src/main.o
                0x000000002400045a                enc_MR
 .bss.enc_ML    0x000000002400045c        0x2 ./Core/Src/main.o
                0x000000002400045c                enc_ML
 *fill*         0x000000002400045e        0x2 
 .bss.rMF       0x0000000024000460        0x8 ./Core/Src/main.o
                0x0000000024000460                rMF
 .bss.rMR       0x0000000024000468        0x8 ./Core/Src/main.o
                0x0000000024000468                rMR
 .bss.rML       0x0000000024000470        0x8 ./Core/Src/main.o
                0x0000000024000470                rML
 .bss.inte_MF   0x0000000024000478        0x8 ./Core/Src/main.o
                0x0000000024000478                inte_MF
 .bss.inte_MR   0x0000000024000480        0x8 ./Core/Src/main.o
                0x0000000024000480                inte_MR
 .bss.inte_ML   0x0000000024000488        0x8 ./Core/Src/main.o
                0x0000000024000488                inte_ML
 .bss.WF        0x0000000024000490        0x8 ./Core/Src/main.o
                0x0000000024000490                WF
 .bss.WR        0x0000000024000498        0x8 ./Core/Src/main.o
                0x0000000024000498                WR
 .bss.WL        0x00000000240004a0        0x8 ./Core/Src/main.o
                0x00000000240004a0                WL
 .bss.into_tim3
                0x00000000240004a8        0x4 ./Core/Src/main.o
                0x00000000240004a8                into_tim3
 .bss.into_tim5
                0x00000000240004ac        0x4 ./Core/Src/main.o
                0x00000000240004ac                into_tim5
 .bss.into_PID  0x00000000240004b0        0x4 ./Core/Src/main.o
                0x00000000240004b0                into_PID
 .bss.pulse_MF  0x00000000240004b4        0x4 ./Core/Src/main.o
                0x00000000240004b4                pulse_MF
 .bss.pulse_ML  0x00000000240004b8        0x4 ./Core/Src/main.o
                0x00000000240004b8                pulse_ML
 .bss.pulse_MR  0x00000000240004bc        0x4 ./Core/Src/main.o
                0x00000000240004bc                pulse_MR
 .bss.u_MF      0x00000000240004c0        0x4 ./Core/Src/main.o
                0x00000000240004c0                u_MF
 .bss._ZZN13STM32Hardware5flushEvE5mutex
                0x00000000240004c4        0x1 ./Core/Src/mainpp.o
                0x00000000240004c4                STM32Hardware::flush()::mutex
 *fill*         0x00000000240004c5        0x3 
 .bss.Vx        0x00000000240004c8        0x8 ./Core/Src/mainpp.o
                0x00000000240004c8                Vx
 .bss.Vy        0x00000000240004d0        0x8 ./Core/Src/mainpp.o
                0x00000000240004d0                Vy
 .bss.W         0x00000000240004d8        0x8 ./Core/Src/mainpp.o
                0x00000000240004d8                W
 .bss.rVx       0x00000000240004e0        0x4 ./Core/Src/mainpp.o
                0x00000000240004e0                rVx
 .bss.rVy       0x00000000240004e4        0x4 ./Core/Src/mainpp.o
                0x00000000240004e4                rVy
 .bss.rW        0x00000000240004e8        0x4 ./Core/Src/mainpp.o
                0x00000000240004e8                rW
 .bss.nh        0x00000000240004ec      0x93c ./Core/Src/mainpp.o
                0x00000000240004ec                nh
 .bss.sub       0x0000000024000e28       0x60 ./Core/Src/mainpp.o
                0x0000000024000e28                sub
 .bss.speed     0x0000000024000e88       0x48 ./Core/Src/mainpp.o
                0x0000000024000e88                speed
 .bss.pub       0x0000000024000ed0       0x14 ./Core/Src/mainpp.o
                0x0000000024000ed0                pub
 .bss._ZZ9realspeedE4flag
                0x0000000024000ee4        0x1 ./Core/Src/mainpp.o
 *fill*         0x0000000024000ee5        0x3 
 .bss.__sbrk_heap_end
                0x0000000024000ee8        0x4 ./Core/Src/sysmem.o
 .bss.uwTick    0x0000000024000eec        0x4 ./Drivers/STM32H7xx_HAL_Driver/Src/stm32h7xx_hal.o
                0x0000000024000eec                uwTick
 .bss.__malloc_free_list
                0x0000000024000ef0        0x4 c:/st/stm32cubeide_1.10.1/stm32cubeide/plugins/com.st.stm32cube.ide.mcu.externaltools.gnu-tools-for-stm32.10.3-2021.10.win32_1.0.200.202301161003/tools/bin/../lib/gcc/arm-none-eabi/10.3.1/../../../../arm-none-eabi/lib/thumb/v7e-m+dp/hard\libc_nano.a(lib_a-nano-mallocr.o)
                0x0000000024000ef0                __malloc_free_list
 .bss.__malloc_sbrk_start
                0x0000000024000ef4        0x4 c:/st/stm32cubeide_1.10.1/stm32cubeide/plugins/com.st.stm32cube.ide.mcu.externaltools.gnu-tools-for-stm32.10.3-2021.10.win32_1.0.200.202301161003/tools/bin/../lib/gcc/arm-none-eabi/10.3.1/../../../../arm-none-eabi/lib/thumb/v7e-m+dp/hard\libc_nano.a(lib_a-nano-mallocr.o)
                0x0000000024000ef4                __malloc_sbrk_start
 .bss.errno     0x0000000024000ef8        0x4 c:/st/stm32cubeide_1.10.1/stm32cubeide/plugins/com.st.stm32cube.ide.mcu.externaltools.gnu-tools-for-stm32.10.3-2021.10.win32_1.0.200.202301161003/tools/bin/../lib/gcc/arm-none-eabi/10.3.1/../../../../arm-none-eabi/lib/thumb/v7e-m+dp/hard\libc_nano.a(lib_a-reent.o)
                0x0000000024000ef8                errno
 .bss.__lock___malloc_recursive_mutex
                0x0000000024000efc        0x1 c:/st/stm32cubeide_1.10.1/stm32cubeide/plugins/com.st.stm32cube.ide.mcu.externaltools.gnu-tools-for-stm32.10.3-2021.10.win32_1.0.200.202301161003/tools/bin/../lib/gcc/arm-none-eabi/10.3.1/../../../../arm-none-eabi/lib/thumb/v7e-m+dp/hard\libc_nano.a(lib_a-lock.o)
                0x0000000024000efc                __lock___malloc_recursive_mutex
 *(COMMON)
                0x0000000024000f00                . = ALIGN (0x4)
 *fill*         0x0000000024000efd        0x3 
                0x0000000024000f00                _ebss = .
                0x0000000024000f00                __bss_end__ = _ebss

._user_heap_stack
                0x0000000024000f00      0x600 load address 0x000000000800ead4
                0x0000000024000f00                . = ALIGN (0x8)
                [!provide]                        PROVIDE (end = .)
                0x0000000024000f00                PROVIDE (_end = .)
                0x0000000024001100                . = (. + _Min_Heap_Size)
 *fill*         0x0000000024000f00      0x200 
                0x0000000024001500                . = (. + _Min_Stack_Size)
 *fill*         0x0000000024001100      0x400 
                0x0000000024001500                . = ALIGN (0x8)

/DISCARD/
 libc.a(*)
 libm.a(*)
 libgcc.a(*)

.ARM.attributes
                0x0000000000000000       0x2e
 *(.ARM.attributes)
 .ARM.attributes
                0x0000000000000000       0x1e c:/st/stm32cubeide_1.10.1/stm32cubeide/plugins/com.st.stm32cube.ide.mcu.externaltools.gnu-tools-for-stm32.10.3-2021.10.win32_1.0.200.202301161003/tools/bin/../lib/gcc/arm-none-eabi/10.3.1/thumb/v7e-m+dp/hard/crti.o
 .ARM.attributes
                0x000000000000001e       0x32 c:/st/stm32cubeide_1.10.1/stm32cubeide/plugins/com.st.stm32cube.ide.mcu.externaltools.gnu-tools-for-stm32.10.3-2021.10.win32_1.0.200.202301161003/tools/bin/../lib/gcc/arm-none-eabi/10.3.1/thumb/v7e-m+dp/hard/crtbegin.o
 .ARM.attributes
                0x0000000000000050       0x32 ./Core/Inc/time.o
 .ARM.attributes
                0x0000000000000082       0x32 ./Core/Src/main.o
 .ARM.attributes
                0x00000000000000b4       0x32 ./Core/Src/mainpp.o
 .ARM.attributes
                0x00000000000000e6       0x32 ./Core/Src/stm32h7xx_hal_msp.o
 .ARM.attributes
                0x0000000000000118       0x32 ./Core/Src/stm32h7xx_it.o
 .ARM.attributes
                0x000000000000014a       0x32 ./Core/Src/syscalls.o
 .ARM.attributes
                0x000000000000017c       0x32 ./Core/Src/sysmem.o
 .ARM.attributes
                0x00000000000001ae       0x32 ./Core/Src/system_stm32h7xx.o
 .ARM.attributes
                0x00000000000001e0       0x21 ./Core/Startup/startup_stm32h723zgtx.o
 .ARM.attributes
                0x0000000000000201       0x32 ./Drivers/STM32H7xx_HAL_Driver/Src/stm32h7xx_hal.o
 .ARM.attributes
                0x0000000000000233       0x32 ./Drivers/STM32H7xx_HAL_Driver/Src/stm32h7xx_hal_cortex.o
 .ARM.attributes
                0x0000000000000265       0x32 ./Drivers/STM32H7xx_HAL_Driver/Src/stm32h7xx_hal_dma.o
 .ARM.attributes
                0x0000000000000297       0x32 ./Drivers/STM32H7xx_HAL_Driver/Src/stm32h7xx_hal_gpio.o
 .ARM.attributes
                0x00000000000002c9       0x32 ./Drivers/STM32H7xx_HAL_Driver/Src/stm32h7xx_hal_pwr_ex.o
 .ARM.attributes
                0x00000000000002fb       0x32 ./Drivers/STM32H7xx_HAL_Driver/Src/stm32h7xx_hal_rcc.o
 .ARM.attributes
                0x000000000000032d       0x32 ./Drivers/STM32H7xx_HAL_Driver/Src/stm32h7xx_hal_rcc_ex.o
 .ARM.attributes
                0x000000000000035f       0x32 ./Drivers/STM32H7xx_HAL_Driver/Src/stm32h7xx_hal_tim.o
 .ARM.attributes
                0x0000000000000391       0x32 ./Drivers/STM32H7xx_HAL_Driver/Src/stm32h7xx_hal_tim_ex.o
 .ARM.attributes
                0x00000000000003c3       0x32 ./Drivers/STM32H7xx_HAL_Driver/Src/stm32h7xx_hal_uart.o
 .ARM.attributes
                0x00000000000003f5       0x32 ./Drivers/STM32H7xx_HAL_Driver/Src/stm32h7xx_hal_uart_ex.o
 .ARM.attributes
                0x0000000000000427       0x32 c:/st/stm32cubeide_1.10.1/stm32cubeide/plugins/com.st.stm32cube.ide.mcu.externaltools.gnu-tools-for-stm32.10.3-2021.10.win32_1.0.200.202301161003/tools/bin/../lib/gcc/arm-none-eabi/10.3.1/../../../../arm-none-eabi/lib/thumb/v7e-m+dp/hard\libstdc++_nano.a(pure.o)
 .ARM.attributes
                0x0000000000000459       0x32 c:/st/stm32cubeide_1.10.1/stm32cubeide/plugins/com.st.stm32cube.ide.mcu.externaltools.gnu-tools-for-stm32.10.3-2021.10.win32_1.0.200.202301161003/tools/bin/../lib/gcc/arm-none-eabi/10.3.1/../../../../arm-none-eabi/lib/thumb/v7e-m+dp/hard\libstdc++_nano.a(eh_terminate.o)
 .ARM.attributes
                0x000000000000048b       0x32 c:/st/stm32cubeide_1.10.1/stm32cubeide/plugins/com.st.stm32cube.ide.mcu.externaltools.gnu-tools-for-stm32.10.3-2021.10.win32_1.0.200.202301161003/tools/bin/../lib/gcc/arm-none-eabi/10.3.1/../../../../arm-none-eabi/lib/thumb/v7e-m+dp/hard\libstdc++_nano.a(eh_term_handler.o)
 .ARM.attributes
                0x00000000000004bd       0x32 c:/st/stm32cubeide_1.10.1/stm32cubeide/plugins/com.st.stm32cube.ide.mcu.externaltools.gnu-tools-for-stm32.10.3-2021.10.win32_1.0.200.202301161003/tools/bin/../lib/gcc/arm-none-eabi/10.3.1/../../../../arm-none-eabi/lib/thumb/v7e-m+dp/hard\libc_nano.a(lib_a-abort.o)
 .ARM.attributes
                0x00000000000004ef       0x32 c:/st/stm32cubeide_1.10.1/stm32cubeide/plugins/com.st.stm32cube.ide.mcu.externaltools.gnu-tools-for-stm32.10.3-2021.10.win32_1.0.200.202301161003/tools/bin/../lib/gcc/arm-none-eabi/10.3.1/../../../../arm-none-eabi/lib/thumb/v7e-m+dp/hard\libc_nano.a(lib_a-errno.o)
 .ARM.attributes
                0x0000000000000521       0x32 c:/st/stm32cubeide_1.10.1/stm32cubeide/plugins/com.st.stm32cube.ide.mcu.externaltools.gnu-tools-for-stm32.10.3-2021.10.win32_1.0.200.202301161003/tools/bin/../lib/gcc/arm-none-eabi/10.3.1/../../../../arm-none-eabi/lib/thumb/v7e-m+dp/hard\libc_nano.a(lib_a-impure.o)
 .ARM.attributes
                0x0000000000000553       0x32 c:/st/stm32cubeide_1.10.1/stm32cubeide/plugins/com.st.stm32cube.ide.mcu.externaltools.gnu-tools-for-stm32.10.3-2021.10.win32_1.0.200.202301161003/tools/bin/../lib/gcc/arm-none-eabi/10.3.1/../../../../arm-none-eabi/lib/thumb/v7e-m+dp/hard\libc_nano.a(lib_a-init.o)
 .ARM.attributes
                0x0000000000000585       0x32 c:/st/stm32cubeide_1.10.1/stm32cubeide/plugins/com.st.stm32cube.ide.mcu.externaltools.gnu-tools-for-stm32.10.3-2021.10.win32_1.0.200.202301161003/tools/bin/../lib/gcc/arm-none-eabi/10.3.1/../../../../arm-none-eabi/lib/thumb/v7e-m+dp/hard\libc_nano.a(lib_a-memcpy-stub.o)
 .ARM.attributes