../Core/Src/main.c:154:5:main	8	static
../Core/Src/main.c:216:6:SystemClock_Config	120	static
../Core/Src/main.c:276:13:MX_TIM1_Init	56	static
../Core/Src/main.c:327:13:MX_TIM2_Init	48	static
../Core/Src/main.c:380:13:MX_TIM3_Init	40	static
../Core/Src/main.c:425:13:MX_TIM4_Init	56	static
../Core/Src/main.c:474:13:MX_TIM8_Init	104	static
../Core/Src/main.c:544:13:MX_TIM23_Init	56	static
../Core/Src/main.c:593:13:MX_USART3_UART_Init	8	static
../Core/Src/main.c:639:13:MX_DMA_Init	16	static
../Core/Src/main.c:660:13:MX_GPIO_Init	56	static
../Core/Src/main.c:697:6:HAL_TIM_PeriodElapsedCallback	16	static
../Core/Src/main.c:709:6:inverse_kinematics_model	32	static
../Core/Src/main.c:727:6:Encoder	4	static
../Core/Src/main.c:743:6:PID_PWM	80	static
../Core/Src/main.c:813:6:kinematics_model	32	static
../Core/Src/main.c:833:6:Error_Handler	4	static,ignoring_inline_asm
