../Core/Src/main.c:159:5:main	8	static
../Core/Src/main.c:223:6:SystemClock_Config	120	static
../Core/Src/main.c:282:13:MX_TIM1_Init	56	static
../Core/Src/main.c:333:13:MX_TIM2_Init	48	static
../Core/Src/main.c:386:13:MX_TIM3_Init	40	static
../Core/Src/main.c:431:13:MX_TIM4_Init	56	static
../Core/Src/main.c:480:13:MX_TIM5_Init	40	static
../Core/Src/main.c:525:13:MX_TIM8_Init	104	static
../Core/Src/main.c:595:13:MX_TIM23_Init	56	static
../Core/Src/main.c:644:13:MX_USART3_UART_Init	8	static
../Core/Src/main.c:690:13:MX_DMA_Init	16	static
../Core/Src/main.c:711:13:MX_GPIO_Init	56	static
../Core/Src/main.c:752:6:HAL_TIM_PeriodElapsedCallback	16	static
../Core/Src/main.c:769:6:inverse_kinematics_model	4	static
../Core/Src/main.c:784:6:Encoder	4	static
../Core/Src/main.c:804:6:PID_PWM	64	static
../Core/Src/main.c:875:6:kinematics_model	32	static
../Core/Src/main.c:898:6:Error_Handler	4	static,ignoring_inline_asm
