../Core/Src/stm32h7xx_it.c:73:6:NMI_Handler	4	static
../Core/Src/stm32h7xx_it.c:88:6:HardFault_Handler	4	static
../Core/Src/stm32h7xx_it.c:103:6:MemManage_Handler	4	static
../Core/Src/stm32h7xx_it.c:118:6:BusFault_Handler	4	static
../Core/Src/stm32h7xx_it.c:133:6:UsageFault_Handler	4	static
../Core/Src/stm32h7xx_it.c:148:6:SVC_Handler	4	static
../Core/Src/stm32h7xx_it.c:161:6:DebugMon_Handler	4	static
../Core/Src/stm32h7xx_it.c:174:6:PendSV_Handler	4	static
../Core/Src/stm32h7xx_it.c:187:6:SysTick_Handler	8	static
../Core/Src/stm32h7xx_it.c:208:6:RCC_IRQHandler	4	static
../Core/Src/stm32h7xx_it.c:221:6:DMA1_Stream0_IRQHandler	8	static
../Core/Src/stm32h7xx_it.c:235:6:DMA1_Stream1_IRQHandler	8	static
../Core/Src/stm32h7xx_it.c:249:6:TIM3_IRQHandler	8	static
../Core/Src/stm32h7xx_it.c:263:6:USART3_IRQHandler	8	static
../Core/Src/stm32h7xx_it.c:277:6:TIM5_IRQHandler	8	static
